[23:57:09] Старт сбора (с историей за год), 2026-10-02 23:57 UTC, бюджет 22 мин
[23:57:09] Уборка истории: выкинуто 0 строк, осталось 25057
[23:57:09] Разрешаю 1 id через /coins/list
[23:57:09]   ADI -> adi-token
[23:57:23] CoinGecko: получено 42 из 42
[23:57:24] xStocks: нашлось токенов 36 из 38
[23:57:31]   лимит запросов, жду 20s
[23:57:51]   лимит запросов, жду 40s
[23:58:38] CoinGecko: получено 34 из 36
[23:58:38] Yahoo NVDA: HTTP Error 429: Too Many Requests
[23:58:39]   Stooq nvda.us ответил без данных: <!DOCTYPE html><html><head><meta charset="utf-8"><meta name="robots" content="noindex,nofollow"></head><body><noscript>T
[23:58:41] Yahoo AAPL: HTTP Error 429: Too Many Requests
[23:58:42]   Stooq aapl.us ответил без данных: <!DOCTYPE html><html><head><meta charset="utf-8"><meta name="robots" content="noindex,nofollow"></head><body><noscript>T
[23:58:43] Yahoo MSFT: HTTP Error 429: Too Many Requests
[23:58:44]   Stooq msft.us ответил без данных: <!DOCTYPE html><html><head><meta charset="utf-8"><meta name="robots" content="noindex,nofollow"></head><body><noscript>T
[23:58:46] Yahoo GOOGL: HTTP Error 429: Too Many Requests
[23:58:47]   Stooq googl.us ответил без данных: <!DOCTYPE html><html><head><meta charset="utf-8"><meta name="robots" content="noindex,nofollow"></head><body><noscript>T
[23:58:48] Yahoo AMZN: HTTP Error 429: Too Many Requests
[23:58:49]   Stooq amzn.us ответил без данных: <!DOCTYPE html><html><head><meta charset="utf-8"><meta name="robots" content="noindex,nofollow"></head><body><noscript>T
[23:58:51] Yahoo TSLA: HTTP Error 429: Too Many Requests
[23:58:52]   Stooq tsla.us ответил без данных: <!DOCTYPE html><html><head><meta charset="utf-8"><meta name="robots" content="noindex,nofollow"></head><body><noscript>T
[23:58:53] Yahoo AVGO: HTTP Error 429: Too Many Requests
[23:58:54]   Stooq avgo.us ответил без данных: <!DOCTYPE html><html><head><meta charset="utf-8"><meta name="robots" content="noindex,nofollow"></head><body><noscript>T
[23:58:55] Yahoo TSM: HTTP Error 429: Too Many Requests
[23:58:56]   Stooq tsm.us ответил без данных: <!DOCTYPE html><html><head><meta charset="utf-8"><meta name="robots" content="noindex,nofollow"></head><body><noscript>T
[23:58:58] Yahoo MU: HTTP Error 429: Too Many Requests
[23:58:59]   Stooq mu.us ответил без данных: <!DOCTYPE html><html><head><meta charset="utf-8"><meta name="robots" content="noindex,nofollow"></head><body><noscript>T
[23:59:00] Yahoo AMD: HTTP Error 429: Too Many Requests
[23:59:01]   Stooq amd.us ответил без данных: <!DOCTYPE html><html><head><meta charset="utf-8"><meta name="robots" content="noindex,nofollow"></head><body><noscript>T
[23:59:03] Yahoo MRVL: HTTP Error 429: Too Many Requests
[23:59:04]   Stooq mrvl.us ответил без данных: <!DOCTYPE html><html><head><meta charset="utf-8"><meta name="robots" content="noindex,nofollow"></head><body><noscript>T
[23:59:05] Yahoo INTC: HTTP Error 429: Too Many Requests
[23:59:07]   Stooq intc.us ответил без данных: <!DOCTYPE html><html><head><meta charset="utf-8"><meta name="robots" content="noindex,nofollow"></head><body><noscript>T
[23:59:08] Yahoo ORCL: HTTP Error 429: Too Many Requests
[23:59:09]   Stooq orcl.us ответил без данных: <!DOCTYPE html><html><head><meta charset="utf-8"><meta name="robots" content="noindex,nofollow"></head><body><noscript>T
[23:59:10] Yahoo PLTR: HTTP Error 429: Too Many Requests
[23:59:11]   Stooq pltr.us ответил без данных: <!DOCTYPE html><html><head><meta charset="utf-8"><meta name="robots" content="noindex,nofollow"></head><body><noscript>T
[23:59:13] Yahoo COIN: HTTP Error 429: Too Many Requests
[23:59:14]   Stooq coin.us ответил без данных: <!DOCTYPE html><html><head><meta charset="utf-8"><meta name="robots" content="noindex,nofollow"></head><body><noscript>T
[23:59:15] Yahoo HOOD: HTTP Error 429: Too Many Requests
[23:59:16]   Stooq hood.us ответил без данных: <!DOCTYPE html><html><head><meta charset="utf-8"><meta name="robots" content="noindex,nofollow"></head><body><noscript>T
[23:59:18] Yahoo MSTR: HTTP Error 429: Too Many Requests
[23:59:19]   Stooq mstr.us ответил без данных: <!DOCTYPE html><html><head><meta charset="utf-8"><meta name="robots" content="noindex,nofollow"></head><body><noscript>T
[23:59:20] Yahoo CRCL: HTTP Error 429: Too Many Requests
[23:59:21]   Stooq crcl.us ответил без данных: <!DOCTYPE html><html><head><meta charset="utf-8"><meta name="robots" content="noindex,nofollow"></head><body><noscript>T
[23:59:22] Yahoo NBIS: HTTP Error 429: Too Many Requests
[23:59:23]   Stooq nbis.us ответил без данных: <!DOCTYPE html><html><head><meta charset="utf-8"><meta name="robots" content="noindex,nofollow"></head><body><noscript>T
[23:59:25] Yahoo CRWV: HTTP Error 429: Too Many Requests
[23:59:26]   Stooq crwv.us ответил без данных: <!DOCTYPE html><html><head><meta charset="utf-8"><meta name="robots" content="noindex,nofollow"></head><body><noscript>T
[23:59:27] Yahoo LLY: HTTP Error 429: Too Many Requests
[23:59:28]   Stooq lly.us ответил без данных: <!DOCTYPE html><html><head><meta charset="utf-8"><meta name="robots" content="noindex,nofollow"></head><body><noscript>T
[23:59:29] Yahoo UNH: HTTP Error 429: Too Many Requests
[23:59:30]   Stooq unh.us ответил без данных: <!DOCTYPE html><html><head><meta charset="utf-8"><meta name="robots" content="noindex,nofollow"></head><body><noscript>T
[23:59:32] Yahoo NVO: HTTP Error 429: Too Many Requests
[23:59:33]   Stooq nvo.us ответил без данных: <!DOCTYPE html><html><head><meta charset="utf-8"><meta name="robots" content="noindex,nofollow"></head><body><noscript>T
[23:59:34] Yahoo XOM: HTTP Error 429: Too Many Requests
[23:59:35]   Stooq xom.us ответил без данных: <!DOCTYPE html><html><head><meta charset="utf-8"><meta name="robots" content="noindex,nofollow"></head><body><noscript>T
[23:59:36] Yahoo CVX: HTTP Error 429: Too Many Requests
[23:59:37]   Stooq cvx.us ответил без данных: <!DOCTYPE html><html><head><meta charset="utf-8"><meta name="robots" content="noindex,nofollow"></head><body><noscript>T
[23:59:39] Yahoo V: HTTP Error 429: Too Many Requests
[23:59:40]   Stooq v.us ответил без данных: <!DOCTYPE html><html><head><meta charset="utf-8"><meta name="robots" content="noindex,nofollow"></head><body><noscript>T
[23:59:41] Yahoo JNJ: HTTP Error 429: Too Many Requests
[23:59:42]   Stooq jnj.us ответил без данных: <!DOCTYPE html><html><head><meta charset="utf-8"><meta name="robots" content="noindex,nofollow"></head><body><noscript>T
[23:59:43] Yahoo PG: HTTP Error 429: Too Many Requests
[23:59:45]   Stooq pg.us ответил без данных: <!DOCTYPE html><html><head><meta charset="utf-8"><meta name="robots" content="noindex,nofollow"></head><body><noscript>T
[23:59:46] Yahoo NFLX: HTTP Error 429: Too Many Requests
[23:59:47]   Stooq nflx.us ответил без данных: <!DOCTYPE html><html><head><meta charset="utf-8"><meta name="robots" content="noindex,nofollow"></head><body><noscript>T
[23:59:48] Дневные свечи (equity): получено 0 из 29
[23:59:48] Yahoo SPY: HTTP Error 429: Too Many Requests
[23:59:49]   Stooq spy.us ответил без данных: <!DOCTYPE html><html><head><meta charset="utf-8"><meta name="robots" content="noindex,nofollow"></head><body><noscript>T
[23:59:51] Yahoo QQQ: HTTP Error 429: Too Many Requests
[23:59:52]   Stooq qqq.us ответил без данных: <!DOCTYPE html><html><head><meta charset="utf-8"><meta name="robots" content="noindex,nofollow"></head><body><noscript>T
[23:59:53] Yahoo VTI: HTTP Error 429: Too Many Requests
[23:59:54]   Stooq vti.us ответил без данных: <!DOCTYPE html><html><head><meta charset="utf-8"><meta name="robots" content="noindex,nofollow"></head><body><noscript>T
[23:59:56] Yahoo IWM: HTTP Error 429: Too Many Requests
[23:59:57]   Stooq iwm.us ответил без данных: <!DOCTYPE html><html><head><meta charset="utf-8"><meta name="robots" content="noindex,nofollow"></head><body><noscript>T
[23:59:58] Yahoo IEMG: HTTP Error 429: Too Many Requests
[23:59:59]   Stooq iemg.us ответил без данных: <!DOCTYPE html><html><head><meta charset="utf-8"><meta name="robots" content="noindex,nofollow"></head><body><noscript>T
[00:00:00] Yahoo SLV: HTTP Error 429: Too Many Requests
[00:00:01]   Stooq slv.us ответил без данных: <!DOCTYPE html><html><head><meta charset="utf-8"><meta name="robots" content="noindex,nofollow"></head><body><noscript>T
[00:00:03] Yahoo PPLT: HTTP Error 429: Too Many Requests
[00:00:04]   Stooq pplt.us ответил без данных: <!DOCTYPE html><html><head><meta charset="utf-8"><meta name="robots" content="noindex,nofollow"></head><body><noscript>T
[00:00:05] Yahoo PALL: HTTP Error 429: Too Many Requests
[00:00:06]   Stooq pall.us ответил без данных: <!DOCTYPE html><html><head><meta charset="utf-8"><meta name="robots" content="noindex,nofollow"></head><body><noscript>T
[00:00:08] Yahoo XLE: HTTP Error 429: Too Many Requests
[00:00:09]   Stooq xle.us ответил без данных: <!DOCTYPE html><html><head><meta charset="utf-8"><meta name="robots" content="noindex,nofollow"></head><body><noscript>T
[00:00:10] Yahoo XOP: HTTP Error 429: Too Many Requests
[00:00:11]   Stooq xop.us ответил без данных: <!DOCTYPE html><html><head><meta charset="utf-8"><meta name="robots" content="noindex,nofollow"></head><body><noscript>T
[00:00:13] Yahoo COPX: HTTP Error 429: Too Many Requests
[00:00:14]   Stooq copx.us ответил без данных: <!DOCTYPE html><html><head><meta charset="utf-8"><meta name="robots" content="noindex,nofollow"></head><body><noscript>T
[00:00:15] Yahoo URA: HTTP Error 429: Too Many Requests
[00:00:16]   Stooq ura.us ответил без данных: <!DOCTYPE html><html><head><meta charset="utf-8"><meta name="robots" content="noindex,nofollow"></head><body><noscript>T
[00:00:17] Yahoo TQQQ: HTTP Error 429: Too Many Requests
[00:00:18]   Stooq tqqq.us ответил без данных: <!DOCTYPE html><html><head><meta charset="utf-8"><meta name="robots" content="noindex,nofollow"></head><body><noscript>T
[00:00:20] Yahoo TBLL: HTTP Error 429: Too Many Requests
[00:00:21]   Stooq tbll.us ответил без данных: <!DOCTYPE html><html><head><meta charset="utf-8"><meta name="robots" content="noindex,nofollow"></head><body><noscript>T
[00:00:22] Дневные свечи (etf): получено 0 из 14
[00:00:22] Yahoo GC=F: HTTP Error 429: Too Many Requests
[00:00:23]   Stooq xauusd ответил без данных: <!DOCTYPE html><html><head><meta charset="utf-8"><meta name="robots" content="noindex,nofollow"></head><body><noscript>T
[00:00:24]   Stooq gc.f ответил без данных: <!DOCTYPE html><html><head><meta charset="utf-8"><meta name="robots" content="noindex,nofollow"></head><body><noscript>T
[00:00:26] Yahoo SI=F: HTTP Error 429: Too Many Requests
[00:00:27]   Stooq xagusd ответил без данных: <!DOCTYPE html><html><head><meta charset="utf-8"><meta name="robots" content="noindex,nofollow"></head><body><noscript>T
[00:00:29]   Stooq si.f ответил без данных: <!DOCTYPE html><html><head><meta charset="utf-8"><meta name="robots" content="noindex,nofollow"></head><body><noscript>T
[00:00:30] Yahoo PL=F: HTTP Error 429: Too Many Requests
[00:00:31]   Stooq xptusd ответил без данных: <!DOCTYPE html><html><head><meta charset="utf-8"><meta name="robots" content="noindex,nofollow"></head><body><noscript>T
[00:01:33]   повтор через 1s после ошибки: <urlopen error timed out>
[00:02:34]   повтор через 2s после ошибки: <urlopen error timed out>
[00:03:36] Stooq pl.f: <urlopen error timed out>
[00:03:37] Yahoo CL=F: HTTP Error 429: Too Many Requests
[00:04:38]   повтор через 1s после ошибки: <urlopen error timed out>
[00:05:39]   повтор через 2s после ошибки: <urlopen error timed out>
[00:06:41] Stooq cl.f: <urlopen error timed out>
[00:06:43] Yahoo BZ=F: HTTP Error 429: Too Many Requests
[00:07:44]   повтор через 1s после ошибки: <urlopen error timed out>
[00:08:45]   повтор через 2s после ошибки: <urlopen error timed out>
[00:09:47] Stooq cb.f: <urlopen error timed out>
[00:09:48] Дневные свечи (commodity): получено 0 из 5
[00:09:48] Yahoo ^GSPC: HTTP Error 429: Too Many Requests
[00:10:49]   повтор через 1s после ошибки: <urlopen error timed out>
[00:11:50]   повтор через 2s после ошибки: <urlopen error timed out>
[00:12:53] Stooq ^spx: <urlopen error timed out>
[00:12:54] Yahoo ^NDX: HTTP Error 429: Too Many Requests
[00:13:55]   повтор через 1s после ошибки: <urlopen error timed out>
[00:14:56]   повтор через 2s после ошибки: <urlopen error timed out>
[00:15:59] Stooq ^ndx: <urlopen error timed out>
[00:16:00] Yahoo DX-Y.NYB: HTTP Error 429: Too Many Requests
[00:17:01]   повтор через 1s после ошибки: <urlopen error timed out>
[00:18:02]   повтор через 2s после ошибки: <urlopen error timed out>
[00:19:04] Stooq ^dxy: <urlopen error timed out>
[00:19:05]   время вышло, остаток класса index доберём следующим прогоном
[00:19:05] Дневные свечи (index): получено 0 из 4
[00:19:06] ЦБ РФ: USD/RUB = 83.4839
[00:19:06] История: добавлено 0 строк, обновлено 76, всего ключей 25057
[00:19:06] Снапшот: 76 инструментов
[00:19:06] На догрузку истории времени не осталось, доберём следующим прогоном
[14:48:39] Старт сбора (с историей за год), 2026-10-03 14:48 UTC, бюджет 22 мин
[14:48:39] Уборка истории: выкинуто 0 строк, осталось 25057
[14:48:39] Разрешаю 1 id через /coins/list
[14:48:39]   ADI -> adi-token
[14:48:53] CoinGecko: получено 42 из 42
[14:48:53] xStocks: нашлось токенов 36 из 38
[14:49:00]   лимит запросов, жду 20s
[14:49:20]   лимит запросов, жду 40s
[14:50:09] CoinGecko: получено 34 из 36
[14:50:09] Yahoo NVDA: HTTP Error 429: Too Many Requests
[14:50:10]   Stooq nvda.us ответил без данных: <!DOCTYPE html><html><head><meta charset="utf-8"><meta name="robots" content="noindex,nofollow"></head><body><noscript>T
[14:50:11] Yahoo AAPL: HTTP Error 429: Too Many Requests
[14:50:12]   Stooq aapl.us ответил без данных: <!DOCTYPE html><html><head><meta charset="utf-8"><meta name="robots" content="noindex,nofollow"></head><body><noscript>T
[14:50:14] Yahoo MSFT: HTTP Error 429: Too Many Requests
[14:50:15]   Stooq msft.us ответил без данных: <!DOCTYPE html><html><head><meta charset="utf-8"><meta name="robots" content="noindex,nofollow"></head><body><noscript>T
[14:50:16] Yahoo GOOGL: HTTP Error 429: Too Many Requests
[14:50:17]   Stooq googl.us ответил без данных: <!DOCTYPE html><html><head><meta charset="utf-8"><meta name="robots" content="noindex,nofollow"></head><body><noscript>T
[14:50:18] Yahoo AMZN: HTTP Error 429: Too Many Requests
[14:50:19]   Stooq amzn.us ответил без данных: <!DOCTYPE html><html><head><meta charset="utf-8"><meta name="robots" content="noindex,nofollow"></head><body><noscript>T
[14:50:20] Yahoo TSLA: HTTP Error 429: Too Many Requests
[14:50:21]   Stooq tsla.us ответил без данных: <!DOCTYPE html><html><head><meta charset="utf-8"><meta name="robots" content="noindex,nofollow"></head><body><noscript>T
[14:50:23] Yahoo AVGO: HTTP Error 429: Too Many Requests
[14:50:24]   Stooq avgo.us ответил без данных: <!DOCTYPE html><html><head><meta charset="utf-8"><meta name="robots" content="noindex,nofollow"></head><body><noscript>T
[14:50:25] Yahoo TSM: HTTP Error 429: Too Many Requests
[14:50:26]   Stooq tsm.us ответил без данных: <!DOCTYPE html><html><head><meta charset="utf-8"><meta name="robots" content="noindex,nofollow"></head><body><noscript>T
[14:50:27] Yahoo MU: HTTP Error 429: Too Many Requests
[14:50:28]   Stooq mu.us ответил без данных: <!DOCTYPE html><html><head><meta charset="utf-8"><meta name="robots" content="noindex,nofollow"></head><body><noscript>T
[14:50:30] Yahoo AMD: HTTP Error 429: Too Many Requests
[14:50:31]   Stooq amd.us ответил без данных: <!DOCTYPE html><html><head><meta charset="utf-8"><meta name="robots" content="noindex,nofollow"></head><body><noscript>T
[14:50:32] Yahoo MRVL: HTTP Error 429: Too Many Requests
[14:50:33]   Stooq mrvl.us ответил без данных: <!DOCTYPE html><html><head><meta charset="utf-8"><meta name="robots" content="noindex,nofollow"></head><body><noscript>T
[14:50:34] Yahoo INTC: HTTP Error 429: Too Many Requests
[14:50:35]   Stooq intc.us ответил без данных: <!DOCTYPE html><html><head><meta charset="utf-8"><meta name="robots" content="noindex,nofollow"></head><body><noscript>T
[14:50:36] Yahoo ORCL: HTTP Error 429: Too Many Requests
[14:50:37]   Stooq orcl.us ответил без данных: <!DOCTYPE html><html><head><meta charset="utf-8"><meta name="robots" content="noindex,nofollow"></head><body><noscript>T
[14:50:39] Yahoo PLTR: HTTP Error 429: Too Many Requests
[14:50:40]   Stooq pltr.us ответил без данных: <!DOCTYPE html><html><head><meta charset="utf-8"><meta name="robots" content="noindex,nofollow"></head><body><noscript>T
[14:50:41] Yahoo COIN: HTTP Error 429: Too Many Requests
[14:50:42]   Stooq coin.us ответил без данных: <!DOCTYPE html><html><head><meta charset="utf-8"><meta name="robots" content="noindex,nofollow"></head><body><noscript>T
[14:50:43] Yahoo HOOD: HTTP Error 429: Too Many Requests
[14:50:44]   Stooq hood.us ответил без данных: <!DOCTYPE html><html><head><meta charset="utf-8"><meta name="robots" content="noindex,nofollow"></head><body><noscript>T
[14:50:45] Yahoo MSTR: HTTP Error 429: Too Many Requests
[14:50:46]   Stooq mstr.us ответил без данных: <!DOCTYPE html><html><head><meta charset="utf-8"><meta name="robots" content="noindex,nofollow"></head><body><noscript>T
[14:50:48] Yahoo CRCL: HTTP Error 429: Too Many Requests
[14:50:49]   Stooq crcl.us ответил без данных: <!DOCTYPE html><html><head><meta charset="utf-8"><meta name="robots" content="noindex,nofollow"></head><body><noscript>T
[14:50:50] Yahoo NBIS: HTTP Error 429: Too Many Requests
[14:50:51]   Stooq nbis.us ответил без данных: <!DOCTYPE html><html><head><meta charset="utf-8"><meta name="robots" content="noindex,nofollow"></head><body><noscript>T
[14:50:52] Yahoo CRWV: HTTP Error 429: Too Many Requests
[14:50:53]   Stooq crwv.us ответил без данных: <!DOCTYPE html><html><head><meta charset="utf-8"><meta name="robots" content="noindex,nofollow"></head><body><noscript>T
[14:50:54] Yahoo LLY: HTTP Error 429: Too Many Requests
[14:50:55]   Stooq lly.us ответил без данных: <!DOCTYPE html><html><head><meta charset="utf-8"><meta name="robots" content="noindex,nofollow"></head><body><noscript>T
[14:50:57] Yahoo UNH: HTTP Error 429: Too Many Requests
[14:50:58]   Stooq unh.us ответил без данных: <!DOCTYPE html><html><head><meta charset="utf-8"><meta name="robots" content="noindex,nofollow"></head><body><noscript>T
[14:50:59] Yahoo NVO: HTTP Error 429: Too Many Requests
[14:51:00]   Stooq nvo.us ответил без данных: <!DOCTYPE html><html><head><meta charset="utf-8"><meta name="robots" content="noindex,nofollow"></head><body><noscript>T
[14:51:01] Yahoo XOM: HTTP Error 429: Too Many Requests
[14:51:02]   Stooq xom.us ответил без данных: <!DOCTYPE html><html><head><meta charset="utf-8"><meta name="robots" content="noindex,nofollow"></head><body><noscript>T
[14:51:03] Yahoo CVX: HTTP Error 429: Too Many Requests
[14:51:04]   Stooq cvx.us ответил без данных: <!DOCTYPE html><html><head><meta charset="utf-8"><meta name="robots" content="noindex,nofollow"></head><body><noscript>T
[14:51:06] Yahoo V: HTTP Error 429: Too Many Requests
[14:51:06]   Stooq v.us ответил без данных: <!DOCTYPE html><html><head><meta charset="utf-8"><meta name="robots" content="noindex,nofollow"></head><body><noscript>T
[14:51:08] Yahoo JNJ: HTTP Error 429: Too Many Requests
[14:51:09]   Stooq jnj.us ответил без данных: <!DOCTYPE html><html><head><meta charset="utf-8"><meta name="robots" content="noindex,nofollow"></head><body><noscript>T
[14:51:10] Yahoo PG: HTTP Error 429: Too Many Requests
[14:51:11]   Stooq pg.us ответил без данных: <!DOCTYPE html><html><head><meta charset="utf-8"><meta name="robots" content="noindex,nofollow"></head><body><noscript>T
[14:51:12] Yahoo NFLX: HTTP Error 429: Too Many Requests
[14:51:13]   Stooq nflx.us ответил без данных: <!DOCTYPE html><html><head><meta charset="utf-8"><meta name="robots" content="noindex,nofollow"></head><body><noscript>T
[14:51:14] Дневные свечи (equity): получено 0 из 29
[14:51:14] Yahoo SPY: HTTP Error 429: Too Many Requests
[14:51:15]   Stooq spy.us ответил без данных: <!DOCTYPE html><html><head><meta charset="utf-8"><meta name="robots" content="noindex,nofollow"></head><body><noscript>T
[14:51:17] Yahoo QQQ: HTTP Error 429: Too Many Requests
[14:51:18]   Stooq qqq.us ответил без данных: <!DOCTYPE html><html><head><meta charset="utf-8"><meta name="robots" content="noindex,nofollow"></head><body><noscript>T
[14:51:19] Yahoo VTI: HTTP Error 429: Too Many Requests
[14:51:20]   Stooq vti.us ответил без данных: <!DOCTYPE html><html><head><meta charset="utf-8"><meta name="robots" content="noindex,nofollow"></head><body><noscript>T
[14:51:21] Yahoo IWM: HTTP Error 429: Too Many Requests
[14:51:22]   Stooq iwm.us ответил без данных: <!DOCTYPE html><html><head><meta charset="utf-8"><meta name="robots" content="noindex,nofollow"></head><body><noscript>T
[14:51:23] Yahoo IEMG: HTTP Error 429: Too Many Requests
[14:51:24]   Stooq iemg.us ответил без данных: <!DOCTYPE html><html><head><meta charset="utf-8"><meta name="robots" content="noindex,nofollow"></head><body><noscript>T
[14:51:25] Yahoo SLV: HTTP Error 429: Too Many Requests
[14:51:27]   Stooq slv.us ответил без данных: <!DOCTYPE html><html><head><meta charset="utf-8"><meta name="robots" content="noindex,nofollow"></head><body><noscript>T
[14:51:28] Yahoo PPLT: HTTP Error 429: Too Many Requests
[14:51:29]   Stooq pplt.us ответил без данных: <!DOCTYPE html><html><head><meta charset="utf-8"><meta name="robots" content="noindex,nofollow"></head><body><noscript>T
[14:51:30] Yahoo PALL: HTTP Error 429: Too Many Requests
[14:51:31]   Stooq pall.us ответил без данных: <!DOCTYPE html><html><head><meta charset="utf-8"><meta name="robots" content="noindex,nofollow"></head><body><noscript>T
[14:51:32] Yahoo XLE: HTTP Error 429: Too Many Requests
[14:51:33]   Stooq xle.us ответил без данных: <!DOCTYPE html><html><head><meta charset="utf-8"><meta name="robots" content="noindex,nofollow"></head><body><noscript>T
[14:51:35] Yahoo XOP: HTTP Error 429: Too Many Requests
[14:51:36]   Stooq xop.us ответил без данных: <!DOCTYPE html><html><head><meta charset="utf-8"><meta name="robots" content="noindex,nofollow"></head><body><noscript>T
[14:51:37] Yahoo COPX: HTTP Error 429: Too Many Requests
[14:51:38]   Stooq copx.us ответил без данных: <!DOCTYPE html><html><head><meta charset="utf-8"><meta name="robots" content="noindex,nofollow"></head><body><noscript>T
[14:51:39] Yahoo URA: HTTP Error 429: Too Many Requests
[14:51:40]   Stooq ura.us ответил без данных: <!DOCTYPE html><html><head><meta charset="utf-8"><meta name="robots" content="noindex,nofollow"></head><body><noscript>T
[14:51:41] Yahoo TQQQ: HTTP Error 429: Too Many Requests
[14:51:42]   Stooq tqqq.us ответил без данных: <!DOCTYPE html><html><head><meta charset="utf-8"><meta name="robots" content="noindex,nofollow"></head><body><noscript>T
[14:51:44] Yahoo TBLL: HTTP Error 429: Too Many Requests
[14:51:45]   Stooq tbll.us ответил без данных: <!DOCTYPE html><html><head><meta charset="utf-8"><meta name="robots" content="noindex,nofollow"></head><body><noscript>T
[14:51:46] Дневные свечи (etf): получено 0 из 14
[14:51:46] Yahoo GC=F: HTTP Error 429: Too Many Requests
[14:51:47]   Stooq xauusd ответил без данных: <!DOCTYPE html><html><head><meta charset="utf-8"><meta name="robots" content="noindex,nofollow"></head><body><noscript>T
[14:51:48]   Stooq gc.f ответил без данных: <!DOCTYPE html><html><head><meta charset="utf-8"><meta name="robots" content="noindex,nofollow"></head><body><noscript>T
[14:51:50] Yahoo SI=F: HTTP Error 429: Too Many Requests
[14:51:51]   Stooq xagusd ответил без данных: <!DOCTYPE html><html><head><meta charset="utf-8"><meta name="robots" content="noindex,nofollow"></head><body><noscript>T
[14:51:52]   Stooq si.f ответил без данных: <!DOCTYPE html><html><head><meta charset="utf-8"><meta name="robots" content="noindex,nofollow"></head><body><noscript>T
[14:51:53] Yahoo PL=F: HTTP Error 429: Too Many Requests
[14:51:54]   Stooq xptusd ответил без данных: <!DOCTYPE html><html><head><meta charset="utf-8"><meta name="robots" content="noindex,nofollow"></head><body><noscript>T
[14:51:56]   Stooq pl.f ответил без данных: <!DOCTYPE html><html><head><meta charset="utf-8"><meta name="robots" content="noindex,nofollow"></head><body><noscript>T
[14:51:57] Yahoo CL=F: HTTP Error 429: Too Many Requests
[14:51:58]   Stooq cl.f ответил без данных: <!DOCTYPE html><html><head><meta charset="utf-8"><meta name="robots" content="noindex,nofollow"></head><body><noscript>T
[14:51:59] Yahoo BZ=F: HTTP Error 429: Too Many Requests
[14:52:00]   Stooq cb.f ответил без данных: <!DOCTYPE html><html><head><meta charset="utf-8"><meta name="robots" content="noindex,nofollow"></head><body><noscript>T
[14:52:02] Дневные свечи (commodity): получено 0 из 5
[14:52:02] Yahoo ^GSPC: HTTP Error 429: Too Many Requests
[14:52:03]   Stooq ^spx ответил без данных: <!DOCTYPE html><html><head><meta charset="utf-8"><meta name="robots" content="noindex,nofollow"></head><body><noscript>T
[14:52:04] Yahoo ^NDX: HTTP Error 429: Too Many Requests
[14:52:05]   Stooq ^ndx ответил без данных: <!DOCTYPE html><html><head><meta charset="utf-8"><meta name="robots" content="noindex,nofollow"></head><body><noscript>T
[14:52:06] Yahoo DX-Y.NYB: HTTP Error 429: Too Many Requests
[14:52:07]   Stooq ^dxy ответил без данных: <!DOCTYPE html><html><head><meta charset="utf-8"><meta name="robots" content="noindex,nofollow"></head><body><noscript>T
[14:52:08] Yahoo RUB=X: HTTP Error 429: Too Many Requests
[14:52:09]   Stooq usdrub ответил без данных: <!DOCTYPE html><html><head><meta charset="utf-8"><meta name="robots" content="noindex,nofollow"></head><body><noscript>T
[14:52:10] Дневные свечи (index): получено 0 из 4
[14:52:11] ЦБ РФ: USD/RUB = 83.4839
[14:52:11] История: добавлено 76 строк, обновлено 0, всего ключей 25133
[14:52:11] Снапшот: 76 инструментов
[14:52:11] Догружаю историю, осталось времени 18 мин
[14:52:11]   история PALLx: 103 точек
[14:52:18]   история PPLTx: 177 точек
[14:52:25]   история AMDx: 257 точек
[14:52:33]   история COPXx: 0 точек
[14:52:40]   история IEMGx: 215 точек
[14:52:47]   лимит запросов, жду 20s
[14:53:07]   лимит запросов, жду 40s
[14:53:47]   история XLEx: 116 точек
[14:53:54]   история URAx: 9 точек
[14:54:01]   история SLVx: 52 точек
[14:54:08]   история JNJx: 284 точек
[14:54:15]   история NVOx: 295 точек
[14:54:22]   история IWMx: 90 точек
[14:54:30]   лимит запросов, жду 20s
[14:54:50]   лимит запросов, жду 40s
[14:55:30]   история XOPx: 0 точек
[14:55:37]   история TBLLx: 182 точек
[14:55:44]   пропущено (история уже есть): 57
[14:55:44] История: добавлено 0 строк, обновлено 1780, всего ключей 25133
[14:55:44] Снапшот: 76 инструментов
[23:15:22] Старт сбора (с историей за год), 2026-10-03 23:15 UTC, бюджет 22 мин
[23:15:22] Уборка истории: выкинуто 0 строк, осталось 25133
[23:15:22] Разрешаю 1 id через /coins/list
[23:15:23]   ADI -> adi-token
[23:15:37] CoinGecko: получено 42 из 42
[23:15:37] xStocks: нашлось токенов 36 из 38
[23:15:44]   лимит запросов, жду 20s
[23:16:04]   лимит запросов, жду 40s
[23:16:44] CoinGecko rub: чанк не забрался: HTTP Error 429: Too Many Requests
[23:16:51] CoinGecko: получено 34 из 36
[23:16:52] Yahoo NVDA: HTTP Error 429: Too Many Requests
[23:16:53]   Stooq nvda.us ответил без данных: <!DOCTYPE html><html><head><meta charset="utf-8"><meta name="robots" content="noindex,nofollow"></head><body><noscript>T
[23:16:54] Yahoo AAPL: HTTP Error 429: Too Many Requests
[23:16:55]   Stooq aapl.us ответил без данных: <!DOCTYPE html><html><head><meta charset="utf-8"><meta name="robots" content="noindex,nofollow"></head><body><noscript>T
[23:16:56] Yahoo MSFT: HTTP Error 429: Too Many Requests
[23:16:57]   Stooq msft.us ответил без данных: <!DOCTYPE html><html><head><meta charset="utf-8"><meta name="robots" content="noindex,nofollow"></head><body><noscript>T
[23:16:59] Yahoo GOOGL: HTTP Error 429: Too Many Requests
[23:17:00]   Stooq googl.us ответил без данных: <!DOCTYPE html><html><head><meta charset="utf-8"><meta name="robots" content="noindex,nofollow"></head><body><noscript>T
[23:17:01] Yahoo AMZN: HTTP Error 429: Too Many Requests
[23:17:02]   Stooq amzn.us ответил без данных: <!DOCTYPE html><html><head><meta charset="utf-8"><meta name="robots" content="noindex,nofollow"></head><body><noscript>T
[23:17:03] Yahoo TSLA: HTTP Error 429: Too Many Requests
[23:17:04]   Stooq tsla.us ответил без данных: <!DOCTYPE html><html><head><meta charset="utf-8"><meta name="robots" content="noindex,nofollow"></head><body><noscript>T
[23:17:05] Yahoo AVGO: HTTP Error 429: Too Many Requests
[23:17:06]   Stooq avgo.us ответил без данных: <!DOCTYPE html><html><head><meta charset="utf-8"><meta name="robots" content="noindex,nofollow"></head><body><noscript>T
[23:17:07] Yahoo TSM: HTTP Error 429: Too Many Requests
[23:17:08]   Stooq tsm.us ответил без данных: <!DOCTYPE html><html><head><meta charset="utf-8"><meta name="robots" content="noindex,nofollow"></head><body><noscript>T
[23:17:10] Yahoo MU: HTTP Error 429: Too Many Requests
[23:17:11]   Stooq mu.us ответил без данных: <!DOCTYPE html><html><head><meta charset="utf-8"><meta name="robots" content="noindex,nofollow"></head><body><noscript>T
[23:17:12] Yahoo AMD: HTTP Error 429: Too Many Requests
[23:17:13]   Stooq amd.us ответил без данных: <!DOCTYPE html><html><head><meta charset="utf-8"><meta name="robots" content="noindex,nofollow"></head><body><noscript>T
[23:17:14] Yahoo MRVL: HTTP Error 429: Too Many Requests
[23:17:15]   Stooq mrvl.us ответил без данных: <!DOCTYPE html><html><head><meta charset="utf-8"><meta name="robots" content="noindex,nofollow"></head><body><noscript>T
[23:17:17] Yahoo INTC: HTTP Error 429: Too Many Requests
[23:17:18]   Stooq intc.us ответил без данных: <!DOCTYPE html><html><head><meta charset="utf-8"><meta name="robots" content="noindex,nofollow"></head><body><noscript>T
[23:17:19] Yahoo ORCL: HTTP Error 429: Too Many Requests
[23:17:20]   Stooq orcl.us ответил без данных: <!DOCTYPE html><html><head><meta charset="utf-8"><meta name="robots" content="noindex,nofollow"></head><body><noscript>T
[23:17:21] Yahoo PLTR: HTTP Error 429: Too Many Requests
[23:17:22]   Stooq pltr.us ответил без данных: <!DOCTYPE html><html><head><meta charset="utf-8"><meta name="robots" content="noindex,nofollow"></head><body><noscript>T
[23:17:24] Yahoo COIN: HTTP Error 429: Too Many Requests
[23:17:25]   Stooq coin.us ответил без данных: <!DOCTYPE html><html><head><meta charset="utf-8"><meta name="robots" content="noindex,nofollow"></head><body><noscript>T
[23:17:26] Yahoo HOOD: HTTP Error 429: Too Many Requests
[23:17:27]   Stooq hood.us ответил без данных: <!DOCTYPE html><html><head><meta charset="utf-8"><meta name="robots" content="noindex,nofollow"></head><body><noscript>T
[23:17:28] Yahoo MSTR: HTTP Error 429: Too Many Requests
[23:17:29]   Stooq mstr.us ответил без данных: <!DOCTYPE html><html><head><meta charset="utf-8"><meta name="robots" content="noindex,nofollow"></head><body><noscript>T
[23:17:30] Yahoo CRCL: HTTP Error 429: Too Many Requests
[23:17:31]   Stooq crcl.us ответил без данных: <!DOCTYPE html><html><head><meta charset="utf-8"><meta name="robots" content="noindex,nofollow"></head><body><noscript>T
[23:17:33] Yahoo NBIS: HTTP Error 429: Too Many Requests
[23:17:33]   Stooq nbis.us ответил без данных: <!DOCTYPE html><html><head><meta charset="utf-8"><meta name="robots" content="noindex,nofollow"></head><body><noscript>T
[23:17:35] Yahoo CRWV: HTTP Error 429: Too Many Requests
[23:17:36]   Stooq crwv.us ответил без данных: <!DOCTYPE html><html><head><meta charset="utf-8"><meta name="robots" content="noindex,nofollow"></head><body><noscript>T
[23:17:37] Yahoo LLY: HTTP Error 429: Too Many Requests
[23:17:38]   Stooq lly.us ответил без данных: <!DOCTYPE html><html><head><meta charset="utf-8"><meta name="robots" content="noindex,nofollow"></head><body><noscript>T
[23:17:39] Yahoo UNH: HTTP Error 429: Too Many Requests
[23:17:40]   Stooq unh.us ответил без данных: <!DOCTYPE html><html><head><meta charset="utf-8"><meta name="robots" content="noindex,nofollow"></head><body><noscript>T
[23:17:41] Yahoo NVO: HTTP Error 429: Too Many Requests
[23:17:42]   Stooq nvo.us ответил без данных: <!DOCTYPE html><html><head><meta charset="utf-8"><meta name="robots" content="noindex,nofollow"></head><body><noscript>T
[23:17:44] Yahoo XOM: HTTP Error 429: Too Many Requests
[23:17:44]   Stooq xom.us ответил без данных: <!DOCTYPE html><html><head><meta charset="utf-8"><meta name="robots" content="noindex,nofollow"></head><body><noscript>T
[23:17:46] Yahoo CVX: HTTP Error 429: Too Many Requests
[23:17:47]   Stooq cvx.us ответил без данных: <!DOCTYPE html><html><head><meta charset="utf-8"><meta name="robots" content="noindex,nofollow"></head><body><noscript>T
[23:17:48] Yahoo V: HTTP Error 429: Too Many Requests
[23:17:49]   Stooq v.us ответил без данных: <!DOCTYPE html><html><head><meta charset="utf-8"><meta name="robots" content="noindex,nofollow"></head><body><noscript>T
[23:17:50] Yahoo JNJ: HTTP Error 429: Too Many Requests
[23:17:51]   Stooq jnj.us ответил без данных: <!DOCTYPE html><html><head><meta charset="utf-8"><meta name="robots" content="noindex,nofollow"></head><body><noscript>T
[23:17:53] Yahoo PG: HTTP Error 429: Too Many Requests
[23:17:54]   Stooq pg.us ответил без данных: <!DOCTYPE html><html><head><meta charset="utf-8"><meta name="robots" content="noindex,nofollow"></head><body><noscript>T
[23:17:55] Yahoo NFLX: HTTP Error 429: Too Many Requests
[23:17:56]   Stooq nflx.us ответил без данных: <!DOCTYPE html><html><head><meta charset="utf-8"><meta name="robots" content="noindex,nofollow"></head><body><noscript>T
[23:17:57] Дневные свечи (equity): получено 0 из 29
[23:17:57] Yahoo SPY: HTTP Error 429: Too Many Requests
[23:17:58]   Stooq spy.us ответил без данных: <!DOCTYPE html><html><head><meta charset="utf-8"><meta name="robots" content="noindex,nofollow"></head><body><noscript>T
[23:17:59] Yahoo QQQ: HTTP Error 429: Too Many Requests
[23:18:00]   Stooq qqq.us ответил без данных: <!DOCTYPE html><html><head><meta charset="utf-8"><meta name="robots" content="noindex,nofollow"></head><body><noscript>T
[23:18:02] Yahoo VTI: HTTP Error 429: Too Many Requests
[23:18:03]   Stooq vti.us ответил без данных: <!DOCTYPE html><html><head><meta charset="utf-8"><meta name="robots" content="noindex,nofollow"></head><body><noscript>T
[23:18:04] Yahoo IWM: HTTP Error 429: Too Many Requests
[23:18:05]   Stooq iwm.us ответил без данных: <!DOCTYPE html><html><head><meta charset="utf-8"><meta name="robots" content="noindex,nofollow"></head><body><noscript>T
[23:18:06] Yahoo IEMG: HTTP Error 429: Too Many Requests
[23:18:07]   Stooq iemg.us ответил без данных: <!DOCTYPE html><html><head><meta charset="utf-8"><meta name="robots" content="noindex,nofollow"></head><body><noscript>T
[23:18:08] Yahoo SLV: HTTP Error 429: Too Many Requests
[23:18:09]   Stooq slv.us ответил без данных: <!DOCTYPE html><html><head><meta charset="utf-8"><meta name="robots" content="noindex,nofollow"></head><body><noscript>T
[23:18:10] Yahoo PPLT: HTTP Error 429: Too Many Requests
[23:18:11]   Stooq pplt.us ответил без данных: <!DOCTYPE html><html><head><meta charset="utf-8"><meta name="robots" content="noindex,nofollow"></head><body><noscript>T
[23:18:13] Yahoo PALL: HTTP Error 429: Too Many Requests
[23:18:13]   Stooq pall.us ответил без данных: <!DOCTYPE html><html><head><meta charset="utf-8"><meta name="robots" content="noindex,nofollow"></head><body><noscript>T
[23:18:15] Yahoo XLE: HTTP Error 429: Too Many Requests
[23:18:16]   Stooq xle.us ответил без данных: <!DOCTYPE html><html><head><meta charset="utf-8"><meta name="robots" content="noindex,nofollow"></head><body><noscript>T
[23:18:17] Yahoo XOP: HTTP Error 429: Too Many Requests
[23:18:18]   Stooq xop.us ответил без данных: <!DOCTYPE html><html><head><meta charset="utf-8"><meta name="robots" content="noindex,nofollow"></head><body><noscript>T
[23:18:19] Yahoo COPX: HTTP Error 429: Too Many Requests
[23:18:20]   Stooq copx.us ответил без данных: <!DOCTYPE html><html><head><meta charset="utf-8"><meta name="robots" content="noindex,nofollow"></head><body><noscript>T
[23:18:21] Yahoo URA: HTTP Error 429: Too Many Requests
[23:18:22]   Stooq ura.us ответил без данных: <!DOCTYPE html><html><head><meta charset="utf-8"><meta name="robots" content="noindex,nofollow"></head><body><noscript>T
[23:18:23] Yahoo TQQQ: HTTP Error 429: Too Many Requests
[23:18:24]   Stooq tqqq.us ответил без данных: <!DOCTYPE html><html><head><meta charset="utf-8"><meta name="robots" content="noindex,nofollow"></head><body><noscript>T
[23:18:25] Yahoo TBLL: HTTP Error 429: Too Many Requests
[23:18:27]   Stooq tbll.us ответил без данных: <!DOCTYPE html><html><head><meta charset="utf-8"><meta name="robots" content="noindex,nofollow"></head><body><noscript>T
[23:18:28] Дневные свечи (etf): получено 0 из 14
[23:18:28] Yahoo GC=F: HTTP Error 429: Too Many Requests
[23:18:29]   Stooq xauusd ответил без данных: <!DOCTYPE html><html><head><meta charset="utf-8"><meta name="robots" content="noindex,nofollow"></head><body><noscript>T
[23:18:30]   Stooq gc.f ответил без данных: <!DOCTYPE html><html><head><meta charset="utf-8"><meta name="robots" content="noindex,nofollow"></head><body><noscript>T
[23:18:31] Yahoo SI=F: HTTP Error 429: Too Many Requests
[23:18:32]   Stooq xagusd ответил без данных: <!DOCTYPE html><html><head><meta charset="utf-8"><meta name="robots" content="noindex,nofollow"></head><body><noscript>T
[23:18:34]   Stooq si.f ответил без данных: <!DOCTYPE html><html><head><meta charset="utf-8"><meta name="robots" content="noindex,nofollow"></head><body><noscript>T
[23:18:35] Yahoo PL=F: HTTP Error 429: Too Many Requests
[23:18:36]   Stooq xptusd ответил без данных: <!DOCTYPE html><html><head><meta charset="utf-8"><meta name="robots" content="noindex,nofollow"></head><body><noscript>T
[23:18:37]   Stooq pl.f ответил без данных: <!DOCTYPE html><html><head><meta charset="utf-8"><meta name="robots" content="noindex,nofollow"></head><body><noscript>T
[23:18:39] Yahoo CL=F: HTTP Error 429: Too Many Requests
[23:19:40]   повтор через 1s после ошибки: <urlopen error timed out>
[23:20:41]   повтор через 2s после ошибки: <urlopen error timed out>
[23:21:43] Stooq cl.f: <urlopen error timed out>
[23:21:44] Yahoo BZ=F: HTTP Error 429: Too Many Requests
[23:22:45]   повтор через 1s после ошибки: <urlopen error timed out>
[23:23:46]   повтор через 2s после ошибки: <urlopen error timed out>
[23:24:48] Stooq cb.f: <urlopen error timed out>
[23:24:50] Дневные свечи (commodity): получено 0 из 5
[23:24:50] Yahoo ^GSPC: HTTP Error 429: Too Many Requests
[23:25:51]   повтор через 1s после ошибки: <urlopen error timed out>
[23:26:52]   повтор через 2s после ошибки: <urlopen error timed out>
[23:27:54] Stooq ^spx: <urlopen error timed out>
[23:27:55] Yahoo ^NDX: HTTP Error 429: Too Many Requests
[23:28:56]   повтор через 1s после ошибки: <urlopen error timed out>
[23:29:57]   повтор через 2s после ошибки: <urlopen error timed out>
[23:31:00] Stooq ^ndx: <urlopen error timed out>
[23:31:01] Yahoo DX-Y.NYB: HTTP Error 429: Too Many Requests
[23:32:02]   повтор через 1s после ошибки: <urlopen error timed out>
[23:33:03]   повтор через 2s после ошибки: <urlopen error timed out>
[23:34:05] Stooq ^dxy: <urlopen error timed out>
[23:34:06] Yahoo RUB=X: HTTP Error 429: Too Many Requests
[23:35:07]   повтор через 1s после ошибки: <urlopen error timed out>
[23:36:08]   повтор через 2s после ошибки: <urlopen error timed out>
[23:37:11] Stooq usdrub: <urlopen error timed out>
[23:37:12] Дневные свечи (index): получено 0 из 4
[23:37:12] ЦБ РФ: USD/RUB = 83.4839
[23:37:13] История: добавлено 0 строк, обновлено 76, всего ключей 25133
[23:37:13] Снапшот: 76 инструментов
[23:37:13] На догрузку истории времени не осталось, доберём следующим прогоном
