[15:27:01] Старт сбора (с историей за год), 2026-09-25 15:27 UTC, бюджет 22 мин
[15:27:01] Уборка истории: выкинуто 0 строк, осталось 23447
[15:27:01] Разрешаю 1 id через /coins/list
[15:27:02]   ADI -> adi-token
[15:27:16] CoinGecko: получено 42 из 42
[15:27:16] xStocks: нашлось токенов 36 из 38
[15:27:23]   лимит запросов, жду 20s
[15:27:43]   лимит запросов, жду 40s
[15:28:23] CoinGecko rub: чанк не забрался: HTTP Error 429: Too Many Requests
[15:28:30] CoinGecko: получено 34 из 36
[15:28:31] Yahoo NVDA: HTTP Error 429: Too Many Requests
[15:28:32]   Stooq nvda.us ответил без данных: <!DOCTYPE html><html><head><meta charset="utf-8"><meta name="robots" content="noindex,nofollow"></head><body><noscript>T
[15:28:33] Yahoo AAPL: HTTP Error 429: Too Many Requests
[15:28:34]   Stooq aapl.us ответил без данных: <!DOCTYPE html><html><head><meta charset="utf-8"><meta name="robots" content="noindex,nofollow"></head><body><noscript>T
[15:28:36] Yahoo MSFT: HTTP Error 429: Too Many Requests
[15:28:37]   Stooq msft.us ответил без данных: <!DOCTYPE html><html><head><meta charset="utf-8"><meta name="robots" content="noindex,nofollow"></head><body><noscript>T
[15:28:38] Yahoo GOOGL: HTTP Error 429: Too Many Requests
[15:28:39]   Stooq googl.us ответил без данных: <!DOCTYPE html><html><head><meta charset="utf-8"><meta name="robots" content="noindex,nofollow"></head><body><noscript>T
[15:28:40] Yahoo AMZN: HTTP Error 429: Too Many Requests
[15:28:42]   Stooq amzn.us ответил без данных: <!DOCTYPE html><html><head><meta charset="utf-8"><meta name="robots" content="noindex,nofollow"></head><body><noscript>T
[15:28:43] Yahoo TSLA: HTTP Error 429: Too Many Requests
[15:28:44]   Stooq tsla.us ответил без данных: <!DOCTYPE html><html><head><meta charset="utf-8"><meta name="robots" content="noindex,nofollow"></head><body><noscript>T
[15:28:45] Yahoo AVGO: HTTP Error 429: Too Many Requests
[15:28:47]   Stooq avgo.us ответил без данных: <!DOCTYPE html><html><head><meta charset="utf-8"><meta name="robots" content="noindex,nofollow"></head><body><noscript>T
[15:28:48] Yahoo TSM: HTTP Error 429: Too Many Requests
[15:28:49]   Stooq tsm.us ответил без данных: <!DOCTYPE html><html><head><meta charset="utf-8"><meta name="robots" content="noindex,nofollow"></head><body><noscript>T
[15:28:51] Yahoo MU: HTTP Error 429: Too Many Requests
[15:28:52]   Stooq mu.us ответил без данных: <!DOCTYPE html><html><head><meta charset="utf-8"><meta name="robots" content="noindex,nofollow"></head><body><noscript>T
[15:28:53] Yahoo AMD: HTTP Error 429: Too Many Requests
[15:28:54]   Stooq amd.us ответил без данных: <!DOCTYPE html><html><head><meta charset="utf-8"><meta name="robots" content="noindex,nofollow"></head><body><noscript>T
[15:28:55] Yahoo MRVL: HTTP Error 429: Too Many Requests
[15:28:56]   Stooq mrvl.us ответил без данных: <!DOCTYPE html><html><head><meta charset="utf-8"><meta name="robots" content="noindex,nofollow"></head><body><noscript>T
[15:28:58] Yahoo INTC: HTTP Error 429: Too Many Requests
[15:28:59]   Stooq intc.us ответил без данных: <!DOCTYPE html><html><head><meta charset="utf-8"><meta name="robots" content="noindex,nofollow"></head><body><noscript>T
[15:29:00] Yahoo ORCL: HTTP Error 429: Too Many Requests
[15:29:01]   Stooq orcl.us ответил без данных: <!DOCTYPE html><html><head><meta charset="utf-8"><meta name="robots" content="noindex,nofollow"></head><body><noscript>T
[15:29:03] Yahoo PLTR: HTTP Error 429: Too Many Requests
[15:29:04]   Stooq pltr.us ответил без данных: <!DOCTYPE html><html><head><meta charset="utf-8"><meta name="robots" content="noindex,nofollow"></head><body><noscript>T
[15:29:05] Yahoo COIN: HTTP Error 429: Too Many Requests
[15:29:06]   Stooq coin.us ответил без данных: <!DOCTYPE html><html><head><meta charset="utf-8"><meta name="robots" content="noindex,nofollow"></head><body><noscript>T
[15:29:08] Yahoo HOOD: HTTP Error 429: Too Many Requests
[15:29:09]   Stooq hood.us ответил без данных: <!DOCTYPE html><html><head><meta charset="utf-8"><meta name="robots" content="noindex,nofollow"></head><body><noscript>T
[15:29:10] Yahoo MSTR: HTTP Error 429: Too Many Requests
[15:29:11]   Stooq mstr.us ответил без данных: <!DOCTYPE html><html><head><meta charset="utf-8"><meta name="robots" content="noindex,nofollow"></head><body><noscript>T
[15:29:12] Yahoo CRCL: HTTP Error 429: Too Many Requests
[15:29:14]   Stooq crcl.us ответил без данных: <!DOCTYPE html><html><head><meta charset="utf-8"><meta name="robots" content="noindex,nofollow"></head><body><noscript>T
[15:29:15] Yahoo NBIS: HTTP Error 429: Too Many Requests
[15:29:16]   Stooq nbis.us ответил без данных: <!DOCTYPE html><html><head><meta charset="utf-8"><meta name="robots" content="noindex,nofollow"></head><body><noscript>T
[15:29:17] Yahoo CRWV: HTTP Error 429: Too Many Requests
[15:29:18]   Stooq crwv.us ответил без данных: <!DOCTYPE html><html><head><meta charset="utf-8"><meta name="robots" content="noindex,nofollow"></head><body><noscript>T
[15:29:20] Yahoo LLY: HTTP Error 429: Too Many Requests
[15:29:21]   Stooq lly.us ответил без данных: <!DOCTYPE html><html><head><meta charset="utf-8"><meta name="robots" content="noindex,nofollow"></head><body><noscript>T
[15:29:22] Yahoo UNH: HTTP Error 429: Too Many Requests
[15:29:23]   Stooq unh.us ответил без данных: <!DOCTYPE html><html><head><meta charset="utf-8"><meta name="robots" content="noindex,nofollow"></head><body><noscript>T
[15:29:24] Yahoo NVO: HTTP Error 429: Too Many Requests
[15:29:25]   Stooq nvo.us ответил без данных: <!DOCTYPE html><html><head><meta charset="utf-8"><meta name="robots" content="noindex,nofollow"></head><body><noscript>T
[15:29:27] Yahoo XOM: HTTP Error 429: Too Many Requests
[15:29:28]   Stooq xom.us ответил без данных: <!DOCTYPE html><html><head><meta charset="utf-8"><meta name="robots" content="noindex,nofollow"></head><body><noscript>T
[15:29:29] Yahoo CVX: HTTP Error 429: Too Many Requests
[15:29:30]   Stooq cvx.us ответил без данных: <!DOCTYPE html><html><head><meta charset="utf-8"><meta name="robots" content="noindex,nofollow"></head><body><noscript>T
[15:29:31] Yahoo V: HTTP Error 429: Too Many Requests
[15:29:32]   Stooq v.us ответил без данных: <!DOCTYPE html><html><head><meta charset="utf-8"><meta name="robots" content="noindex,nofollow"></head><body><noscript>T
[15:29:34] Yahoo JNJ: HTTP Error 429: Too Many Requests
[15:29:35]   Stooq jnj.us ответил без данных: <!DOCTYPE html><html><head><meta charset="utf-8"><meta name="robots" content="noindex,nofollow"></head><body><noscript>T
[15:29:36] Yahoo PG: HTTP Error 429: Too Many Requests
[15:29:37]   Stooq pg.us ответил без данных: <!DOCTYPE html><html><head><meta charset="utf-8"><meta name="robots" content="noindex,nofollow"></head><body><noscript>T
[15:29:39] Yahoo NFLX: HTTP Error 429: Too Many Requests
[15:29:40]   Stooq nflx.us ответил без данных: <!DOCTYPE html><html><head><meta charset="utf-8"><meta name="robots" content="noindex,nofollow"></head><body><noscript>T
[15:29:41] Дневные свечи (equity): получено 0 из 29
[15:29:41] Yahoo SPY: HTTP Error 429: Too Many Requests
[15:29:42]   Stooq spy.us ответил без данных: <!DOCTYPE html><html><head><meta charset="utf-8"><meta name="robots" content="noindex,nofollow"></head><body><noscript>T
[15:29:43] Yahoo QQQ: HTTP Error 429: Too Many Requests
[15:29:45]   Stooq qqq.us ответил без данных: <!DOCTYPE html><html><head><meta charset="utf-8"><meta name="robots" content="noindex,nofollow"></head><body><noscript>T
[15:29:46] Yahoo VTI: HTTP Error 429: Too Many Requests
[15:29:47]   Stooq vti.us ответил без данных: <!DOCTYPE html><html><head><meta charset="utf-8"><meta name="robots" content="noindex,nofollow"></head><body><noscript>T
[15:29:48] Yahoo IWM: HTTP Error 429: Too Many Requests
[15:29:49]   Stooq iwm.us ответил без данных: <!DOCTYPE html><html><head><meta charset="utf-8"><meta name="robots" content="noindex,nofollow"></head><body><noscript>T
[15:29:50] Yahoo IEMG: HTTP Error 429: Too Many Requests
[15:29:52]   Stooq iemg.us ответил без данных: <!DOCTYPE html><html><head><meta charset="utf-8"><meta name="robots" content="noindex,nofollow"></head><body><noscript>T
[15:29:53] Yahoo SLV: HTTP Error 429: Too Many Requests
[15:29:54]   Stooq slv.us ответил без данных: <!DOCTYPE html><html><head><meta charset="utf-8"><meta name="robots" content="noindex,nofollow"></head><body><noscript>T
[15:29:55] Yahoo PPLT: HTTP Error 429: Too Many Requests
[15:29:56]   Stooq pplt.us ответил без данных: <!DOCTYPE html><html><head><meta charset="utf-8"><meta name="robots" content="noindex,nofollow"></head><body><noscript>T
[15:29:57] Yahoo PALL: HTTP Error 429: Too Many Requests
[15:29:59]   Stooq pall.us ответил без данных: <!DOCTYPE html><html><head><meta charset="utf-8"><meta name="robots" content="noindex,nofollow"></head><body><noscript>T
[15:30:00] Yahoo XLE: HTTP Error 429: Too Many Requests
[15:30:01]   Stooq xle.us ответил без данных: <!DOCTYPE html><html><head><meta charset="utf-8"><meta name="robots" content="noindex,nofollow"></head><body><noscript>T
[15:30:02] Yahoo XOP: HTTP Error 429: Too Many Requests
[15:30:03]   Stooq xop.us ответил без данных: <!DOCTYPE html><html><head><meta charset="utf-8"><meta name="robots" content="noindex,nofollow"></head><body><noscript>T
[15:30:05] Yahoo COPX: HTTP Error 429: Too Many Requests
[15:30:06]   Stooq copx.us ответил без данных: <!DOCTYPE html><html><head><meta charset="utf-8"><meta name="robots" content="noindex,nofollow"></head><body><noscript>T
[15:30:07] Yahoo URA: HTTP Error 429: Too Many Requests
[15:30:08]   Stooq ura.us ответил без данных: <!DOCTYPE html><html><head><meta charset="utf-8"><meta name="robots" content="noindex,nofollow"></head><body><noscript>T
[15:30:09] Yahoo TQQQ: HTTP Error 429: Too Many Requests
[15:30:10]   Stooq tqqq.us ответил без данных: <!DOCTYPE html><html><head><meta charset="utf-8"><meta name="robots" content="noindex,nofollow"></head><body><noscript>T
[15:30:12] Yahoo TBLL: HTTP Error 429: Too Many Requests
[15:30:13]   Stooq tbll.us ответил без данных: <!DOCTYPE html><html><head><meta charset="utf-8"><meta name="robots" content="noindex,nofollow"></head><body><noscript>T
[15:30:14] Дневные свечи (etf): получено 0 из 14
[15:30:14] Yahoo GC=F: HTTP Error 429: Too Many Requests
[15:30:15]   Stooq xauusd ответил без данных: <!DOCTYPE html><html><head><meta charset="utf-8"><meta name="robots" content="noindex,nofollow"></head><body><noscript>T
[15:30:17]   Stooq gc.f ответил без данных: <!DOCTYPE html><html><head><meta charset="utf-8"><meta name="robots" content="noindex,nofollow"></head><body><noscript>T
[15:30:18] Yahoo SI=F: HTTP Error 429: Too Many Requests
[15:30:19]   Stooq xagusd ответил без данных: <!DOCTYPE html><html><head><meta charset="utf-8"><meta name="robots" content="noindex,nofollow"></head><body><noscript>T
[15:30:21]   Stooq si.f ответил без данных: <!DOCTYPE html><html><head><meta charset="utf-8"><meta name="robots" content="noindex,nofollow"></head><body><noscript>T
[15:30:22] Yahoo PL=F: HTTP Error 429: Too Many Requests
[15:30:23]   Stooq xptusd ответил без данных: <!DOCTYPE html><html><head><meta charset="utf-8"><meta name="robots" content="noindex,nofollow"></head><body><noscript>T
[15:30:25]   Stooq pl.f ответил без данных: <!DOCTYPE html><html><head><meta charset="utf-8"><meta name="robots" content="noindex,nofollow"></head><body><noscript>T
[15:30:26] Yahoo CL=F: HTTP Error 429: Too Many Requests
[15:30:27]   Stooq cl.f ответил без данных: <!DOCTYPE html><html><head><meta charset="utf-8"><meta name="robots" content="noindex,nofollow"></head><body><noscript>T
[15:30:28] Yahoo BZ=F: HTTP Error 429: Too Many Requests
[15:30:29]   Stooq cb.f ответил без данных: <!DOCTYPE html><html><head><meta charset="utf-8"><meta name="robots" content="noindex,nofollow"></head><body><noscript>T
[15:30:31] Дневные свечи (commodity): получено 0 из 5
[15:30:31] Yahoo ^GSPC: HTTP Error 429: Too Many Requests
[15:30:32]   Stooq ^spx ответил без данных: <!DOCTYPE html><html><head><meta charset="utf-8"><meta name="robots" content="noindex,nofollow"></head><body><noscript>T
[15:30:33] Yahoo ^NDX: HTTP Error 429: Too Many Requests
[15:30:34]   Stooq ^ndx ответил без данных: <!DOCTYPE html><html><head><meta charset="utf-8"><meta name="robots" content="noindex,nofollow"></head><body><noscript>T
[15:30:35] Yahoo DX-Y.NYB: HTTP Error 429: Too Many Requests
[15:30:37]   Stooq ^dxy ответил без данных: <!DOCTYPE html><html><head><meta charset="utf-8"><meta name="robots" content="noindex,nofollow"></head><body><noscript>T
[15:30:38] Yahoo RUB=X: HTTP Error 429: Too Many Requests
[15:30:39]   Stooq usdrub ответил без данных: <!DOCTYPE html><html><head><meta charset="utf-8"><meta name="robots" content="noindex,nofollow"></head><body><noscript>T
[15:30:40] Дневные свечи (index): получено 0 из 4
[15:30:41] ЦБ РФ: USD/RUB = 84.3414
[15:30:41] История: добавлено 76 строк, обновлено 0, всего ключей 23523
[15:30:41] Снапшот: 76 инструментов
[15:30:41] Догружаю историю, осталось времени 18 мин
[15:30:41]   история PALLx: 96 точек
[15:30:49]   история PPLTx: 172 точек
[15:30:56]   история AMDx: 249 точек
[15:31:03]   история COPXx: 0 точек
[15:31:10]   история IEMGx: 208 точек
[15:31:17]   история XLEx: 111 точек
[15:31:24]   история URAx: 6 точек
[15:31:31]   лимит запросов, жду 20s
[15:31:51]   лимит запросов, жду 40s
[15:32:31]   история SLVx не забралась: HTTP Error 429: Too Many Requests
[15:32:39]   история JNJx: 278 точек
[15:32:46]   история MRVLx: 299 точек
[15:32:53]   история NVOx: 287 точек
[15:33:00]   история IWMx: 84 точек
[15:33:07]   история XOPx: 0 точек
[15:33:15]   история TBLLx: 175 точек
[15:33:22]   пропущено (история уже есть): 56
[15:33:22] История: добавлено 0 строк, обновлено 1965, всего ключей 23523
[15:33:22] Снапшот: 76 инструментов
