[15:11:03] Старт сбора (с историей за год), 2026-09-15 15:11 UTC, бюджет 22 мин
[15:11:03] Уборка истории: выкинуто 0 строк, осталось 22185
[15:11:03] Разрешаю 1 id через /coins/list
[15:11:03]   ADI -> adi-token
[15:11:18] CoinGecko: получено 42 из 42
[15:11:18] xStocks: нашлось токенов 36 из 38
[15:11:25]   лимит запросов, жду 20s
[15:11:45]   лимит запросов, жду 40s
[15:12:25] CoinGecko rub: чанк не забрался: HTTP Error 429: Too Many Requests
[15:12:32] CoinGecko: получено 34 из 36
[15:12:32] Yahoo NVDA: HTTP Error 429: Too Many Requests
[15:12:33]   Stooq nvda.us ответил без данных: <!DOCTYPE html><html><head><meta charset="utf-8"><meta name="robots" content="noindex,nofollow"></head><body><noscript>T
[15:12:35] Yahoo AAPL: HTTP Error 429: Too Many Requests
[15:12:36]   Stooq aapl.us ответил без данных: <!DOCTYPE html><html><head><meta charset="utf-8"><meta name="robots" content="noindex,nofollow"></head><body><noscript>T
[15:12:37] Yahoo MSFT: HTTP Error 429: Too Many Requests
[15:12:38]   Stooq msft.us ответил без данных: <!DOCTYPE html><html><head><meta charset="utf-8"><meta name="robots" content="noindex,nofollow"></head><body><noscript>T
[15:12:39] Yahoo GOOGL: HTTP Error 429: Too Many Requests
[15:12:40]   Stooq googl.us ответил без данных: <!DOCTYPE html><html><head><meta charset="utf-8"><meta name="robots" content="noindex,nofollow"></head><body><noscript>T
[15:12:42] Yahoo AMZN: HTTP Error 429: Too Many Requests
[15:12:43]   Stooq amzn.us ответил без данных: <!DOCTYPE html><html><head><meta charset="utf-8"><meta name="robots" content="noindex,nofollow"></head><body><noscript>T
[15:12:44] Yahoo TSLA: HTTP Error 429: Too Many Requests
[15:12:45]   Stooq tsla.us ответил без данных: <!DOCTYPE html><html><head><meta charset="utf-8"><meta name="robots" content="noindex,nofollow"></head><body><noscript>T
[15:12:46] Yahoo AVGO: HTTP Error 429: Too Many Requests
[15:12:47]   Stooq avgo.us ответил без данных: <!DOCTYPE html><html><head><meta charset="utf-8"><meta name="robots" content="noindex,nofollow"></head><body><noscript>T
[15:12:48] Yahoo TSM: HTTP Error 429: Too Many Requests
[15:12:49]   Stooq tsm.us ответил без данных: <!DOCTYPE html><html><head><meta charset="utf-8"><meta name="robots" content="noindex,nofollow"></head><body><noscript>T
[15:12:51] Yahoo MU: HTTP Error 429: Too Many Requests
[15:12:52]   Stooq mu.us ответил без данных: <!DOCTYPE html><html><head><meta charset="utf-8"><meta name="robots" content="noindex,nofollow"></head><body><noscript>T
[15:12:53] Yahoo AMD: HTTP Error 429: Too Many Requests
[15:12:54]   Stooq amd.us ответил без данных: <!DOCTYPE html><html><head><meta charset="utf-8"><meta name="robots" content="noindex,nofollow"></head><body><noscript>T
[15:12:55] Yahoo MRVL: HTTP Error 429: Too Many Requests
[15:12:56]   Stooq mrvl.us ответил без данных: <!DOCTYPE html><html><head><meta charset="utf-8"><meta name="robots" content="noindex,nofollow"></head><body><noscript>T
[15:12:57] Yahoo INTC: HTTP Error 429: Too Many Requests
[15:12:58]   Stooq intc.us ответил без данных: <!DOCTYPE html><html><head><meta charset="utf-8"><meta name="robots" content="noindex,nofollow"></head><body><noscript>T
[15:12:59] Yahoo ORCL: HTTP Error 429: Too Many Requests
[15:13:00]   Stooq orcl.us ответил без данных: <!DOCTYPE html><html><head><meta charset="utf-8"><meta name="robots" content="noindex,nofollow"></head><body><noscript>T
[15:13:02] Yahoo PLTR: HTTP Error 429: Too Many Requests
[15:13:03]   Stooq pltr.us ответил без данных: <!DOCTYPE html><html><head><meta charset="utf-8"><meta name="robots" content="noindex,nofollow"></head><body><noscript>T
[15:13:04] Yahoo COIN: HTTP Error 429: Too Many Requests
[15:13:05]   Stooq coin.us ответил без данных: <!DOCTYPE html><html><head><meta charset="utf-8"><meta name="robots" content="noindex,nofollow"></head><body><noscript>T
[15:13:06] Yahoo HOOD: HTTP Error 429: Too Many Requests
[15:13:07]   Stooq hood.us ответил без данных: <!DOCTYPE html><html><head><meta charset="utf-8"><meta name="robots" content="noindex,nofollow"></head><body><noscript>T
[15:13:09] Yahoo MSTR: HTTP Error 429: Too Many Requests
[15:13:10]   Stooq mstr.us ответил без данных: <!DOCTYPE html><html><head><meta charset="utf-8"><meta name="robots" content="noindex,nofollow"></head><body><noscript>T
[15:13:11] Yahoo CRCL: HTTP Error 429: Too Many Requests
[15:13:12]   Stooq crcl.us ответил без данных: <!DOCTYPE html><html><head><meta charset="utf-8"><meta name="robots" content="noindex,nofollow"></head><body><noscript>T
[15:13:13] Yahoo NBIS: HTTP Error 429: Too Many Requests
[15:13:14]   Stooq nbis.us ответил без данных: <!DOCTYPE html><html><head><meta charset="utf-8"><meta name="robots" content="noindex,nofollow"></head><body><noscript>T
[15:13:15] Yahoo CRWV: HTTP Error 429: Too Many Requests
[15:13:16]   Stooq crwv.us ответил без данных: <!DOCTYPE html><html><head><meta charset="utf-8"><meta name="robots" content="noindex,nofollow"></head><body><noscript>T
[15:13:18] Yahoo LLY: HTTP Error 429: Too Many Requests
[15:13:19]   Stooq lly.us ответил без данных: <!DOCTYPE html><html><head><meta charset="utf-8"><meta name="robots" content="noindex,nofollow"></head><body><noscript>T
[15:13:20] Yahoo UNH: HTTP Error 429: Too Many Requests
[15:13:21]   Stooq unh.us ответил без данных: <!DOCTYPE html><html><head><meta charset="utf-8"><meta name="robots" content="noindex,nofollow"></head><body><noscript>T
[15:13:22] Yahoo NVO: HTTP Error 429: Too Many Requests
[15:13:23]   Stooq nvo.us ответил без данных: <!DOCTYPE html><html><head><meta charset="utf-8"><meta name="robots" content="noindex,nofollow"></head><body><noscript>T
[15:13:24] Yahoo XOM: HTTP Error 429: Too Many Requests
[15:13:25]   Stooq xom.us ответил без данных: <!DOCTYPE html><html><head><meta charset="utf-8"><meta name="robots" content="noindex,nofollow"></head><body><noscript>T
[15:13:27] Yahoo CVX: HTTP Error 429: Too Many Requests
[15:13:28]   Stooq cvx.us ответил без данных: <!DOCTYPE html><html><head><meta charset="utf-8"><meta name="robots" content="noindex,nofollow"></head><body><noscript>T
[15:13:29] Yahoo V: HTTP Error 429: Too Many Requests
[15:13:30]   Stooq v.us ответил без данных: <!DOCTYPE html><html><head><meta charset="utf-8"><meta name="robots" content="noindex,nofollow"></head><body><noscript>T
[15:13:31] Yahoo JNJ: HTTP Error 429: Too Many Requests
[15:13:32]   Stooq jnj.us ответил без данных: <!DOCTYPE html><html><head><meta charset="utf-8"><meta name="robots" content="noindex,nofollow"></head><body><noscript>T
[15:13:33] Yahoo PG: HTTP Error 429: Too Many Requests
[15:13:34]   Stooq pg.us ответил без данных: <!DOCTYPE html><html><head><meta charset="utf-8"><meta name="robots" content="noindex,nofollow"></head><body><noscript>T
[15:13:36] Yahoo NFLX: HTTP Error 429: Too Many Requests
[15:13:37]   Stooq nflx.us ответил без данных: <!DOCTYPE html><html><head><meta charset="utf-8"><meta name="robots" content="noindex,nofollow"></head><body><noscript>T
[15:13:38] Дневные свечи (equity): получено 0 из 29
[15:13:38] Yahoo SPY: HTTP Error 429: Too Many Requests
[15:13:39]   Stooq spy.us ответил без данных: <!DOCTYPE html><html><head><meta charset="utf-8"><meta name="robots" content="noindex,nofollow"></head><body><noscript>T
[15:13:40] Yahoo QQQ: HTTP Error 429: Too Many Requests
[15:13:41]   Stooq qqq.us ответил без данных: <!DOCTYPE html><html><head><meta charset="utf-8"><meta name="robots" content="noindex,nofollow"></head><body><noscript>T
[15:13:42] Yahoo VTI: HTTP Error 429: Too Many Requests
[15:13:43]   Stooq vti.us ответил без данных: <!DOCTYPE html><html><head><meta charset="utf-8"><meta name="robots" content="noindex,nofollow"></head><body><noscript>T
[15:13:45] Yahoo IWM: HTTP Error 429: Too Many Requests
[15:13:46]   Stooq iwm.us ответил без данных: <!DOCTYPE html><html><head><meta charset="utf-8"><meta name="robots" content="noindex,nofollow"></head><body><noscript>T
[15:13:47] Yahoo IEMG: HTTP Error 429: Too Many Requests
[15:13:48]   Stooq iemg.us ответил без данных: <!DOCTYPE html><html><head><meta charset="utf-8"><meta name="robots" content="noindex,nofollow"></head><body><noscript>T
[15:13:49] Yahoo SLV: HTTP Error 429: Too Many Requests
[15:13:50]   Stooq slv.us ответил без данных: <!DOCTYPE html><html><head><meta charset="utf-8"><meta name="robots" content="noindex,nofollow"></head><body><noscript>T
[15:13:51] Yahoo PPLT: HTTP Error 429: Too Many Requests
[15:13:52]   Stooq pplt.us ответил без данных: <!DOCTYPE html><html><head><meta charset="utf-8"><meta name="robots" content="noindex,nofollow"></head><body><noscript>T
[15:13:54] Yahoo PALL: HTTP Error 429: Too Many Requests
[15:13:55]   Stooq pall.us ответил без данных: <!DOCTYPE html><html><head><meta charset="utf-8"><meta name="robots" content="noindex,nofollow"></head><body><noscript>T
[15:13:56] Yahoo XLE: HTTP Error 429: Too Many Requests
[15:13:57]   Stooq xle.us ответил без данных: <!DOCTYPE html><html><head><meta charset="utf-8"><meta name="robots" content="noindex,nofollow"></head><body><noscript>T
[15:13:58] Yahoo XOP: HTTP Error 429: Too Many Requests
[15:13:59]   Stooq xop.us ответил без данных: <!DOCTYPE html><html><head><meta charset="utf-8"><meta name="robots" content="noindex,nofollow"></head><body><noscript>T
[15:14:01] Yahoo COPX: HTTP Error 429: Too Many Requests
[15:14:02]   Stooq copx.us ответил без данных: <!DOCTYPE html><html><head><meta charset="utf-8"><meta name="robots" content="noindex,nofollow"></head><body><noscript>T
[15:14:03] Yahoo URA: HTTP Error 429: Too Many Requests
[15:14:04]   Stooq ura.us ответил без данных: <!DOCTYPE html><html><head><meta charset="utf-8"><meta name="robots" content="noindex,nofollow"></head><body><noscript>T
[15:14:05] Yahoo TQQQ: HTTP Error 429: Too Many Requests
[15:14:07]   Stooq tqqq.us ответил без данных: <!DOCTYPE html><html><head><meta charset="utf-8"><meta name="robots" content="noindex,nofollow"></head><body><noscript>T
[15:14:08] Yahoo TBLL: HTTP Error 429: Too Many Requests
[15:14:09]   Stooq tbll.us ответил без данных: <!DOCTYPE html><html><head><meta charset="utf-8"><meta name="robots" content="noindex,nofollow"></head><body><noscript>T
[15:14:11] Дневные свечи (etf): получено 0 из 14
[15:14:11] Yahoo GC=F: HTTP Error 429: Too Many Requests
[15:14:12]   Stooq xauusd ответил без данных: <!DOCTYPE html><html><head><meta charset="utf-8"><meta name="robots" content="noindex,nofollow"></head><body><noscript>T
[15:14:13]   Stooq gc.f ответил без данных: <!DOCTYPE html><html><head><meta charset="utf-8"><meta name="robots" content="noindex,nofollow"></head><body><noscript>T
[15:14:15] Yahoo SI=F: HTTP Error 429: Too Many Requests
[15:14:16]   Stooq xagusd ответил без данных: <!DOCTYPE html><html><head><meta charset="utf-8"><meta name="robots" content="noindex,nofollow"></head><body><noscript>T
[15:14:17]   Stooq si.f ответил без данных: <!DOCTYPE html><html><head><meta charset="utf-8"><meta name="robots" content="noindex,nofollow"></head><body><noscript>T
[15:14:19] Yahoo PL=F: HTTP Error 429: Too Many Requests
[15:14:20]   Stooq xptusd ответил без данных: <!DOCTYPE html><html><head><meta charset="utf-8"><meta name="robots" content="noindex,nofollow"></head><body><noscript>T
[15:14:21]   Stooq pl.f ответил без данных: <!DOCTYPE html><html><head><meta charset="utf-8"><meta name="robots" content="noindex,nofollow"></head><body><noscript>T
[15:14:23] Yahoo CL=F: HTTP Error 429: Too Many Requests
[15:14:24]   Stooq cl.f ответил без данных: <!DOCTYPE html><html><head><meta charset="utf-8"><meta name="robots" content="noindex,nofollow"></head><body><noscript>T
[15:14:25] Yahoo BZ=F: HTTP Error 429: Too Many Requests
[15:14:26]   Stooq cb.f ответил без данных: <!DOCTYPE html><html><head><meta charset="utf-8"><meta name="robots" content="noindex,nofollow"></head><body><noscript>T
[15:14:27] Дневные свечи (commodity): получено 0 из 5
[15:14:28] Yahoo ^GSPC: HTTP Error 429: Too Many Requests
[15:14:29]   Stooq ^spx ответил без данных: <!DOCTYPE html><html><head><meta charset="utf-8"><meta name="robots" content="noindex,nofollow"></head><body><noscript>T
[15:14:30] Yahoo ^NDX: HTTP Error 429: Too Many Requests
[15:14:31]   Stooq ^ndx ответил без данных: <!DOCTYPE html><html><head><meta charset="utf-8"><meta name="robots" content="noindex,nofollow"></head><body><noscript>T
[15:14:32] Yahoo DX-Y.NYB: HTTP Error 429: Too Many Requests
[15:14:33]   Stooq ^dxy ответил без данных: <!DOCTYPE html><html><head><meta charset="utf-8"><meta name="robots" content="noindex,nofollow"></head><body><noscript>T
[15:14:34] Yahoo RUB=X: HTTP Error 429: Too Many Requests
[15:14:35]   Stooq usdrub ответил без данных: <!DOCTYPE html><html><head><meta charset="utf-8"><meta name="robots" content="noindex,nofollow"></head><body><noscript>T
[15:14:36] Дневные свечи (index): получено 0 из 4
[15:14:37] ЦБ РФ: USD/RUB = 84.2362
[15:14:37] История: добавлено 76 строк, обновлено 0, всего ключей 22261
[15:14:37] Снапшот: 76 инструментов
[15:14:37] Догружаю историю, осталось времени 18 мин
[15:14:37]   история PALLx: 86 точек
[15:14:45]   история PPLTx: 161 точек
[15:14:52]   история AMDx: 239 точек
[15:14:59]   история COPXx: 0 точек
[15:15:06]   история IEMGx: 199 точек
[15:15:13]   история XLEx: 101 точек
[15:15:20]   история URAx: 4 точек
[15:15:28]   лимит запросов, жду 20s
[15:15:48]   лимит запросов, жду 40s
[15:16:28]   история INTCx: 296 точек
[15:16:35]   история SLVx: 34 точек
[15:16:42]   история JNJx: 268 точек
[15:16:49]   история MRVLx: 289 точек
[15:16:57]   история NVOx: 277 точек
[15:17:04]   история IWMx: 75 точек
[15:17:11]   лимит запросов, жду 20s
[15:17:31]   лимит запросов, жду 40s
[15:18:11]   история XOPx: 0 точек
[15:18:18]   история TBLLx: 171 точек
[15:18:25]   пропущено (история уже есть): 55
[15:18:25] История: добавлено 0 строк, обновлено 2200, всего ключей 22261
[15:18:25] Снапшот: 76 инструментов
[23:04:33] Старт сбора (с историей за год), 2026-09-15 23:04 UTC, бюджет 22 мин
[23:04:33] Уборка истории: выкинуто 0 строк, осталось 22261
[23:04:33] Разрешаю 1 id через /coins/list
[23:04:33]   ADI -> adi-token
[23:04:48] CoinGecko: получено 42 из 42
[23:04:48] xStocks: нашлось токенов 36 из 38
[23:04:55]   лимит запросов, жду 20s
[23:05:15]   лимит запросов, жду 40s
[23:06:03] CoinGecko: получено 34 из 36
[23:06:03] Yahoo NVDA: HTTP Error 429: Too Many Requests
[23:06:04]   Stooq nvda.us ответил без данных: <!DOCTYPE html><html><head><meta charset="utf-8"><meta name="robots" content="noindex,nofollow"></head><body><noscript>T
[23:06:05] Yahoo AAPL: HTTP Error 429: Too Many Requests
[23:06:07]   Stooq aapl.us ответил без данных: <!DOCTYPE html><html><head><meta charset="utf-8"><meta name="robots" content="noindex,nofollow"></head><body><noscript>T
[23:06:08] Yahoo MSFT: HTTP Error 429: Too Many Requests
[23:06:09]   Stooq msft.us ответил без данных: <!DOCTYPE html><html><head><meta charset="utf-8"><meta name="robots" content="noindex,nofollow"></head><body><noscript>T
[23:06:10] Yahoo GOOGL: HTTP Error 429: Too Many Requests
[23:06:11]   Stooq googl.us ответил без данных: <!DOCTYPE html><html><head><meta charset="utf-8"><meta name="robots" content="noindex,nofollow"></head><body><noscript>T
[23:06:13] Yahoo AMZN: HTTP Error 429: Too Many Requests
[23:06:14]   Stooq amzn.us ответил без данных: <!DOCTYPE html><html><head><meta charset="utf-8"><meta name="robots" content="noindex,nofollow"></head><body><noscript>T
[23:06:15] Yahoo TSLA: HTTP Error 429: Too Many Requests
[23:06:16]   Stooq tsla.us ответил без данных: <!DOCTYPE html><html><head><meta charset="utf-8"><meta name="robots" content="noindex,nofollow"></head><body><noscript>T
[23:06:18] Yahoo AVGO: HTTP Error 429: Too Many Requests
[23:06:19]   Stooq avgo.us ответил без данных: <!DOCTYPE html><html><head><meta charset="utf-8"><meta name="robots" content="noindex,nofollow"></head><body><noscript>T
[23:06:20] Yahoo TSM: HTTP Error 429: Too Many Requests
[23:06:21]   Stooq tsm.us ответил без данных: <!DOCTYPE html><html><head><meta charset="utf-8"><meta name="robots" content="noindex,nofollow"></head><body><noscript>T
[23:06:22] Yahoo MU: HTTP Error 429: Too Many Requests
[23:06:24]   Stooq mu.us ответил без данных: <!DOCTYPE html><html><head><meta charset="utf-8"><meta name="robots" content="noindex,nofollow"></head><body><noscript>T
[23:06:25] Yahoo AMD: HTTP Error 429: Too Many Requests
[23:06:26]   Stooq amd.us ответил без данных: <!DOCTYPE html><html><head><meta charset="utf-8"><meta name="robots" content="noindex,nofollow"></head><body><noscript>T
[23:06:27] Yahoo MRVL: HTTP Error 429: Too Many Requests
[23:06:29]   Stooq mrvl.us ответил без данных: <!DOCTYPE html><html><head><meta charset="utf-8"><meta name="robots" content="noindex,nofollow"></head><body><noscript>T
[23:06:30] Yahoo INTC: HTTP Error 429: Too Many Requests
[23:06:31]   Stooq intc.us ответил без данных: <!DOCTYPE html><html><head><meta charset="utf-8"><meta name="robots" content="noindex,nofollow"></head><body><noscript>T
[23:06:32] Yahoo ORCL: HTTP Error 429: Too Many Requests
[23:06:34]   Stooq orcl.us ответил без данных: <!DOCTYPE html><html><head><meta charset="utf-8"><meta name="robots" content="noindex,nofollow"></head><body><noscript>T
[23:06:35] Yahoo PLTR: HTTP Error 429: Too Many Requests
[23:06:36]   Stooq pltr.us ответил без данных: <!DOCTYPE html><html><head><meta charset="utf-8"><meta name="robots" content="noindex,nofollow"></head><body><noscript>T
[23:06:37] Yahoo COIN: HTTP Error 429: Too Many Requests
[23:06:38]   Stooq coin.us ответил без данных: <!DOCTYPE html><html><head><meta charset="utf-8"><meta name="robots" content="noindex,nofollow"></head><body><noscript>T
[23:06:40] Yahoo HOOD: HTTP Error 429: Too Many Requests
[23:06:41]   Stooq hood.us ответил без данных: <!DOCTYPE html><html><head><meta charset="utf-8"><meta name="robots" content="noindex,nofollow"></head><body><noscript>T
[23:06:42] Yahoo MSTR: HTTP Error 429: Too Many Requests
[23:06:43]   Stooq mstr.us ответил без данных: <!DOCTYPE html><html><head><meta charset="utf-8"><meta name="robots" content="noindex,nofollow"></head><body><noscript>T
[23:06:44] Yahoo CRCL: HTTP Error 429: Too Many Requests
[23:06:45]   Stooq crcl.us ответил без данных: <!DOCTYPE html><html><head><meta charset="utf-8"><meta name="robots" content="noindex,nofollow"></head><body><noscript>T
[23:06:47] Yahoo NBIS: HTTP Error 429: Too Many Requests
[23:06:48]   Stooq nbis.us ответил без данных: <!DOCTYPE html><html><head><meta charset="utf-8"><meta name="robots" content="noindex,nofollow"></head><body><noscript>T
[23:06:49] Yahoo CRWV: HTTP Error 429: Too Many Requests
[23:06:50]   Stooq crwv.us ответил без данных: <!DOCTYPE html><html><head><meta charset="utf-8"><meta name="robots" content="noindex,nofollow"></head><body><noscript>T
[23:06:52] Yahoo LLY: HTTP Error 429: Too Many Requests
[23:06:53]   Stooq lly.us ответил без данных: <!DOCTYPE html><html><head><meta charset="utf-8"><meta name="robots" content="noindex,nofollow"></head><body><noscript>T
[23:06:54] Yahoo UNH: HTTP Error 429: Too Many Requests
[23:06:55]   Stooq unh.us ответил без данных: <!DOCTYPE html><html><head><meta charset="utf-8"><meta name="robots" content="noindex,nofollow"></head><body><noscript>T
[23:06:57] Yahoo NVO: HTTP Error 429: Too Many Requests
[23:06:58]   Stooq nvo.us ответил без данных: <!DOCTYPE html><html><head><meta charset="utf-8"><meta name="robots" content="noindex,nofollow"></head><body><noscript>T
[23:06:59] Yahoo XOM: HTTP Error 429: Too Many Requests
[23:07:00]   Stooq xom.us ответил без данных: <!DOCTYPE html><html><head><meta charset="utf-8"><meta name="robots" content="noindex,nofollow"></head><body><noscript>T
[23:07:01] Yahoo CVX: HTTP Error 429: Too Many Requests
[23:07:02]   Stooq cvx.us ответил без данных: <!DOCTYPE html><html><head><meta charset="utf-8"><meta name="robots" content="noindex,nofollow"></head><body><noscript>T
[23:07:04] Yahoo V: HTTP Error 429: Too Many Requests
[23:07:05]   Stooq v.us ответил без данных: <!DOCTYPE html><html><head><meta charset="utf-8"><meta name="robots" content="noindex,nofollow"></head><body><noscript>T
[23:07:06] Yahoo JNJ: HTTP Error 429: Too Many Requests
[23:07:07]   Stooq jnj.us ответил без данных: <!DOCTYPE html><html><head><meta charset="utf-8"><meta name="robots" content="noindex,nofollow"></head><body><noscript>T
[23:07:08] Yahoo PG: HTTP Error 429: Too Many Requests
[23:07:09]   Stooq pg.us ответил без данных: <!DOCTYPE html><html><head><meta charset="utf-8"><meta name="robots" content="noindex,nofollow"></head><body><noscript>T
[23:07:11] Yahoo NFLX: HTTP Error 429: Too Many Requests
[23:07:12]   Stooq nflx.us ответил без данных: <!DOCTYPE html><html><head><meta charset="utf-8"><meta name="robots" content="noindex,nofollow"></head><body><noscript>T
[23:07:13] Дневные свечи (equity): получено 0 из 29
[23:07:13] Yahoo SPY: HTTP Error 429: Too Many Requests
[23:07:14]   Stooq spy.us ответил без данных: <!DOCTYPE html><html><head><meta charset="utf-8"><meta name="robots" content="noindex,nofollow"></head><body><noscript>T
[23:07:15] Yahoo QQQ: HTTP Error 429: Too Many Requests
[23:07:16]   Stooq qqq.us ответил без данных: <!DOCTYPE html><html><head><meta charset="utf-8"><meta name="robots" content="noindex,nofollow"></head><body><noscript>T
[23:07:18] Yahoo VTI: HTTP Error 429: Too Many Requests
[23:07:19]   Stooq vti.us ответил без данных: <!DOCTYPE html><html><head><meta charset="utf-8"><meta name="robots" content="noindex,nofollow"></head><body><noscript>T
[23:07:20] Yahoo IWM: HTTP Error 429: Too Many Requests
[23:07:21]   Stooq iwm.us ответил без данных: <!DOCTYPE html><html><head><meta charset="utf-8"><meta name="robots" content="noindex,nofollow"></head><body><noscript>T
[23:07:23] Yahoo IEMG: HTTP Error 429: Too Many Requests
[23:07:24]   Stooq iemg.us ответил без данных: <!DOCTYPE html><html><head><meta charset="utf-8"><meta name="robots" content="noindex,nofollow"></head><body><noscript>T
[23:07:25] Yahoo SLV: HTTP Error 429: Too Many Requests
[23:07:26]   Stooq slv.us ответил без данных: <!DOCTYPE html><html><head><meta charset="utf-8"><meta name="robots" content="noindex,nofollow"></head><body><noscript>T
[23:07:27] Yahoo PPLT: HTTP Error 429: Too Many Requests
[23:07:28]   Stooq pplt.us ответил без данных: <!DOCTYPE html><html><head><meta charset="utf-8"><meta name="robots" content="noindex,nofollow"></head><body><noscript>T
[23:07:30] Yahoo PALL: HTTP Error 429: Too Many Requests
[23:07:31]   Stooq pall.us ответил без данных: <!DOCTYPE html><html><head><meta charset="utf-8"><meta name="robots" content="noindex,nofollow"></head><body><noscript>T
[23:07:32] Yahoo XLE: HTTP Error 429: Too Many Requests
[23:07:33]   Stooq xle.us ответил без данных: <!DOCTYPE html><html><head><meta charset="utf-8"><meta name="robots" content="noindex,nofollow"></head><body><noscript>T
[23:07:34] Yahoo XOP: HTTP Error 429: Too Many Requests
[23:07:35]   Stooq xop.us ответил без данных: <!DOCTYPE html><html><head><meta charset="utf-8"><meta name="robots" content="noindex,nofollow"></head><body><noscript>T
[23:07:36] Yahoo COPX: HTTP Error 429: Too Many Requests
[23:07:38]   Stooq copx.us ответил без данных: <!DOCTYPE html><html><head><meta charset="utf-8"><meta name="robots" content="noindex,nofollow"></head><body><noscript>T
[23:07:39] Yahoo URA: HTTP Error 429: Too Many Requests
[23:07:40]   Stooq ura.us ответил без данных: <!DOCTYPE html><html><head><meta charset="utf-8"><meta name="robots" content="noindex,nofollow"></head><body><noscript>T
[23:07:41] Yahoo TQQQ: HTTP Error 429: Too Many Requests
[23:07:42]   Stooq tqqq.us ответил без данных: <!DOCTYPE html><html><head><meta charset="utf-8"><meta name="robots" content="noindex,nofollow"></head><body><noscript>T
[23:07:44] Yahoo TBLL: HTTP Error 429: Too Many Requests
[23:07:45]   Stooq tbll.us ответил без данных: <!DOCTYPE html><html><head><meta charset="utf-8"><meta name="robots" content="noindex,nofollow"></head><body><noscript>T
[23:07:46] Дневные свечи (etf): получено 0 из 14
[23:07:46] Yahoo GC=F: HTTP Error 429: Too Many Requests
[23:07:47]   Stooq xauusd ответил без данных: <!DOCTYPE html><html><head><meta charset="utf-8"><meta name="robots" content="noindex,nofollow"></head><body><noscript>T
[23:07:48]   Stooq gc.f ответил без данных: <!DOCTYPE html><html><head><meta charset="utf-8"><meta name="robots" content="noindex,nofollow"></head><body><noscript>T
[23:07:50] Yahoo SI=F: HTTP Error 429: Too Many Requests
[23:07:51]   Stooq xagusd ответил без данных: <!DOCTYPE html><html><head><meta charset="utf-8"><meta name="robots" content="noindex,nofollow"></head><body><noscript>T
[23:07:52]   Stooq si.f ответил без данных: <!DOCTYPE html><html><head><meta charset="utf-8"><meta name="robots" content="noindex,nofollow"></head><body><noscript>T
[23:07:54] Yahoo PL=F: HTTP Error 429: Too Many Requests
[23:07:55]   Stooq xptusd ответил без данных: <!DOCTYPE html><html><head><meta charset="utf-8"><meta name="robots" content="noindex,nofollow"></head><body><noscript>T
[23:07:56]   Stooq pl.f ответил без данных: <!DOCTYPE html><html><head><meta charset="utf-8"><meta name="robots" content="noindex,nofollow"></head><body><noscript>T
[23:07:58] Yahoo CL=F: HTTP Error 429: Too Many Requests
[23:07:59]   Stooq cl.f ответил без данных: <!DOCTYPE html><html><head><meta charset="utf-8"><meta name="robots" content="noindex,nofollow"></head><body><noscript>T
[23:08:00] Yahoo BZ=F: HTTP Error 429: Too Many Requests
[23:08:01]   Stooq cb.f ответил без данных: <!DOCTYPE html><html><head><meta charset="utf-8"><meta name="robots" content="noindex,nofollow"></head><body><noscript>T
[23:08:02] Дневные свечи (commodity): получено 0 из 5
[23:08:03] Yahoo ^GSPC: HTTP Error 429: Too Many Requests
[23:08:04]   Stooq ^spx ответил без данных: <!DOCTYPE html><html><head><meta charset="utf-8"><meta name="robots" content="noindex,nofollow"></head><body><noscript>T
[23:08:05] Yahoo ^NDX: HTTP Error 429: Too Many Requests
[23:08:06]   Stooq ^ndx ответил без данных: <!DOCTYPE html><html><head><meta charset="utf-8"><meta name="robots" content="noindex,nofollow"></head><body><noscript>T
[23:08:07] Yahoo DX-Y.NYB: HTTP Error 429: Too Many Requests
[23:08:08]   Stooq ^dxy ответил без данных: <!DOCTYPE html><html><head><meta charset="utf-8"><meta name="robots" content="noindex,nofollow"></head><body><noscript>T
[23:08:10] Yahoo RUB=X: HTTP Error 429: Too Many Requests
[23:08:11]   Stooq usdrub ответил без данных: <!DOCTYPE html><html><head><meta charset="utf-8"><meta name="robots" content="noindex,nofollow"></head><body><noscript>T
[23:08:12] Дневные свечи (index): получено 0 из 4
[23:08:12] ЦБ РФ: USD/RUB = 84.2362
[23:08:12] История: добавлено 0 строк, обновлено 76, всего ключей 22261
[23:08:13] Снапшот: 76 инструментов
[23:08:13] Догружаю историю, осталось времени 18 мин
[23:08:13]   история PALLx: 86 точек
[23:08:20]   история PPLTx: 162 точек
[23:08:27]   история AMDx: 239 точек
[23:08:34]   история COPXx: 0 точек
[23:08:41]   история IEMGx: 199 точек
[23:08:48]   лимит запросов, жду 20s
[23:09:08]   лимит запросов, жду 40s
[23:09:49]   история XLEx: 102 точек
[23:09:56]   история URAx: 4 точек
[23:10:03]   история INTCx: 296 точек
[23:10:11]   история SLVx: 34 точек
[23:10:18]   история JNJx: 268 точек
[23:10:25]   история MRVLx: 289 точек
[23:10:32]   история NVOx: 277 точек
[23:10:39]   лимит запросов, жду 20s
[23:10:59]   лимит запросов, жду 40s
[23:11:39]   история IWMx не забралась: HTTP Error 429: Too Many Requests
[23:11:46]   история XOPx: 0 точек
[23:11:54]   история TBLLx: 171 точек
[23:12:01]   пропущено (история уже есть): 55
[23:12:01] История: добавлено 0 строк, обновлено 2127, всего ключей 22261
[23:12:01] Снапшот: 76 инструментов
