[14:39:21] Старт сбора (с историей за год), 2026-09-26 14:39 UTC, бюджет 22 мин
[14:39:21] Уборка истории: выкинуто 0 строк, осталось 24024
[14:39:21] Разрешаю 1 id через /coins/list
[14:39:21]   ADI -> adi-token
[14:39:36] CoinGecko: получено 42 из 42
[14:39:36] xStocks: нашлось токенов 36 из 38
[14:39:43]   лимит запросов, жду 20s
[14:40:03]   лимит запросов, жду 40s
[14:40:50] CoinGecko: получено 34 из 36
[14:40:50] Yahoo NVDA: HTTP Error 429: Too Many Requests
[14:40:51]   Stooq nvda.us ответил без данных: <!DOCTYPE html><html><head><meta charset="utf-8"><meta name="robots" content="noindex,nofollow"></head><body><noscript>T
[14:40:53] Yahoo AAPL: HTTP Error 429: Too Many Requests
[14:40:54]   Stooq aapl.us ответил без данных: <!DOCTYPE html><html><head><meta charset="utf-8"><meta name="robots" content="noindex,nofollow"></head><body><noscript>T
[14:40:55] Yahoo MSFT: HTTP Error 429: Too Many Requests
[14:40:56]   Stooq msft.us ответил без данных: <!DOCTYPE html><html><head><meta charset="utf-8"><meta name="robots" content="noindex,nofollow"></head><body><noscript>T
[14:40:57] Yahoo GOOGL: HTTP Error 429: Too Many Requests
[14:40:58]   Stooq googl.us ответил без данных: <!DOCTYPE html><html><head><meta charset="utf-8"><meta name="robots" content="noindex,nofollow"></head><body><noscript>T
[14:41:00] Yahoo AMZN: HTTP Error 429: Too Many Requests
[14:41:01]   Stooq amzn.us ответил без данных: <!DOCTYPE html><html><head><meta charset="utf-8"><meta name="robots" content="noindex,nofollow"></head><body><noscript>T
[14:41:02] Yahoo TSLA: HTTP Error 429: Too Many Requests
[14:41:03]   Stooq tsla.us ответил без данных: <!DOCTYPE html><html><head><meta charset="utf-8"><meta name="robots" content="noindex,nofollow"></head><body><noscript>T
[14:41:04] Yahoo AVGO: HTTP Error 429: Too Many Requests
[14:41:05]   Stooq avgo.us ответил без данных: <!DOCTYPE html><html><head><meta charset="utf-8"><meta name="robots" content="noindex,nofollow"></head><body><noscript>T
[14:41:07] Yahoo TSM: HTTP Error 429: Too Many Requests
[14:41:08]   Stooq tsm.us ответил без данных: <!DOCTYPE html><html><head><meta charset="utf-8"><meta name="robots" content="noindex,nofollow"></head><body><noscript>T
[14:41:09] Yahoo MU: HTTP Error 429: Too Many Requests
[14:41:10]   Stooq mu.us ответил без данных: <!DOCTYPE html><html><head><meta charset="utf-8"><meta name="robots" content="noindex,nofollow"></head><body><noscript>T
[14:41:11] Yahoo AMD: HTTP Error 429: Too Many Requests
[14:41:12]   Stooq amd.us ответил без данных: <!DOCTYPE html><html><head><meta charset="utf-8"><meta name="robots" content="noindex,nofollow"></head><body><noscript>T
[14:41:13] Yahoo MRVL: HTTP Error 429: Too Many Requests
[14:41:14]   Stooq mrvl.us ответил без данных: <!DOCTYPE html><html><head><meta charset="utf-8"><meta name="robots" content="noindex,nofollow"></head><body><noscript>T
[14:41:16] Yahoo INTC: HTTP Error 429: Too Many Requests
[14:41:17]   Stooq intc.us ответил без данных: <!DOCTYPE html><html><head><meta charset="utf-8"><meta name="robots" content="noindex,nofollow"></head><body><noscript>T
[14:41:18] Yahoo ORCL: HTTP Error 429: Too Many Requests
[14:41:19]   Stooq orcl.us ответил без данных: <!DOCTYPE html><html><head><meta charset="utf-8"><meta name="robots" content="noindex,nofollow"></head><body><noscript>T
[14:41:20] Yahoo PLTR: HTTP Error 429: Too Many Requests
[14:41:21]   Stooq pltr.us ответил без данных: <!DOCTYPE html><html><head><meta charset="utf-8"><meta name="robots" content="noindex,nofollow"></head><body><noscript>T
[14:41:23] Yahoo COIN: HTTP Error 429: Too Many Requests
[14:41:24]   Stooq coin.us ответил без данных: <!DOCTYPE html><html><head><meta charset="utf-8"><meta name="robots" content="noindex,nofollow"></head><body><noscript>T
[14:41:25] Yahoo HOOD: HTTP Error 429: Too Many Requests
[14:41:26]   Stooq hood.us ответил без данных: <!DOCTYPE html><html><head><meta charset="utf-8"><meta name="robots" content="noindex,nofollow"></head><body><noscript>T
[14:41:27] Yahoo MSTR: HTTP Error 429: Too Many Requests
[14:41:28]   Stooq mstr.us ответил без данных: <!DOCTYPE html><html><head><meta charset="utf-8"><meta name="robots" content="noindex,nofollow"></head><body><noscript>T
[14:41:29] Yahoo CRCL: HTTP Error 429: Too Many Requests
[14:41:30]   Stooq crcl.us ответил без данных: <!DOCTYPE html><html><head><meta charset="utf-8"><meta name="robots" content="noindex,nofollow"></head><body><noscript>T
[14:41:32] Yahoo NBIS: HTTP Error 429: Too Many Requests
[14:41:33]   Stooq nbis.us ответил без данных: <!DOCTYPE html><html><head><meta charset="utf-8"><meta name="robots" content="noindex,nofollow"></head><body><noscript>T
[14:41:34] Yahoo CRWV: HTTP Error 429: Too Many Requests
[14:41:35]   Stooq crwv.us ответил без данных: <!DOCTYPE html><html><head><meta charset="utf-8"><meta name="robots" content="noindex,nofollow"></head><body><noscript>T
[14:41:36] Yahoo LLY: HTTP Error 429: Too Many Requests
[14:41:37]   Stooq lly.us ответил без данных: <!DOCTYPE html><html><head><meta charset="utf-8"><meta name="robots" content="noindex,nofollow"></head><body><noscript>T
[14:41:38] Yahoo UNH: HTTP Error 429: Too Many Requests
[14:41:39]   Stooq unh.us ответил без данных: <!DOCTYPE html><html><head><meta charset="utf-8"><meta name="robots" content="noindex,nofollow"></head><body><noscript>T
[14:41:40] Yahoo NVO: HTTP Error 429: Too Many Requests
[14:41:41]   Stooq nvo.us ответил без данных: <!DOCTYPE html><html><head><meta charset="utf-8"><meta name="robots" content="noindex,nofollow"></head><body><noscript>T
[14:41:43] Yahoo XOM: HTTP Error 429: Too Many Requests
[14:41:44]   Stooq xom.us ответил без данных: <!DOCTYPE html><html><head><meta charset="utf-8"><meta name="robots" content="noindex,nofollow"></head><body><noscript>T
[14:41:45] Yahoo CVX: HTTP Error 429: Too Many Requests
[14:41:46]   Stooq cvx.us ответил без данных: <!DOCTYPE html><html><head><meta charset="utf-8"><meta name="robots" content="noindex,nofollow"></head><body><noscript>T
[14:41:47] Yahoo V: HTTP Error 429: Too Many Requests
[14:41:48]   Stooq v.us ответил без данных: <!DOCTYPE html><html><head><meta charset="utf-8"><meta name="robots" content="noindex,nofollow"></head><body><noscript>T
[14:41:49] Yahoo JNJ: HTTP Error 429: Too Many Requests
[14:41:50]   Stooq jnj.us ответил без данных: <!DOCTYPE html><html><head><meta charset="utf-8"><meta name="robots" content="noindex,nofollow"></head><body><noscript>T
[14:41:51] Yahoo PG: HTTP Error 429: Too Many Requests
[14:41:52]   Stooq pg.us ответил без данных: <!DOCTYPE html><html><head><meta charset="utf-8"><meta name="robots" content="noindex,nofollow"></head><body><noscript>T
[14:41:54] Yahoo NFLX: HTTP Error 429: Too Many Requests
[14:41:55]   Stooq nflx.us ответил без данных: <!DOCTYPE html><html><head><meta charset="utf-8"><meta name="robots" content="noindex,nofollow"></head><body><noscript>T
[14:41:56] Дневные свечи (equity): получено 0 из 29
[14:41:56] Yahoo SPY: HTTP Error 429: Too Many Requests
[14:41:57]   Stooq spy.us ответил без данных: <!DOCTYPE html><html><head><meta charset="utf-8"><meta name="robots" content="noindex,nofollow"></head><body><noscript>T
[14:41:58] Yahoo QQQ: HTTP Error 429: Too Many Requests
[14:41:59]   Stooq qqq.us ответил без данных: <!DOCTYPE html><html><head><meta charset="utf-8"><meta name="robots" content="noindex,nofollow"></head><body><noscript>T
[14:42:00] Yahoo VTI: HTTP Error 429: Too Many Requests
[14:42:01]   Stooq vti.us ответил без данных: <!DOCTYPE html><html><head><meta charset="utf-8"><meta name="robots" content="noindex,nofollow"></head><body><noscript>T
[14:42:03] Yahoo IWM: HTTP Error 429: Too Many Requests
[14:42:04]   Stooq iwm.us ответил без данных: <!DOCTYPE html><html><head><meta charset="utf-8"><meta name="robots" content="noindex,nofollow"></head><body><noscript>T
[14:42:05] Yahoo IEMG: HTTP Error 429: Too Many Requests
[14:42:06]   Stooq iemg.us ответил без данных: <!DOCTYPE html><html><head><meta charset="utf-8"><meta name="robots" content="noindex,nofollow"></head><body><noscript>T
[14:42:07] Yahoo SLV: HTTP Error 429: Too Many Requests
[14:42:08]   Stooq slv.us ответил без данных: <!DOCTYPE html><html><head><meta charset="utf-8"><meta name="robots" content="noindex,nofollow"></head><body><noscript>T
[14:42:10] Yahoo PPLT: HTTP Error 429: Too Many Requests
[14:42:10]   Stooq pplt.us ответил без данных: <!DOCTYPE html><html><head><meta charset="utf-8"><meta name="robots" content="noindex,nofollow"></head><body><noscript>T
[14:42:12] Yahoo PALL: HTTP Error 429: Too Many Requests
[14:42:13]   Stooq pall.us ответил без данных: <!DOCTYPE html><html><head><meta charset="utf-8"><meta name="robots" content="noindex,nofollow"></head><body><noscript>T
[14:42:14] Yahoo XLE: HTTP Error 429: Too Many Requests
[14:42:15]   Stooq xle.us ответил без данных: <!DOCTYPE html><html><head><meta charset="utf-8"><meta name="robots" content="noindex,nofollow"></head><body><noscript>T
[14:42:16] Yahoo XOP: HTTP Error 429: Too Many Requests
[14:42:17]   Stooq xop.us ответил без данных: <!DOCTYPE html><html><head><meta charset="utf-8"><meta name="robots" content="noindex,nofollow"></head><body><noscript>T
[14:42:18] Yahoo COPX: HTTP Error 429: Too Many Requests
[14:42:19]   Stooq copx.us ответил без данных: <!DOCTYPE html><html><head><meta charset="utf-8"><meta name="robots" content="noindex,nofollow"></head><body><noscript>T
[14:42:21] Yahoo URA: HTTP Error 429: Too Many Requests
[14:42:21]   Stooq ura.us ответил без данных: <!DOCTYPE html><html><head><meta charset="utf-8"><meta name="robots" content="noindex,nofollow"></head><body><noscript>T
[14:42:23] Yahoo TQQQ: HTTP Error 429: Too Many Requests
[14:42:24]   Stooq tqqq.us ответил без данных: <!DOCTYPE html><html><head><meta charset="utf-8"><meta name="robots" content="noindex,nofollow"></head><body><noscript>T
[14:42:25] Yahoo TBLL: HTTP Error 429: Too Many Requests
[14:42:26]   Stooq tbll.us ответил без данных: <!DOCTYPE html><html><head><meta charset="utf-8"><meta name="robots" content="noindex,nofollow"></head><body><noscript>T
[14:42:27] Дневные свечи (etf): получено 0 из 14
[14:42:27] Yahoo GC=F: HTTP Error 429: Too Many Requests
[14:42:28]   Stooq xauusd ответил без данных: <!DOCTYPE html><html><head><meta charset="utf-8"><meta name="robots" content="noindex,nofollow"></head><body><noscript>T
[14:42:30]   Stooq gc.f ответил без данных: <!DOCTYPE html><html><head><meta charset="utf-8"><meta name="robots" content="noindex,nofollow"></head><body><noscript>T
[14:42:31] Yahoo SI=F: HTTP Error 429: Too Many Requests
[14:43:32]   повтор через 1s после ошибки: <urlopen error timed out>
[14:44:33]   повтор через 2s после ошибки: <urlopen error timed out>
[14:45:35] Stooq xagusd: <urlopen error timed out>
[14:46:36]   повтор через 1s после ошибки: <urlopen error timed out>
[14:47:38]   повтор через 2s после ошибки: <urlopen error timed out>
[14:48:40] Stooq si.f: <urlopen error timed out>
[14:48:41] Yahoo PL=F: HTTP Error 429: Too Many Requests
[14:49:42]   повтор через 1s после ошибки: <urlopen error timed out>
[14:50:43]   повтор через 2s после ошибки: <urlopen error timed out>
[14:51:46] Stooq xptusd: <urlopen error timed out>
[14:52:47]   повтор через 1s после ошибки: <urlopen error timed out>
[14:53:48]   повтор через 2s после ошибки: <urlopen error timed out>
[14:54:51] Stooq pl.f: <urlopen error timed out>
[14:54:52] Yahoo CL=F: HTTP Error 429: Too Many Requests
[14:55:53]   повтор через 1s после ошибки: <urlopen error timed out>
[14:56:54]   повтор через 2s после ошибки: <urlopen error timed out>
[14:57:56] Stooq cl.f: <urlopen error timed out>
[14:57:58] Yahoo BZ=F: HTTP Error 429: Too Many Requests
[14:58:58]   повтор через 1s после ошибки: <urlopen error timed out>
[14:59:59]   повтор через 2s после ошибки: <urlopen error timed out>
[15:01:02] Stooq cb.f: <urlopen error timed out>
[15:01:03] Дневные свечи (commodity): получено 0 из 5
[15:01:03]   время вышло, остаток класса index доберём следующим прогоном
[15:01:03] Дневные свечи (index): получено 0 из 4
[15:01:03] ЦБ РФ: USD/RUB = 84.3414
[15:01:03] История: добавлено 76 строк, обновлено 0, всего ключей 24100
[15:01:03] Снапшот: 76 инструментов
[15:01:03] На догрузку истории времени не осталось, доберём следующим прогоном
[23:04:34] Старт сбора (с историей за год), 2026-09-26 23:04 UTC, бюджет 22 мин
[23:04:34] Уборка истории: выкинуто 0 строк, осталось 24100
[23:04:34] Разрешаю 1 id через /coins/list
[23:04:34]   ADI -> adi-token
[23:04:48] CoinGecko: получено 42 из 42
[23:04:49] xStocks: нашлось токенов 36 из 38
[23:05:03] CoinGecko: получено 34 из 36
[23:05:03] Yahoo NVDA: HTTP Error 429: Too Many Requests
[23:05:04]   Stooq nvda.us ответил без данных: <!DOCTYPE html><html><head><meta charset="utf-8"><meta name="robots" content="noindex,nofollow"></head><body><noscript>T
[23:05:06] Yahoo AAPL: HTTP Error 429: Too Many Requests
[23:05:07]   Stooq aapl.us ответил без данных: <!DOCTYPE html><html><head><meta charset="utf-8"><meta name="robots" content="noindex,nofollow"></head><body><noscript>T
[23:05:08] Yahoo MSFT: HTTP Error 429: Too Many Requests
[23:05:09]   Stooq msft.us ответил без данных: <!DOCTYPE html><html><head><meta charset="utf-8"><meta name="robots" content="noindex,nofollow"></head><body><noscript>T
[23:05:10] Yahoo GOOGL: HTTP Error 429: Too Many Requests
[23:05:11]   Stooq googl.us ответил без данных: <!DOCTYPE html><html><head><meta charset="utf-8"><meta name="robots" content="noindex,nofollow"></head><body><noscript>T
[23:05:13] Yahoo AMZN: HTTP Error 429: Too Many Requests
[23:05:14]   Stooq amzn.us ответил без данных: <!DOCTYPE html><html><head><meta charset="utf-8"><meta name="robots" content="noindex,nofollow"></head><body><noscript>T
[23:05:16] Yahoo TSLA: HTTP Error 429: Too Many Requests
[23:05:17]   Stooq tsla.us ответил без данных: <!DOCTYPE html><html><head><meta charset="utf-8"><meta name="robots" content="noindex,nofollow"></head><body><noscript>T
[23:05:18] Yahoo AVGO: HTTP Error 429: Too Many Requests
[23:05:19]   Stooq avgo.us ответил без данных: <!DOCTYPE html><html><head><meta charset="utf-8"><meta name="robots" content="noindex,nofollow"></head><body><noscript>T
[23:05:20] Yahoo TSM: HTTP Error 429: Too Many Requests
[23:05:21]   Stooq tsm.us ответил без данных: <!DOCTYPE html><html><head><meta charset="utf-8"><meta name="robots" content="noindex,nofollow"></head><body><noscript>T
[23:05:23] Yahoo MU: HTTP Error 429: Too Many Requests
[23:05:24]   Stooq mu.us ответил без данных: <!DOCTYPE html><html><head><meta charset="utf-8"><meta name="robots" content="noindex,nofollow"></head><body><noscript>T
[23:05:25] Yahoo AMD: HTTP Error 429: Too Many Requests
[23:05:26]   Stooq amd.us ответил без данных: <!DOCTYPE html><html><head><meta charset="utf-8"><meta name="robots" content="noindex,nofollow"></head><body><noscript>T
[23:05:27] Yahoo MRVL: HTTP Error 429: Too Many Requests
[23:05:28]   Stooq mrvl.us ответил без данных: <!DOCTYPE html><html><head><meta charset="utf-8"><meta name="robots" content="noindex,nofollow"></head><body><noscript>T
[23:05:30] Yahoo INTC: HTTP Error 429: Too Many Requests
[23:05:31]   Stooq intc.us ответил без данных: <!DOCTYPE html><html><head><meta charset="utf-8"><meta name="robots" content="noindex,nofollow"></head><body><noscript>T
[23:05:32] Yahoo ORCL: HTTP Error 429: Too Many Requests
[23:05:33]   Stooq orcl.us ответил без данных: <!DOCTYPE html><html><head><meta charset="utf-8"><meta name="robots" content="noindex,nofollow"></head><body><noscript>T
[23:05:34] Yahoo PLTR: HTTP Error 429: Too Many Requests
[23:05:35]   Stooq pltr.us ответил без данных: <!DOCTYPE html><html><head><meta charset="utf-8"><meta name="robots" content="noindex,nofollow"></head><body><noscript>T
[23:05:37] Yahoo COIN: HTTP Error 429: Too Many Requests
[23:05:38]   Stooq coin.us ответил без данных: <!DOCTYPE html><html><head><meta charset="utf-8"><meta name="robots" content="noindex,nofollow"></head><body><noscript>T
[23:05:39] Yahoo HOOD: HTTP Error 429: Too Many Requests
[23:05:40]   Stooq hood.us ответил без данных: <!DOCTYPE html><html><head><meta charset="utf-8"><meta name="robots" content="noindex,nofollow"></head><body><noscript>T
[23:05:41] Yahoo MSTR: HTTP Error 429: Too Many Requests
[23:05:42]   Stooq mstr.us ответил без данных: <!DOCTYPE html><html><head><meta charset="utf-8"><meta name="robots" content="noindex,nofollow"></head><body><noscript>T
[23:05:44] Yahoo CRCL: HTTP Error 429: Too Many Requests
[23:05:45]   Stooq crcl.us ответил без данных: <!DOCTYPE html><html><head><meta charset="utf-8"><meta name="robots" content="noindex,nofollow"></head><body><noscript>T
[23:05:46] Yahoo NBIS: HTTP Error 429: Too Many Requests
[23:05:47]   Stooq nbis.us ответил без данных: <!DOCTYPE html><html><head><meta charset="utf-8"><meta name="robots" content="noindex,nofollow"></head><body><noscript>T
[23:05:49] Yahoo CRWV: HTTP Error 429: Too Many Requests
[23:05:50]   Stooq crwv.us ответил без данных: <!DOCTYPE html><html><head><meta charset="utf-8"><meta name="robots" content="noindex,nofollow"></head><body><noscript>T
[23:05:51] Yahoo LLY: HTTP Error 429: Too Many Requests
[23:05:52]   Stooq lly.us ответил без данных: <!DOCTYPE html><html><head><meta charset="utf-8"><meta name="robots" content="noindex,nofollow"></head><body><noscript>T
[23:05:53] Yahoo UNH: HTTP Error 429: Too Many Requests
[23:05:54]   Stooq unh.us ответил без данных: <!DOCTYPE html><html><head><meta charset="utf-8"><meta name="robots" content="noindex,nofollow"></head><body><noscript>T
[23:05:56] Yahoo NVO: HTTP Error 429: Too Many Requests
[23:05:57]   Stooq nvo.us ответил без данных: <!DOCTYPE html><html><head><meta charset="utf-8"><meta name="robots" content="noindex,nofollow"></head><body><noscript>T
[23:05:58] Yahoo XOM: HTTP Error 429: Too Many Requests
[23:05:59]   Stooq xom.us ответил без данных: <!DOCTYPE html><html><head><meta charset="utf-8"><meta name="robots" content="noindex,nofollow"></head><body><noscript>T
[23:06:01] Yahoo CVX: HTTP Error 429: Too Many Requests
[23:06:02]   Stooq cvx.us ответил без данных: <!DOCTYPE html><html><head><meta charset="utf-8"><meta name="robots" content="noindex,nofollow"></head><body><noscript>T
[23:06:03] Yahoo V: HTTP Error 429: Too Many Requests
[23:06:04]   Stooq v.us ответил без данных: <!DOCTYPE html><html><head><meta charset="utf-8"><meta name="robots" content="noindex,nofollow"></head><body><noscript>T
[23:06:05] Yahoo JNJ: HTTP Error 429: Too Many Requests
[23:06:06]   Stooq jnj.us ответил без данных: <!DOCTYPE html><html><head><meta charset="utf-8"><meta name="robots" content="noindex,nofollow"></head><body><noscript>T
[23:06:08] Yahoo PG: HTTP Error 429: Too Many Requests
[23:06:09]   Stooq pg.us ответил без данных: <!DOCTYPE html><html><head><meta charset="utf-8"><meta name="robots" content="noindex,nofollow"></head><body><noscript>T
[23:06:10] Yahoo NFLX: HTTP Error 429: Too Many Requests
[23:06:11]   Stooq nflx.us ответил без данных: <!DOCTYPE html><html><head><meta charset="utf-8"><meta name="robots" content="noindex,nofollow"></head><body><noscript>T
[23:06:12] Дневные свечи (equity): получено 0 из 29
[23:06:13] Yahoo SPY: HTTP Error 429: Too Many Requests
[23:06:14]   Stooq spy.us ответил без данных: <!DOCTYPE html><html><head><meta charset="utf-8"><meta name="robots" content="noindex,nofollow"></head><body><noscript>T
[23:06:15] Yahoo QQQ: HTTP Error 429: Too Many Requests
[23:06:16]   Stooq qqq.us ответил без данных: <!DOCTYPE html><html><head><meta charset="utf-8"><meta name="robots" content="noindex,nofollow"></head><body><noscript>T
[23:06:17] Yahoo VTI: HTTP Error 429: Too Many Requests
[23:06:18]   Stooq vti.us ответил без данных: <!DOCTYPE html><html><head><meta charset="utf-8"><meta name="robots" content="noindex,nofollow"></head><body><noscript>T
[23:06:20] Yahoo IWM: HTTP Error 429: Too Many Requests
[23:06:21]   Stooq iwm.us ответил без данных: <!DOCTYPE html><html><head><meta charset="utf-8"><meta name="robots" content="noindex,nofollow"></head><body><noscript>T
[23:06:22] Yahoo IEMG: HTTP Error 429: Too Many Requests
[23:06:23]   Stooq iemg.us ответил без данных: <!DOCTYPE html><html><head><meta charset="utf-8"><meta name="robots" content="noindex,nofollow"></head><body><noscript>T
[23:06:24] Yahoo SLV: HTTP Error 429: Too Many Requests
[23:06:25]   Stooq slv.us ответил без данных: <!DOCTYPE html><html><head><meta charset="utf-8"><meta name="robots" content="noindex,nofollow"></head><body><noscript>T
[23:06:26] Yahoo PPLT: HTTP Error 429: Too Many Requests
[23:06:27]   Stooq pplt.us ответил без данных: <!DOCTYPE html><html><head><meta charset="utf-8"><meta name="robots" content="noindex,nofollow"></head><body><noscript>T
[23:06:29] Yahoo PALL: HTTP Error 429: Too Many Requests
[23:06:30]   Stooq pall.us ответил без данных: <!DOCTYPE html><html><head><meta charset="utf-8"><meta name="robots" content="noindex,nofollow"></head><body><noscript>T
[23:06:31] Yahoo XLE: HTTP Error 429: Too Many Requests
[23:06:32]   Stooq xle.us ответил без данных: <!DOCTYPE html><html><head><meta charset="utf-8"><meta name="robots" content="noindex,nofollow"></head><body><noscript>T
[23:06:34] Yahoo XOP: HTTP Error 429: Too Many Requests
[23:06:35]   Stooq xop.us ответил без данных: <!DOCTYPE html><html><head><meta charset="utf-8"><meta name="robots" content="noindex,nofollow"></head><body><noscript>T
[23:06:36] Yahoo COPX: HTTP Error 429: Too Many Requests
[23:06:37]   Stooq copx.us ответил без данных: <!DOCTYPE html><html><head><meta charset="utf-8"><meta name="robots" content="noindex,nofollow"></head><body><noscript>T
[23:06:38] Yahoo URA: HTTP Error 429: Too Many Requests
[23:06:39]   Stooq ura.us ответил без данных: <!DOCTYPE html><html><head><meta charset="utf-8"><meta name="robots" content="noindex,nofollow"></head><body><noscript>T
[23:06:41] Yahoo TQQQ: HTTP Error 429: Too Many Requests
[23:06:42]   Stooq tqqq.us ответил без данных: <!DOCTYPE html><html><head><meta charset="utf-8"><meta name="robots" content="noindex,nofollow"></head><body><noscript>T
[23:06:43] Yahoo TBLL: HTTP Error 429: Too Many Requests
[23:06:44]   Stooq tbll.us ответил без данных: <!DOCTYPE html><html><head><meta charset="utf-8"><meta name="robots" content="noindex,nofollow"></head><body><noscript>T
[23:06:45] Дневные свечи (etf): получено 0 из 14
[23:06:46] Yahoo GC=F: HTTP Error 429: Too Many Requests
[23:06:47]   Stooq xauusd ответил без данных: <!DOCTYPE html><html><head><meta charset="utf-8"><meta name="robots" content="noindex,nofollow"></head><body><noscript>T
[23:06:48]   Stooq gc.f ответил без данных: <!DOCTYPE html><html><head><meta charset="utf-8"><meta name="robots" content="noindex,nofollow"></head><body><noscript>T
[23:06:49] Yahoo SI=F: HTTP Error 429: Too Many Requests
[23:06:50]   Stooq xagusd ответил без данных: <!DOCTYPE html><html><head><meta charset="utf-8"><meta name="robots" content="noindex,nofollow"></head><body><noscript>T
[23:06:52]   Stooq si.f ответил без данных: <!DOCTYPE html><html><head><meta charset="utf-8"><meta name="robots" content="noindex,nofollow"></head><body><noscript>T
[23:06:53] Yahoo PL=F: HTTP Error 429: Too Many Requests
[23:06:54]   Stooq xptusd ответил без данных: <!DOCTYPE html><html><head><meta charset="utf-8"><meta name="robots" content="noindex,nofollow"></head><body><noscript>T
[23:06:56]   Stooq pl.f ответил без данных: <!DOCTYPE html><html><head><meta charset="utf-8"><meta name="robots" content="noindex,nofollow"></head><body><noscript>T
[23:06:57] Yahoo CL=F: HTTP Error 429: Too Many Requests
[23:06:58]   Stooq cl.f ответил без данных: <!DOCTYPE html><html><head><meta charset="utf-8"><meta name="robots" content="noindex,nofollow"></head><body><noscript>T
[23:07:00] Yahoo BZ=F: HTTP Error 429: Too Many Requests
[23:07:01]   Stooq cb.f ответил без данных: <!DOCTYPE html><html><head><meta charset="utf-8"><meta name="robots" content="noindex,nofollow"></head><body><noscript>T
[23:07:02] Дневные свечи (commodity): получено 0 из 5
[23:07:02] Yahoo ^GSPC: HTTP Error 429: Too Many Requests
[23:07:03]   Stooq ^spx ответил без данных: <!DOCTYPE html><html><head><meta charset="utf-8"><meta name="robots" content="noindex,nofollow"></head><body><noscript>T
[23:07:04] Yahoo ^NDX: HTTP Error 429: Too Many Requests
[23:07:05]   Stooq ^ndx ответил без данных: <!DOCTYPE html><html><head><meta charset="utf-8"><meta name="robots" content="noindex,nofollow"></head><body><noscript>T
[23:07:07] Yahoo DX-Y.NYB: HTTP Error 429: Too Many Requests
[23:07:08]   Stooq ^dxy ответил без данных: <!DOCTYPE html><html><head><meta charset="utf-8"><meta name="robots" content="noindex,nofollow"></head><body><noscript>T
[23:07:09] Yahoo RUB=X: HTTP Error 429: Too Many Requests
[23:07:10]   Stooq usdrub ответил без данных: <!DOCTYPE html><html><head><meta charset="utf-8"><meta name="robots" content="noindex,nofollow"></head><body><noscript>T
[23:07:11] Дневные свечи (index): получено 0 из 4
[23:07:12] ЦБ РФ: USD/RUB = 84.3414
[23:07:12] История: добавлено 0 строк, обновлено 76, всего ключей 24100
[23:07:12] Снапшот: 76 инструментов
[23:07:12] Догружаю историю, осталось времени 19 мин
[23:07:12]   история PALLx: 96 точек
[23:07:19]   история PPLTx: 171 точек
[23:07:26]   история AMDx: 250 точек
[23:07:34]   история COPXx: 0 точек
[23:07:41]   история IEMGx: 209 точек
[23:07:48]   лимит запросов, жду 20s
[23:08:08]   лимит запросов, жду 40s
[23:08:48]   история XLEx: 111 точек
[23:08:55]   история URAx: 6 точек
[23:09:02]   история SLVx: 44 точек
[23:09:09]   история JNJx: 278 точек
[23:09:16]   история MRVLx: 300 точек
[23:09:23]   история NVOx: 288 точек
[23:09:31]   история IWMx: 85 точек
[23:09:38]   лимит запросов, жду 20s
[23:09:58]   лимит запросов, жду 40s
[23:10:38]   история XOPx: 0 точек
[23:10:45]   история TBLLx: 177 точек
[23:10:52]   пропущено (история уже есть): 56
[23:10:52] История: добавлено 0 строк, обновлено 2015, всего ключей 24100
[23:10:52] Снапшот: 76 инструментов
