[18:13:54] Старт сбора (с историей за год), 2026-09-28 18:13 UTC, бюджет 22 мин
[18:13:54] Уборка истории: выкинуто 0 строк, осталось 24677
[18:13:54] Разрешаю 1 id через /coins/list
[18:13:56]   ADI -> adi-token
[18:14:11] CoinGecko: получено 42 из 42
[18:14:12] xStocks: нашлось токенов 36 из 38
[18:14:27] CoinGecko: получено 34 из 36
[18:14:27] Yahoo NVDA: HTTP Error 429: Too Many Requests
[18:14:28]   Stooq nvda.us ответил без данных: <!DOCTYPE html><html><head><meta charset="utf-8"><meta name="robots" content="noindex,nofollow"></head><body><noscript>T
[18:14:30] Yahoo AAPL: HTTP Error 429: Too Many Requests
[18:14:31]   Stooq aapl.us ответил без данных: <!DOCTYPE html><html><head><meta charset="utf-8"><meta name="robots" content="noindex,nofollow"></head><body><noscript>T
[18:14:32] Yahoo MSFT: HTTP Error 429: Too Many Requests
[18:14:34]   Stooq msft.us ответил без данных: <!DOCTYPE html><html><head><meta charset="utf-8"><meta name="robots" content="noindex,nofollow"></head><body><noscript>T
[18:14:35] Yahoo GOOGL: HTTP Error 429: Too Many Requests
[18:14:36]   Stooq googl.us ответил без данных: <!DOCTYPE html><html><head><meta charset="utf-8"><meta name="robots" content="noindex,nofollow"></head><body><noscript>T
[18:14:38] Yahoo AMZN: HTTP Error 429: Too Many Requests
[18:14:39]   Stooq amzn.us ответил без данных: <!DOCTYPE html><html><head><meta charset="utf-8"><meta name="robots" content="noindex,nofollow"></head><body><noscript>T
[18:14:40] Yahoo TSLA: HTTP Error 429: Too Many Requests
[18:14:41]   Stooq tsla.us ответил без данных: <!DOCTYPE html><html><head><meta charset="utf-8"><meta name="robots" content="noindex,nofollow"></head><body><noscript>T
[18:14:42] Yahoo AVGO: HTTP Error 429: Too Many Requests
[18:14:43]   Stooq avgo.us ответил без данных: <!DOCTYPE html><html><head><meta charset="utf-8"><meta name="robots" content="noindex,nofollow"></head><body><noscript>T
[18:14:45] Yahoo TSM: HTTP Error 429: Too Many Requests
[18:14:46]   Stooq tsm.us ответил без данных: <!DOCTYPE html><html><head><meta charset="utf-8"><meta name="robots" content="noindex,nofollow"></head><body><noscript>T
[18:14:47] Yahoo MU: HTTP Error 429: Too Many Requests
[18:14:48]   Stooq mu.us ответил без данных: <!DOCTYPE html><html><head><meta charset="utf-8"><meta name="robots" content="noindex,nofollow"></head><body><noscript>T
[18:14:50] Yahoo AMD: HTTP Error 429: Too Many Requests
[18:14:51]   Stooq amd.us ответил без данных: <!DOCTYPE html><html><head><meta charset="utf-8"><meta name="robots" content="noindex,nofollow"></head><body><noscript>T
[18:14:52] Yahoo MRVL: HTTP Error 429: Too Many Requests
[18:14:53]   Stooq mrvl.us ответил без данных: <!DOCTYPE html><html><head><meta charset="utf-8"><meta name="robots" content="noindex,nofollow"></head><body><noscript>T
[18:14:55] Yahoo INTC: HTTP Error 429: Too Many Requests
[18:14:56]   Stooq intc.us ответил без данных: <!DOCTYPE html><html><head><meta charset="utf-8"><meta name="robots" content="noindex,nofollow"></head><body><noscript>T
[18:14:57] Yahoo ORCL: HTTP Error 429: Too Many Requests
[18:14:58]   Stooq orcl.us ответил без данных: <!DOCTYPE html><html><head><meta charset="utf-8"><meta name="robots" content="noindex,nofollow"></head><body><noscript>T
[18:14:59] Yahoo PLTR: HTTP Error 429: Too Many Requests
[18:15:01]   Stooq pltr.us ответил без данных: <!DOCTYPE html><html><head><meta charset="utf-8"><meta name="robots" content="noindex,nofollow"></head><body><noscript>T
[18:15:02] Yahoo COIN: HTTP Error 429: Too Many Requests
[18:15:03]   Stooq coin.us ответил без данных: <!DOCTYPE html><html><head><meta charset="utf-8"><meta name="robots" content="noindex,nofollow"></head><body><noscript>T
[18:15:04] Yahoo HOOD: HTTP Error 429: Too Many Requests
[18:15:05]   Stooq hood.us ответил без данных: <!DOCTYPE html><html><head><meta charset="utf-8"><meta name="robots" content="noindex,nofollow"></head><body><noscript>T
[18:15:07] Yahoo MSTR: HTTP Error 429: Too Many Requests
[18:15:08]   Stooq mstr.us ответил без данных: <!DOCTYPE html><html><head><meta charset="utf-8"><meta name="robots" content="noindex,nofollow"></head><body><noscript>T
[18:15:09] Yahoo CRCL: HTTP Error 429: Too Many Requests
[18:15:10]   Stooq crcl.us ответил без данных: <!DOCTYPE html><html><head><meta charset="utf-8"><meta name="robots" content="noindex,nofollow"></head><body><noscript>T
[18:15:12] Yahoo NBIS: HTTP Error 429: Too Many Requests
[18:15:13]   Stooq nbis.us ответил без данных: <!DOCTYPE html><html><head><meta charset="utf-8"><meta name="robots" content="noindex,nofollow"></head><body><noscript>T
[18:15:14] Yahoo CRWV: HTTP Error 429: Too Many Requests
[18:15:16]   Stooq crwv.us ответил без данных: <!DOCTYPE html><html><head><meta charset="utf-8"><meta name="robots" content="noindex,nofollow"></head><body><noscript>T
[18:15:17] Yahoo LLY: HTTP Error 429: Too Many Requests
[18:15:18]   Stooq lly.us ответил без данных: <!DOCTYPE html><html><head><meta charset="utf-8"><meta name="robots" content="noindex,nofollow"></head><body><noscript>T
[18:15:19] Yahoo UNH: HTTP Error 429: Too Many Requests
[18:15:20]   Stooq unh.us ответил без данных: <!DOCTYPE html><html><head><meta charset="utf-8"><meta name="robots" content="noindex,nofollow"></head><body><noscript>T
[18:15:22] Yahoo NVO: HTTP Error 429: Too Many Requests
[18:15:23]   Stooq nvo.us ответил без данных: <!DOCTYPE html><html><head><meta charset="utf-8"><meta name="robots" content="noindex,nofollow"></head><body><noscript>T
[18:15:24] Yahoo XOM: HTTP Error 429: Too Many Requests
[18:15:25]   Stooq xom.us ответил без данных: <!DOCTYPE html><html><head><meta charset="utf-8"><meta name="robots" content="noindex,nofollow"></head><body><noscript>T
[18:15:26] Yahoo CVX: HTTP Error 429: Too Many Requests
[18:15:28]   Stooq cvx.us ответил без данных: <!DOCTYPE html><html><head><meta charset="utf-8"><meta name="robots" content="noindex,nofollow"></head><body><noscript>T
[18:15:29] Yahoo V: HTTP Error 429: Too Many Requests
[18:15:30]   Stooq v.us ответил без данных: <!DOCTYPE html><html><head><meta charset="utf-8"><meta name="robots" content="noindex,nofollow"></head><body><noscript>T
[18:15:32] Yahoo JNJ: HTTP Error 429: Too Many Requests
[18:15:33]   Stooq jnj.us ответил без данных: <!DOCTYPE html><html><head><meta charset="utf-8"><meta name="robots" content="noindex,nofollow"></head><body><noscript>T
[18:15:34] Yahoo PG: HTTP Error 429: Too Many Requests
[18:15:35]   Stooq pg.us ответил без данных: <!DOCTYPE html><html><head><meta charset="utf-8"><meta name="robots" content="noindex,nofollow"></head><body><noscript>T
[18:15:37] Yahoo NFLX: HTTP Error 429: Too Many Requests
[18:15:38]   Stooq nflx.us ответил без данных: <!DOCTYPE html><html><head><meta charset="utf-8"><meta name="robots" content="noindex,nofollow"></head><body><noscript>T
[18:15:39] Дневные свечи (equity): получено 0 из 29
[18:15:39] Yahoo SPY: HTTP Error 429: Too Many Requests
[18:15:41]   Stooq spy.us ответил без данных: <!DOCTYPE html><html><head><meta charset="utf-8"><meta name="robots" content="noindex,nofollow"></head><body><noscript>T
[18:15:42] Yahoo QQQ: HTTP Error 429: Too Many Requests
[18:15:43]   Stooq qqq.us ответил без данных: <!DOCTYPE html><html><head><meta charset="utf-8"><meta name="robots" content="noindex,nofollow"></head><body><noscript>T
[18:15:44] Yahoo VTI: HTTP Error 429: Too Many Requests
[18:15:45]   Stooq vti.us ответил без данных: <!DOCTYPE html><html><head><meta charset="utf-8"><meta name="robots" content="noindex,nofollow"></head><body><noscript>T
[18:15:47] Yahoo IWM: HTTP Error 429: Too Many Requests
[18:15:48]   Stooq iwm.us ответил без данных: <!DOCTYPE html><html><head><meta charset="utf-8"><meta name="robots" content="noindex,nofollow"></head><body><noscript>T
[18:15:49] Yahoo IEMG: HTTP Error 429: Too Many Requests
[18:15:50]   Stooq iemg.us ответил без данных: <!DOCTYPE html><html><head><meta charset="utf-8"><meta name="robots" content="noindex,nofollow"></head><body><noscript>T
[18:15:52] Yahoo SLV: HTTP Error 429: Too Many Requests
[18:15:53]   Stooq slv.us ответил без данных: <!DOCTYPE html><html><head><meta charset="utf-8"><meta name="robots" content="noindex,nofollow"></head><body><noscript>T
[18:15:54] Yahoo PPLT: HTTP Error 429: Too Many Requests
[18:15:55]   Stooq pplt.us ответил без данных: <!DOCTYPE html><html><head><meta charset="utf-8"><meta name="robots" content="noindex,nofollow"></head><body><noscript>T
[18:15:57] Yahoo PALL: HTTP Error 429: Too Many Requests
[18:15:58]   Stooq pall.us ответил без данных: <!DOCTYPE html><html><head><meta charset="utf-8"><meta name="robots" content="noindex,nofollow"></head><body><noscript>T
[18:15:59] Yahoo XLE: HTTP Error 429: Too Many Requests
[18:16:00]   Stooq xle.us ответил без данных: <!DOCTYPE html><html><head><meta charset="utf-8"><meta name="robots" content="noindex,nofollow"></head><body><noscript>T
[18:16:02] Yahoo XOP: HTTP Error 429: Too Many Requests
[18:16:03]   Stooq xop.us ответил без данных: <!DOCTYPE html><html><head><meta charset="utf-8"><meta name="robots" content="noindex,nofollow"></head><body><noscript>T
[18:16:04] Yahoo COPX: HTTP Error 429: Too Many Requests
[18:16:05]   Stooq copx.us ответил без данных: <!DOCTYPE html><html><head><meta charset="utf-8"><meta name="robots" content="noindex,nofollow"></head><body><noscript>T
[18:16:07] Yahoo URA: HTTP Error 429: Too Many Requests
[18:16:08]   Stooq ura.us ответил без данных: <!DOCTYPE html><html><head><meta charset="utf-8"><meta name="robots" content="noindex,nofollow"></head><body><noscript>T
[18:16:09] Yahoo TQQQ: HTTP Error 429: Too Many Requests
[18:16:10]   Stooq tqqq.us ответил без данных: <!DOCTYPE html><html><head><meta charset="utf-8"><meta name="robots" content="noindex,nofollow"></head><body><noscript>T
[18:16:12] Yahoo TBLL: HTTP Error 429: Too Many Requests
[18:16:13]   Stooq tbll.us ответил без данных: <!DOCTYPE html><html><head><meta charset="utf-8"><meta name="robots" content="noindex,nofollow"></head><body><noscript>T
[18:16:14] Дневные свечи (etf): получено 0 из 14
[18:16:14] Yahoo GC=F: HTTP Error 429: Too Many Requests
[18:16:15]   Stooq xauusd ответил без данных: <!DOCTYPE html><html><head><meta charset="utf-8"><meta name="robots" content="noindex,nofollow"></head><body><noscript>T
[18:16:17]   Stooq gc.f ответил без данных: <!DOCTYPE html><html><head><meta charset="utf-8"><meta name="robots" content="noindex,nofollow"></head><body><noscript>T
[18:16:18] Yahoo SI=F: HTTP Error 429: Too Many Requests
[18:16:19]   Stooq xagusd ответил без данных: <!DOCTYPE html><html><head><meta charset="utf-8"><meta name="robots" content="noindex,nofollow"></head><body><noscript>T
[18:16:21]   Stooq si.f ответил без данных: <!DOCTYPE html><html><head><meta charset="utf-8"><meta name="robots" content="noindex,nofollow"></head><body><noscript>T
[18:16:22] Yahoo PL=F: HTTP Error 429: Too Many Requests
[18:16:23]   Stooq xptusd ответил без данных: <!DOCTYPE html><html><head><meta charset="utf-8"><meta name="robots" content="noindex,nofollow"></head><body><noscript>T
[18:16:25]   Stooq pl.f ответил без данных: <!DOCTYPE html><html><head><meta charset="utf-8"><meta name="robots" content="noindex,nofollow"></head><body><noscript>T
[18:16:26] Yahoo CL=F: HTTP Error 429: Too Many Requests
[18:16:27]   Stooq cl.f ответил без данных: <!DOCTYPE html><html><head><meta charset="utf-8"><meta name="robots" content="noindex,nofollow"></head><body><noscript>T
[18:16:29] Yahoo BZ=F: HTTP Error 429: Too Many Requests
[18:16:30]   Stooq cb.f ответил без данных: <!DOCTYPE html><html><head><meta charset="utf-8"><meta name="robots" content="noindex,nofollow"></head><body><noscript>T
[18:16:31] Дневные свечи (commodity): получено 0 из 5
[18:16:31] Yahoo ^GSPC: HTTP Error 429: Too Many Requests
[18:16:32]   Stooq ^spx ответил без данных: <!DOCTYPE html><html><head><meta charset="utf-8"><meta name="robots" content="noindex,nofollow"></head><body><noscript>T
[18:16:34] Yahoo ^NDX: HTTP Error 429: Too Many Requests
[18:16:35]   Stooq ^ndx ответил без данных: <!DOCTYPE html><html><head><meta charset="utf-8"><meta name="robots" content="noindex,nofollow"></head><body><noscript>T
[18:16:36] Yahoo DX-Y.NYB: HTTP Error 429: Too Many Requests
[18:16:38]   Stooq ^dxy ответил без данных: <!DOCTYPE html><html><head><meta charset="utf-8"><meta name="robots" content="noindex,nofollow"></head><body><noscript>T
[18:16:39] Yahoo RUB=X: HTTP Error 429: Too Many Requests
[18:16:40]   Stooq usdrub ответил без данных: <!DOCTYPE html><html><head><meta charset="utf-8"><meta name="robots" content="noindex,nofollow"></head><body><noscript>T
[18:16:41] Дневные свечи (index): получено 0 из 4
[18:16:42] ЦБ РФ: USD/RUB = 84.4075
[18:16:42] История: добавлено 76 строк, обновлено 0, всего ключей 24753
[18:16:42] Снапшот: 76 инструментов
[18:16:42] Догружаю историю, осталось времени 19 мин
[18:16:42]   история PALLx: 99 точек
[18:16:50]   история PPLTx: 173 точек
[18:16:57]   история AMDx: 252 точек
[18:17:05]   история COPXx: 0 точек
[18:17:13]   история IEMGx: 211 точек
[18:17:20]   история XLEx: 112 точек
[18:17:28]   история URAx: 6 точек
[18:17:35]   история SLVx: 47 точек
[18:17:42]   лимит запросов, жду 20s
[18:18:03]   история JNJx: 280 точек
[18:18:11]   история NVOx: 290 точек
[18:18:18]   история IWMx: 85 точек
[18:18:26]   история XOPx: 0 точек
[18:18:33]   лимит запросов, жду 20s
[18:18:54]   лимит запросов, жду 40s
[18:19:35]   история TBLLx: 179 точек
[18:19:42]   пропущено (история уже есть): 57
[18:19:42] История: добавлено 0 строк, обновлено 1734, всего ключей 24753
[18:19:42] Снапшот: 76 инструментов
