[16:28:40] Старт сбора (с историей за год), 2026-09-30 16:28 UTC, бюджет 22 мин
[16:28:40] Уборка истории: выкинуто 0 строк, осталось 24829
[16:28:40] Разрешаю 1 id через /coins/list
[16:28:41]   ADI -> adi-token
[16:28:56] CoinGecko: получено 42 из 42
[16:28:56] xStocks: нашлось токенов 36 из 38
[16:29:11] CoinGecko: получено 34 из 36
[16:29:11] Yahoo NVDA: HTTP Error 429: Too Many Requests
[16:29:12]   Stooq nvda.us ответил без данных: <!DOCTYPE html><html><head><meta charset="utf-8"><meta name="robots" content="noindex,nofollow"></head><body><noscript>T
[16:29:13] Yahoo AAPL: HTTP Error 429: Too Many Requests
[16:29:15]   Stooq aapl.us ответил без данных: <!DOCTYPE html><html><head><meta charset="utf-8"><meta name="robots" content="noindex,nofollow"></head><body><noscript>T
[16:29:16] Yahoo MSFT: HTTP Error 429: Too Many Requests
[16:29:17]   Stooq msft.us ответил без данных: <!DOCTYPE html><html><head><meta charset="utf-8"><meta name="robots" content="noindex,nofollow"></head><body><noscript>T
[16:29:18] Yahoo GOOGL: HTTP Error 429: Too Many Requests
[16:29:20]   Stooq googl.us ответил без данных: <!DOCTYPE html><html><head><meta charset="utf-8"><meta name="robots" content="noindex,nofollow"></head><body><noscript>T
[16:29:21] Yahoo AMZN: HTTP Error 429: Too Many Requests
[16:29:22]   Stooq amzn.us ответил без данных: <!DOCTYPE html><html><head><meta charset="utf-8"><meta name="robots" content="noindex,nofollow"></head><body><noscript>T
[16:29:23] Yahoo TSLA: HTTP Error 429: Too Many Requests
[16:29:24]   Stooq tsla.us ответил без данных: <!DOCTYPE html><html><head><meta charset="utf-8"><meta name="robots" content="noindex,nofollow"></head><body><noscript>T
[16:29:26] Yahoo AVGO: HTTP Error 429: Too Many Requests
[16:29:27]   Stooq avgo.us ответил без данных: <!DOCTYPE html><html><head><meta charset="utf-8"><meta name="robots" content="noindex,nofollow"></head><body><noscript>T
[16:29:28] Yahoo TSM: HTTP Error 429: Too Many Requests
[16:29:29]   Stooq tsm.us ответил без данных: <!DOCTYPE html><html><head><meta charset="utf-8"><meta name="robots" content="noindex,nofollow"></head><body><noscript>T
[16:29:31] Yahoo MU: HTTP Error 429: Too Many Requests
[16:29:32]   Stooq mu.us ответил без данных: <!DOCTYPE html><html><head><meta charset="utf-8"><meta name="robots" content="noindex,nofollow"></head><body><noscript>T
[16:29:33] Yahoo AMD: HTTP Error 429: Too Many Requests
[16:29:34]   Stooq amd.us ответил без данных: <!DOCTYPE html><html><head><meta charset="utf-8"><meta name="robots" content="noindex,nofollow"></head><body><noscript>T
[16:29:35] Yahoo MRVL: HTTP Error 429: Too Many Requests
[16:29:36]   Stooq mrvl.us ответил без данных: <!DOCTYPE html><html><head><meta charset="utf-8"><meta name="robots" content="noindex,nofollow"></head><body><noscript>T
[16:29:38] Yahoo INTC: HTTP Error 429: Too Many Requests
[16:29:39]   Stooq intc.us ответил без данных: <!DOCTYPE html><html><head><meta charset="utf-8"><meta name="robots" content="noindex,nofollow"></head><body><noscript>T
[16:29:40] Yahoo ORCL: HTTP Error 429: Too Many Requests
[16:29:41]   Stooq orcl.us ответил без данных: <!DOCTYPE html><html><head><meta charset="utf-8"><meta name="robots" content="noindex,nofollow"></head><body><noscript>T
[16:29:43] Yahoo PLTR: HTTP Error 429: Too Many Requests
[16:29:44]   Stooq pltr.us ответил без данных: <!DOCTYPE html><html><head><meta charset="utf-8"><meta name="robots" content="noindex,nofollow"></head><body><noscript>T
[16:29:45] Yahoo COIN: HTTP Error 429: Too Many Requests
[16:29:46]   Stooq coin.us ответил без данных: <!DOCTYPE html><html><head><meta charset="utf-8"><meta name="robots" content="noindex,nofollow"></head><body><noscript>T
[16:29:47] Yahoo HOOD: HTTP Error 429: Too Many Requests
[16:29:49]   Stooq hood.us ответил без данных: <!DOCTYPE html><html><head><meta charset="utf-8"><meta name="robots" content="noindex,nofollow"></head><body><noscript>T
[16:29:50] Yahoo MSTR: HTTP Error 429: Too Many Requests
[16:29:51]   Stooq mstr.us ответил без данных: <!DOCTYPE html><html><head><meta charset="utf-8"><meta name="robots" content="noindex,nofollow"></head><body><noscript>T
[16:29:52] Yahoo CRCL: HTTP Error 429: Too Many Requests
[16:29:53]   Stooq crcl.us ответил без данных: <!DOCTYPE html><html><head><meta charset="utf-8"><meta name="robots" content="noindex,nofollow"></head><body><noscript>T
[16:29:55] Yahoo NBIS: HTTP Error 429: Too Many Requests
[16:29:56]   Stooq nbis.us ответил без данных: <!DOCTYPE html><html><head><meta charset="utf-8"><meta name="robots" content="noindex,nofollow"></head><body><noscript>T
[16:29:57] Yahoo CRWV: HTTP Error 429: Too Many Requests
[16:29:58]   Stooq crwv.us ответил без данных: <!DOCTYPE html><html><head><meta charset="utf-8"><meta name="robots" content="noindex,nofollow"></head><body><noscript>T
[16:29:59] Yahoo LLY: HTTP Error 429: Too Many Requests
[16:30:00]   Stooq lly.us ответил без данных: <!DOCTYPE html><html><head><meta charset="utf-8"><meta name="robots" content="noindex,nofollow"></head><body><noscript>T
[16:30:02] Yahoo UNH: HTTP Error 429: Too Many Requests
[16:30:03]   Stooq unh.us ответил без данных: <!DOCTYPE html><html><head><meta charset="utf-8"><meta name="robots" content="noindex,nofollow"></head><body><noscript>T
[16:30:04] Yahoo NVO: HTTP Error 429: Too Many Requests
[16:30:05]   Stooq nvo.us ответил без данных: <!DOCTYPE html><html><head><meta charset="utf-8"><meta name="robots" content="noindex,nofollow"></head><body><noscript>T
[16:30:07] Yahoo XOM: HTTP Error 429: Too Many Requests
[16:30:08]   Stooq xom.us ответил без данных: <!DOCTYPE html><html><head><meta charset="utf-8"><meta name="robots" content="noindex,nofollow"></head><body><noscript>T
[16:30:09] Yahoo CVX: HTTP Error 429: Too Many Requests
[16:30:10]   Stooq cvx.us ответил без данных: <!DOCTYPE html><html><head><meta charset="utf-8"><meta name="robots" content="noindex,nofollow"></head><body><noscript>T
[16:30:11] Yahoo V: HTTP Error 429: Too Many Requests
[16:30:12]   Stooq v.us ответил без данных: <!DOCTYPE html><html><head><meta charset="utf-8"><meta name="robots" content="noindex,nofollow"></head><body><noscript>T
[16:30:14] Yahoo JNJ: HTTP Error 429: Too Many Requests
[16:30:15]   Stooq jnj.us ответил без данных: <!DOCTYPE html><html><head><meta charset="utf-8"><meta name="robots" content="noindex,nofollow"></head><body><noscript>T
[16:30:16] Yahoo PG: HTTP Error 429: Too Many Requests
[16:30:17]   Stooq pg.us ответил без данных: <!DOCTYPE html><html><head><meta charset="utf-8"><meta name="robots" content="noindex,nofollow"></head><body><noscript>T
[16:30:19] Yahoo NFLX: HTTP Error 429: Too Many Requests
[16:30:20]   Stooq nflx.us ответил без данных: <!DOCTYPE html><html><head><meta charset="utf-8"><meta name="robots" content="noindex,nofollow"></head><body><noscript>T
[16:30:21] Дневные свечи (equity): получено 0 из 29
[16:30:21] Yahoo SPY: HTTP Error 429: Too Many Requests
[16:30:22]   Stooq spy.us ответил без данных: <!DOCTYPE html><html><head><meta charset="utf-8"><meta name="robots" content="noindex,nofollow"></head><body><noscript>T
[16:30:24] Yahoo QQQ: HTTP Error 429: Too Many Requests
[16:30:25]   Stooq qqq.us ответил без данных: <!DOCTYPE html><html><head><meta charset="utf-8"><meta name="robots" content="noindex,nofollow"></head><body><noscript>T
[16:30:26] Yahoo VTI: HTTP Error 429: Too Many Requests
[16:30:27]   Stooq vti.us ответил без данных: <!DOCTYPE html><html><head><meta charset="utf-8"><meta name="robots" content="noindex,nofollow"></head><body><noscript>T
[16:30:28] Yahoo IWM: HTTP Error 429: Too Many Requests
[16:30:29]   Stooq iwm.us ответил без данных: <!DOCTYPE html><html><head><meta charset="utf-8"><meta name="robots" content="noindex,nofollow"></head><body><noscript>T
[16:30:31] Yahoo IEMG: HTTP Error 429: Too Many Requests
[16:30:32]   Stooq iemg.us ответил без данных: <!DOCTYPE html><html><head><meta charset="utf-8"><meta name="robots" content="noindex,nofollow"></head><body><noscript>T
[16:30:33] Yahoo SLV: HTTP Error 429: Too Many Requests
[16:30:34]   Stooq slv.us ответил без данных: <!DOCTYPE html><html><head><meta charset="utf-8"><meta name="robots" content="noindex,nofollow"></head><body><noscript>T
[16:30:36] Yahoo PPLT: HTTP Error 429: Too Many Requests
[16:30:37]   Stooq pplt.us ответил без данных: <!DOCTYPE html><html><head><meta charset="utf-8"><meta name="robots" content="noindex,nofollow"></head><body><noscript>T
[16:30:38] Yahoo PALL: HTTP Error 429: Too Many Requests
[16:30:39]   Stooq pall.us ответил без данных: <!DOCTYPE html><html><head><meta charset="utf-8"><meta name="robots" content="noindex,nofollow"></head><body><noscript>T
[16:30:40] Yahoo XLE: HTTP Error 429: Too Many Requests
[16:30:41]   Stooq xle.us ответил без данных: <!DOCTYPE html><html><head><meta charset="utf-8"><meta name="robots" content="noindex,nofollow"></head><body><noscript>T
[16:30:43] Yahoo XOP: HTTP Error 429: Too Many Requests
[16:30:44]   Stooq xop.us ответил без данных: <!DOCTYPE html><html><head><meta charset="utf-8"><meta name="robots" content="noindex,nofollow"></head><body><noscript>T
[16:30:45] Yahoo COPX: HTTP Error 429: Too Many Requests
[16:30:46]   Stooq copx.us ответил без данных: <!DOCTYPE html><html><head><meta charset="utf-8"><meta name="robots" content="noindex,nofollow"></head><body><noscript>T
[16:30:48] Yahoo URA: HTTP Error 429: Too Many Requests
[16:30:49]   Stooq ura.us ответил без данных: <!DOCTYPE html><html><head><meta charset="utf-8"><meta name="robots" content="noindex,nofollow"></head><body><noscript>T
[16:30:50] Yahoo TQQQ: HTTP Error 429: Too Many Requests
[16:30:51]   Stooq tqqq.us ответил без данных: <!DOCTYPE html><html><head><meta charset="utf-8"><meta name="robots" content="noindex,nofollow"></head><body><noscript>T
[16:30:52] Yahoo TBLL: HTTP Error 429: Too Many Requests
[16:30:53]   Stooq tbll.us ответил без данных: <!DOCTYPE html><html><head><meta charset="utf-8"><meta name="robots" content="noindex,nofollow"></head><body><noscript>T
[16:30:55] Дневные свечи (etf): получено 0 из 14
[16:30:55] Yahoo GC=F: HTTP Error 429: Too Many Requests
[16:30:56]   Stooq xauusd ответил без данных: <!DOCTYPE html><html><head><meta charset="utf-8"><meta name="robots" content="noindex,nofollow"></head><body><noscript>T
[16:30:57]   Stooq gc.f ответил без данных: <!DOCTYPE html><html><head><meta charset="utf-8"><meta name="robots" content="noindex,nofollow"></head><body><noscript>T
[16:30:59] Yahoo SI=F: HTTP Error 429: Too Many Requests
[16:31:00]   Stooq xagusd ответил без данных: <!DOCTYPE html><html><head><meta charset="utf-8"><meta name="robots" content="noindex,nofollow"></head><body><noscript>T
[16:31:01]   Stooq si.f ответил без данных: <!DOCTYPE html><html><head><meta charset="utf-8"><meta name="robots" content="noindex,nofollow"></head><body><noscript>T
[16:31:03] Yahoo PL=F: HTTP Error 429: Too Many Requests
[16:31:04]   Stooq xptusd ответил без данных: <!DOCTYPE html><html><head><meta charset="utf-8"><meta name="robots" content="noindex,nofollow"></head><body><noscript>T
[16:31:06]   Stooq pl.f ответил без данных: <!DOCTYPE html><html><head><meta charset="utf-8"><meta name="robots" content="noindex,nofollow"></head><body><noscript>T
[16:31:07] Yahoo CL=F: HTTP Error 429: Too Many Requests
[16:31:08]   Stooq cl.f ответил без данных: <!DOCTYPE html><html><head><meta charset="utf-8"><meta name="robots" content="noindex,nofollow"></head><body><noscript>T
[16:31:09] Yahoo BZ=F: HTTP Error 429: Too Many Requests
[16:31:10]   Stooq cb.f ответил без данных: <!DOCTYPE html><html><head><meta charset="utf-8"><meta name="robots" content="noindex,nofollow"></head><body><noscript>T
[16:31:12] Дневные свечи (commodity): получено 0 из 5
[16:31:12] Yahoo ^GSPC: HTTP Error 429: Too Many Requests
[16:31:13]   Stooq ^spx ответил без данных: <!DOCTYPE html><html><head><meta charset="utf-8"><meta name="robots" content="noindex,nofollow"></head><body><noscript>T
[16:31:14] Yahoo ^NDX: HTTP Error 429: Too Many Requests
[16:31:15]   Stooq ^ndx ответил без данных: <!DOCTYPE html><html><head><meta charset="utf-8"><meta name="robots" content="noindex,nofollow"></head><body><noscript>T
[16:31:16] Yahoo DX-Y.NYB: HTTP Error 429: Too Many Requests
[16:31:18]   Stooq ^dxy ответил без данных: <!DOCTYPE html><html><head><meta charset="utf-8"><meta name="robots" content="noindex,nofollow"></head><body><noscript>T
[16:31:19] Yahoo RUB=X: HTTP Error 429: Too Many Requests
[16:31:20]   Stooq usdrub ответил без данных: <!DOCTYPE html><html><head><meta charset="utf-8"><meta name="robots" content="noindex,nofollow"></head><body><noscript>T
[16:31:21] Дневные свечи (index): получено 0 из 4
[16:31:22] ЦБ РФ: USD/RUB = 83.5588
[16:31:22] История: добавлено 76 строк, обновлено 0, всего ключей 24905
[16:31:22] Снапшот: 76 инструментов
[16:31:22] Догружаю историю, осталось времени 19 мин
[16:31:22]   история PALLx: 101 точек
[16:31:30]   история PPLTx: 175 точек
[16:31:37]   история AMDx: 254 точек
[16:31:44]   история COPXx: 0 точек
[16:31:51]   история IEMGx: 213 точек
[16:31:59]   лимит запросов, жду 20s
[16:32:19]   лимит запросов, жду 40s
[16:32:59]   история XLEx не забралась: HTTP Error 429: Too Many Requests
[16:33:06]   история URAx: 7 точек
[16:33:13]   история SLVx: 49 точек
[16:33:21]   история JNJx: 282 точек
[16:33:28]   история NVOx: 292 точек
[16:33:35]   история IWMx: 89 точек
[16:33:42]   лимит запросов, жду 20s
[16:34:02]   лимит запросов, жду 40s
[16:34:42]   история XOPx не забралась: HTTP Error 429: Too Many Requests
[16:34:50]   история TBLLx: 180 точек
[16:34:57]   пропущено (история уже есть): 57
[16:34:57] История: добавлено 0 строк, обновлено 1642, всего ключей 24905
[16:34:57] Снапшот: 76 инструментов
