[00:04:18] Старт сбора (с историей за год), 2026-10-01 00:04 UTC, бюджет 22 мин
[00:04:18] Уборка истории: выкинуто 0 строк, осталось 24905
[00:04:18] Разрешаю 1 id через /coins/list
[00:04:19]   ADI -> adi-token
[00:04:33] CoinGecko: получено 42 из 42
[00:04:33] xStocks: нашлось токенов 36 из 38
[00:04:40]   лимит запросов, жду 20s
[00:05:00]   лимит запросов, жду 40s
[00:05:48] CoinGecko: получено 34 из 36
[00:05:48] Yahoo NVDA: HTTP Error 429: Too Many Requests
[00:05:49]   Stooq nvda.us ответил без данных: <!DOCTYPE html><html><head><meta charset="utf-8"><meta name="robots" content="noindex,nofollow"></head><body><noscript>T
[00:05:50] Yahoo AAPL: HTTP Error 429: Too Many Requests
[00:05:51]   Stooq aapl.us ответил без данных: <!DOCTYPE html><html><head><meta charset="utf-8"><meta name="robots" content="noindex,nofollow"></head><body><noscript>T
[00:05:52] Yahoo MSFT: HTTP Error 429: Too Many Requests
[00:05:53]   Stooq msft.us ответил без данных: <!DOCTYPE html><html><head><meta charset="utf-8"><meta name="robots" content="noindex,nofollow"></head><body><noscript>T
[00:05:55] Yahoo GOOGL: HTTP Error 429: Too Many Requests
[00:05:56]   Stooq googl.us ответил без данных: <!DOCTYPE html><html><head><meta charset="utf-8"><meta name="robots" content="noindex,nofollow"></head><body><noscript>T
[00:05:57] Yahoo AMZN: HTTP Error 429: Too Many Requests
[00:05:58]   Stooq amzn.us ответил без данных: <!DOCTYPE html><html><head><meta charset="utf-8"><meta name="robots" content="noindex,nofollow"></head><body><noscript>T
[00:05:59] Yahoo TSLA: HTTP Error 429: Too Many Requests
[00:06:00]   Stooq tsla.us ответил без данных: <!DOCTYPE html><html><head><meta charset="utf-8"><meta name="robots" content="noindex,nofollow"></head><body><noscript>T
[00:06:02] Yahoo AVGO: HTTP Error 429: Too Many Requests
[00:06:03]   Stooq avgo.us ответил без данных: <!DOCTYPE html><html><head><meta charset="utf-8"><meta name="robots" content="noindex,nofollow"></head><body><noscript>T
[00:06:04] Yahoo TSM: HTTP Error 429: Too Many Requests
[00:06:05]   Stooq tsm.us ответил без данных: <!DOCTYPE html><html><head><meta charset="utf-8"><meta name="robots" content="noindex,nofollow"></head><body><noscript>T
[00:06:06] Yahoo MU: HTTP Error 429: Too Many Requests
[00:06:07]   Stooq mu.us ответил без данных: <!DOCTYPE html><html><head><meta charset="utf-8"><meta name="robots" content="noindex,nofollow"></head><body><noscript>T
[00:06:08] Yahoo AMD: HTTP Error 429: Too Many Requests
[00:06:09]   Stooq amd.us ответил без данных: <!DOCTYPE html><html><head><meta charset="utf-8"><meta name="robots" content="noindex,nofollow"></head><body><noscript>T
[00:06:11] Yahoo MRVL: HTTP Error 429: Too Many Requests
[00:06:12]   Stooq mrvl.us ответил без данных: <!DOCTYPE html><html><head><meta charset="utf-8"><meta name="robots" content="noindex,nofollow"></head><body><noscript>T
[00:06:13] Yahoo INTC: HTTP Error 429: Too Many Requests
[00:06:14]   Stooq intc.us ответил без данных: <!DOCTYPE html><html><head><meta charset="utf-8"><meta name="robots" content="noindex,nofollow"></head><body><noscript>T
[00:06:15] Yahoo ORCL: HTTP Error 429: Too Many Requests
[00:06:16]   Stooq orcl.us ответил без данных: <!DOCTYPE html><html><head><meta charset="utf-8"><meta name="robots" content="noindex,nofollow"></head><body><noscript>T
[00:06:17] Yahoo PLTR: HTTP Error 429: Too Many Requests
[00:06:18]   Stooq pltr.us ответил без данных: <!DOCTYPE html><html><head><meta charset="utf-8"><meta name="robots" content="noindex,nofollow"></head><body><noscript>T
[00:06:20] Yahoo COIN: HTTP Error 429: Too Many Requests
[00:06:21]   Stooq coin.us ответил без данных: <!DOCTYPE html><html><head><meta charset="utf-8"><meta name="robots" content="noindex,nofollow"></head><body><noscript>T
[00:06:22] Yahoo HOOD: HTTP Error 429: Too Many Requests
[00:06:23]   Stooq hood.us ответил без данных: <!DOCTYPE html><html><head><meta charset="utf-8"><meta name="robots" content="noindex,nofollow"></head><body><noscript>T
[00:06:24] Yahoo MSTR: HTTP Error 429: Too Many Requests
[00:06:25]   Stooq mstr.us ответил без данных: <!DOCTYPE html><html><head><meta charset="utf-8"><meta name="robots" content="noindex,nofollow"></head><body><noscript>T
[00:06:26] Yahoo CRCL: HTTP Error 429: Too Many Requests
[00:06:27]   Stooq crcl.us ответил без данных: <!DOCTYPE html><html><head><meta charset="utf-8"><meta name="robots" content="noindex,nofollow"></head><body><noscript>T
[00:06:29] Yahoo NBIS: HTTP Error 429: Too Many Requests
[00:06:30]   Stooq nbis.us ответил без данных: <!DOCTYPE html><html><head><meta charset="utf-8"><meta name="robots" content="noindex,nofollow"></head><body><noscript>T
[00:06:31] Yahoo CRWV: HTTP Error 429: Too Many Requests
[00:06:32]   Stooq crwv.us ответил без данных: <!DOCTYPE html><html><head><meta charset="utf-8"><meta name="robots" content="noindex,nofollow"></head><body><noscript>T
[00:06:33] Yahoo LLY: HTTP Error 429: Too Many Requests
[00:06:34]   Stooq lly.us ответил без данных: <!DOCTYPE html><html><head><meta charset="utf-8"><meta name="robots" content="noindex,nofollow"></head><body><noscript>T
[00:06:36] Yahoo UNH: HTTP Error 429: Too Many Requests
[00:06:37]   Stooq unh.us ответил без данных: <!DOCTYPE html><html><head><meta charset="utf-8"><meta name="robots" content="noindex,nofollow"></head><body><noscript>T
[00:06:38] Yahoo NVO: HTTP Error 429: Too Many Requests
[00:06:39]   Stooq nvo.us ответил без данных: <!DOCTYPE html><html><head><meta charset="utf-8"><meta name="robots" content="noindex,nofollow"></head><body><noscript>T
[00:06:40] Yahoo XOM: HTTP Error 429: Too Many Requests
[00:06:41]   Stooq xom.us ответил без данных: <!DOCTYPE html><html><head><meta charset="utf-8"><meta name="robots" content="noindex,nofollow"></head><body><noscript>T
[00:06:42] Yahoo CVX: HTTP Error 429: Too Many Requests
[00:06:43]   Stooq cvx.us ответил без данных: <!DOCTYPE html><html><head><meta charset="utf-8"><meta name="robots" content="noindex,nofollow"></head><body><noscript>T
[00:06:44] Yahoo V: HTTP Error 429: Too Many Requests
[00:06:45]   Stooq v.us ответил без данных: <!DOCTYPE html><html><head><meta charset="utf-8"><meta name="robots" content="noindex,nofollow"></head><body><noscript>T
[00:06:47] Yahoo JNJ: HTTP Error 429: Too Many Requests
[00:06:48]   Stooq jnj.us ответил без данных: <!DOCTYPE html><html><head><meta charset="utf-8"><meta name="robots" content="noindex,nofollow"></head><body><noscript>T
[00:06:49] Yahoo PG: HTTP Error 429: Too Many Requests
[00:06:50]   Stooq pg.us ответил без данных: <!DOCTYPE html><html><head><meta charset="utf-8"><meta name="robots" content="noindex,nofollow"></head><body><noscript>T
[00:06:51] Yahoo NFLX: HTTP Error 429: Too Many Requests
[00:06:52]   Stooq nflx.us ответил без данных: <!DOCTYPE html><html><head><meta charset="utf-8"><meta name="robots" content="noindex,nofollow"></head><body><noscript>T
[00:06:53] Дневные свечи (equity): получено 0 из 29
[00:06:53] Yahoo SPY: HTTP Error 429: Too Many Requests
[00:06:54]   Stooq spy.us ответил без данных: <!DOCTYPE html><html><head><meta charset="utf-8"><meta name="robots" content="noindex,nofollow"></head><body><noscript>T
[00:06:56] Yahoo QQQ: HTTP Error 429: Too Many Requests
[00:06:57]   Stooq qqq.us ответил без данных: <!DOCTYPE html><html><head><meta charset="utf-8"><meta name="robots" content="noindex,nofollow"></head><body><noscript>T
[00:06:58] Yahoo VTI: HTTP Error 429: Too Many Requests
[00:06:59]   Stooq vti.us ответил без данных: <!DOCTYPE html><html><head><meta charset="utf-8"><meta name="robots" content="noindex,nofollow"></head><body><noscript>T
[00:07:00] Yahoo IWM: HTTP Error 429: Too Many Requests
[00:07:01]   Stooq iwm.us ответил без данных: <!DOCTYPE html><html><head><meta charset="utf-8"><meta name="robots" content="noindex,nofollow"></head><body><noscript>T
[00:07:02] Yahoo IEMG: HTTP Error 429: Too Many Requests
[00:07:03]   Stooq iemg.us ответил без данных: <!DOCTYPE html><html><head><meta charset="utf-8"><meta name="robots" content="noindex,nofollow"></head><body><noscript>T
[00:07:04] Yahoo SLV: HTTP Error 429: Too Many Requests
[00:07:05]   Stooq slv.us ответил без данных: <!DOCTYPE html><html><head><meta charset="utf-8"><meta name="robots" content="noindex,nofollow"></head><body><noscript>T
[00:07:07] Yahoo PPLT: HTTP Error 429: Too Many Requests
[00:07:08]   Stooq pplt.us ответил без данных: <!DOCTYPE html><html><head><meta charset="utf-8"><meta name="robots" content="noindex,nofollow"></head><body><noscript>T
[00:07:09] Yahoo PALL: HTTP Error 429: Too Many Requests
[00:07:10]   Stooq pall.us ответил без данных: <!DOCTYPE html><html><head><meta charset="utf-8"><meta name="robots" content="noindex,nofollow"></head><body><noscript>T
[00:07:11] Yahoo XLE: HTTP Error 429: Too Many Requests
[00:07:12]   Stooq xle.us ответил без данных: <!DOCTYPE html><html><head><meta charset="utf-8"><meta name="robots" content="noindex,nofollow"></head><body><noscript>T
[00:07:13] Yahoo XOP: HTTP Error 429: Too Many Requests
[00:07:14]   Stooq xop.us ответил без данных: <!DOCTYPE html><html><head><meta charset="utf-8"><meta name="robots" content="noindex,nofollow"></head><body><noscript>T
[00:07:15] Yahoo COPX: HTTP Error 429: Too Many Requests
[00:07:16]   Stooq copx.us ответил без данных: <!DOCTYPE html><html><head><meta charset="utf-8"><meta name="robots" content="noindex,nofollow"></head><body><noscript>T
[00:07:18] Yahoo URA: HTTP Error 429: Too Many Requests
[00:07:18]   Stooq ura.us ответил без данных: <!DOCTYPE html><html><head><meta charset="utf-8"><meta name="robots" content="noindex,nofollow"></head><body><noscript>T
[00:07:20] Yahoo TQQQ: HTTP Error 429: Too Many Requests
[00:07:21]   Stooq tqqq.us ответил без данных: <!DOCTYPE html><html><head><meta charset="utf-8"><meta name="robots" content="noindex,nofollow"></head><body><noscript>T
[00:07:22] Yahoo TBLL: HTTP Error 429: Too Many Requests
[00:07:23]   Stooq tbll.us ответил без данных: <!DOCTYPE html><html><head><meta charset="utf-8"><meta name="robots" content="noindex,nofollow"></head><body><noscript>T
[00:07:24] Дневные свечи (etf): получено 0 из 14
[00:07:24] Yahoo GC=F: HTTP Error 429: Too Many Requests
[00:07:25]   Stooq xauusd ответил без данных: <!DOCTYPE html><html><head><meta charset="utf-8"><meta name="robots" content="noindex,nofollow"></head><body><noscript>T
[00:07:27]   Stooq gc.f ответил без данных: <!DOCTYPE html><html><head><meta charset="utf-8"><meta name="robots" content="noindex,nofollow"></head><body><noscript>T
[00:07:28] Yahoo SI=F: HTTP Error 429: Too Many Requests
[00:07:29]   Stooq xagusd ответил без данных: <!DOCTYPE html><html><head><meta charset="utf-8"><meta name="robots" content="noindex,nofollow"></head><body><noscript>T
[00:07:31]   Stooq si.f ответил без данных: <!DOCTYPE html><html><head><meta charset="utf-8"><meta name="robots" content="noindex,nofollow"></head><body><noscript>T
[00:07:32] Yahoo PL=F: HTTP Error 429: Too Many Requests
[00:07:33]   Stooq xptusd ответил без данных: <!DOCTYPE html><html><head><meta charset="utf-8"><meta name="robots" content="noindex,nofollow"></head><body><noscript>T
[00:07:34]   Stooq pl.f ответил без данных: <!DOCTYPE html><html><head><meta charset="utf-8"><meta name="robots" content="noindex,nofollow"></head><body><noscript>T
[00:07:36] Yahoo CL=F: HTTP Error 429: Too Many Requests
[00:07:37]   Stooq cl.f ответил без данных: <!DOCTYPE html><html><head><meta charset="utf-8"><meta name="robots" content="noindex,nofollow"></head><body><noscript>T
[00:07:38] Yahoo BZ=F: HTTP Error 429: Too Many Requests
[00:07:39]   Stooq cb.f ответил без данных: <!DOCTYPE html><html><head><meta charset="utf-8"><meta name="robots" content="noindex,nofollow"></head><body><noscript>T
[00:07:40] Дневные свечи (commodity): получено 0 из 5
[00:07:40] Yahoo ^GSPC: HTTP Error 429: Too Many Requests
[00:07:41]   Stooq ^spx ответил без данных: <!DOCTYPE html><html><head><meta charset="utf-8"><meta name="robots" content="noindex,nofollow"></head><body><noscript>T
[00:07:42] Yahoo ^NDX: HTTP Error 429: Too Many Requests
[00:07:43]   Stooq ^ndx ответил без данных: <!DOCTYPE html><html><head><meta charset="utf-8"><meta name="robots" content="noindex,nofollow"></head><body><noscript>T
[00:07:45] Yahoo DX-Y.NYB: HTTP Error 429: Too Many Requests
[00:07:45]   Stooq ^dxy ответил без данных: <!DOCTYPE html><html><head><meta charset="utf-8"><meta name="robots" content="noindex,nofollow"></head><body><noscript>T
[00:07:47] Yahoo RUB=X: HTTP Error 429: Too Many Requests
[00:07:48]   Stooq usdrub ответил без данных: <!DOCTYPE html><html><head><meta charset="utf-8"><meta name="robots" content="noindex,nofollow"></head><body><noscript>T
[00:07:49] Дневные свечи (index): получено 0 из 4
[00:07:49] ЦБ РФ: USD/RUB = 83.5588
[00:07:49] История: добавлено 76 строк, обновлено 0, всего ключей 24981
[00:07:49] Снапшот: 76 инструментов
[00:07:49] Догружаю историю, осталось времени 18 мин
[00:07:50]   история PALLx: 101 точек
[00:07:57]   история PPLTx: 175 точек
[00:08:04]   история AMDx: 254 точек
[00:08:11]   история COPXx: 0 точек
[00:08:18]   история IEMGx: 213 точек
[00:08:25]   история XLEx: 114 точек
[00:08:33]   история URAx: 8 точек
[00:08:40]   лимит запросов, жду 20s
[00:09:00]   лимит запросов, жду 40s
[00:09:40]   история SLVx: 49 точек
[00:09:47]   история JNJx: 282 точек
[00:09:54]   история NVOx: 292 точек
[00:10:08]   история IWMx: 88 точек
[00:10:15]   история XOPx: 0 точек
[00:10:23]   история TBLLx: 180 точек
[00:10:30]   пропущено (история уже есть): 57
[00:10:30] История: добавлено 0 строк, обновлено 1756, всего ключей 24981
[00:10:30] Снапшот: 76 инструментов
[17:06:17] Старт сбора (с историей за год), 2026-10-01 17:06 UTC, бюджет 22 мин
[17:06:17] Уборка истории: выкинуто 0 строк, осталось 24981
[17:06:17] Разрешаю 1 id через /coins/list
[17:06:17]   ADI -> adi-token
[17:06:32] CoinGecko: получено 42 из 42
[17:06:32] xStocks: нашлось токенов 36 из 38
[17:06:39]   лимит запросов, жду 20s
[17:06:59]   лимит запросов, жду 40s
[17:07:46] CoinGecko: получено 34 из 36
[17:07:46] Yahoo NVDA: HTTP Error 429: Too Many Requests
[17:07:48]   Stooq nvda.us ответил без данных: <!DOCTYPE html><html><head><meta charset="utf-8"><meta name="robots" content="noindex,nofollow"></head><body><noscript>T
[17:07:49] Yahoo AAPL: HTTP Error 429: Too Many Requests
[17:07:50]   Stooq aapl.us ответил без данных: <!DOCTYPE html><html><head><meta charset="utf-8"><meta name="robots" content="noindex,nofollow"></head><body><noscript>T
[17:07:52] Yahoo MSFT: HTTP Error 429: Too Many Requests
[17:07:53]   Stooq msft.us ответил без данных: <!DOCTYPE html><html><head><meta charset="utf-8"><meta name="robots" content="noindex,nofollow"></head><body><noscript>T
[17:07:54] Yahoo GOOGL: HTTP Error 429: Too Many Requests
[17:07:55]   Stooq googl.us ответил без данных: <!DOCTYPE html><html><head><meta charset="utf-8"><meta name="robots" content="noindex,nofollow"></head><body><noscript>T
[17:07:57] Yahoo AMZN: HTTP Error 429: Too Many Requests
[17:07:58]   Stooq amzn.us ответил без данных: <!DOCTYPE html><html><head><meta charset="utf-8"><meta name="robots" content="noindex,nofollow"></head><body><noscript>T
[17:07:59] Yahoo TSLA: HTTP Error 429: Too Many Requests
[17:08:00]   Stooq tsla.us ответил без данных: <!DOCTYPE html><html><head><meta charset="utf-8"><meta name="robots" content="noindex,nofollow"></head><body><noscript>T
[17:08:02] Yahoo AVGO: HTTP Error 429: Too Many Requests
[17:08:03]   Stooq avgo.us ответил без данных: <!DOCTYPE html><html><head><meta charset="utf-8"><meta name="robots" content="noindex,nofollow"></head><body><noscript>T
[17:08:04] Yahoo TSM: HTTP Error 429: Too Many Requests
[17:08:06]   Stooq tsm.us ответил без данных: <!DOCTYPE html><html><head><meta charset="utf-8"><meta name="robots" content="noindex,nofollow"></head><body><noscript>T
[17:08:07] Yahoo MU: HTTP Error 429: Too Many Requests
[17:08:08]   Stooq mu.us ответил без данных: <!DOCTYPE html><html><head><meta charset="utf-8"><meta name="robots" content="noindex,nofollow"></head><body><noscript>T
[17:08:09] Yahoo AMD: HTTP Error 429: Too Many Requests
[17:08:10]   Stooq amd.us ответил без данных: <!DOCTYPE html><html><head><meta charset="utf-8"><meta name="robots" content="noindex,nofollow"></head><body><noscript>T
[17:08:12] Yahoo MRVL: HTTP Error 429: Too Many Requests
[17:08:13]   Stooq mrvl.us ответил без данных: <!DOCTYPE html><html><head><meta charset="utf-8"><meta name="robots" content="noindex,nofollow"></head><body><noscript>T
[17:08:14] Yahoo INTC: HTTP Error 429: Too Many Requests
[17:08:15]   Stooq intc.us ответил без данных: <!DOCTYPE html><html><head><meta charset="utf-8"><meta name="robots" content="noindex,nofollow"></head><body><noscript>T
[17:08:16] Yahoo ORCL: HTTP Error 429: Too Many Requests
[17:08:18]   Stooq orcl.us ответил без данных: <!DOCTYPE html><html><head><meta charset="utf-8"><meta name="robots" content="noindex,nofollow"></head><body><noscript>T
[17:08:19] Yahoo PLTR: HTTP Error 429: Too Many Requests
[17:08:20]   Stooq pltr.us ответил без данных: <!DOCTYPE html><html><head><meta charset="utf-8"><meta name="robots" content="noindex,nofollow"></head><body><noscript>T
[17:08:22] Yahoo COIN: HTTP Error 429: Too Many Requests
[17:08:23]   Stooq coin.us ответил без данных: <!DOCTYPE html><html><head><meta charset="utf-8"><meta name="robots" content="noindex,nofollow"></head><body><noscript>T
[17:08:24] Yahoo HOOD: HTTP Error 429: Too Many Requests
[17:08:25]   Stooq hood.us ответил без данных: <!DOCTYPE html><html><head><meta charset="utf-8"><meta name="robots" content="noindex,nofollow"></head><body><noscript>T
[17:08:27] Yahoo MSTR: HTTP Error 429: Too Many Requests
[17:08:28]   Stooq mstr.us ответил без данных: <!DOCTYPE html><html><head><meta charset="utf-8"><meta name="robots" content="noindex,nofollow"></head><body><noscript>T
[17:08:29] Yahoo CRCL: HTTP Error 429: Too Many Requests
[17:08:30]   Stooq crcl.us ответил без данных: <!DOCTYPE html><html><head><meta charset="utf-8"><meta name="robots" content="noindex,nofollow"></head><body><noscript>T
[17:08:32] Yahoo NBIS: HTTP Error 429: Too Many Requests
[17:08:33]   Stooq nbis.us ответил без данных: <!DOCTYPE html><html><head><meta charset="utf-8"><meta name="robots" content="noindex,nofollow"></head><body><noscript>T
[17:08:34] Yahoo CRWV: HTTP Error 429: Too Many Requests
[17:08:35]   Stooq crwv.us ответил без данных: <!DOCTYPE html><html><head><meta charset="utf-8"><meta name="robots" content="noindex,nofollow"></head><body><noscript>T
[17:08:37] Yahoo LLY: HTTP Error 429: Too Many Requests
[17:08:38]   Stooq lly.us ответил без данных: <!DOCTYPE html><html><head><meta charset="utf-8"><meta name="robots" content="noindex,nofollow"></head><body><noscript>T
[17:08:39] Yahoo UNH: HTTP Error 429: Too Many Requests
[17:08:40]   Stooq unh.us ответил без данных: <!DOCTYPE html><html><head><meta charset="utf-8"><meta name="robots" content="noindex,nofollow"></head><body><noscript>T
[17:08:41] Yahoo NVO: HTTP Error 429: Too Many Requests
[17:08:42]   Stooq nvo.us ответил без данных: <!DOCTYPE html><html><head><meta charset="utf-8"><meta name="robots" content="noindex,nofollow"></head><body><noscript>T
[17:08:44] Yahoo XOM: HTTP Error 429: Too Many Requests
[17:08:45]   Stooq xom.us ответил без данных: <!DOCTYPE html><html><head><meta charset="utf-8"><meta name="robots" content="noindex,nofollow"></head><body><noscript>T
[17:08:46] Yahoo CVX: HTTP Error 429: Too Many Requests
[17:08:48]   Stooq cvx.us ответил без данных: <!DOCTYPE html><html><head><meta charset="utf-8"><meta name="robots" content="noindex,nofollow"></head><body><noscript>T
[17:08:49] Yahoo V: HTTP Error 429: Too Many Requests
[17:08:50]   Stooq v.us ответил без данных: <!DOCTYPE html><html><head><meta charset="utf-8"><meta name="robots" content="noindex,nofollow"></head><body><noscript>T
[17:08:51] Yahoo JNJ: HTTP Error 429: Too Many Requests
[17:08:52]   Stooq jnj.us ответил без данных: <!DOCTYPE html><html><head><meta charset="utf-8"><meta name="robots" content="noindex,nofollow"></head><body><noscript>T
[17:08:54] Yahoo PG: HTTP Error 429: Too Many Requests
[17:08:55]   Stooq pg.us ответил без данных: <!DOCTYPE html><html><head><meta charset="utf-8"><meta name="robots" content="noindex,nofollow"></head><body><noscript>T
[17:08:56] Yahoo NFLX: HTTP Error 429: Too Many Requests
[17:08:57]   Stooq nflx.us ответил без данных: <!DOCTYPE html><html><head><meta charset="utf-8"><meta name="robots" content="noindex,nofollow"></head><body><noscript>T
[17:08:58] Дневные свечи (equity): получено 0 из 29
[17:08:58] Yahoo SPY: HTTP Error 429: Too Many Requests
[17:08:59]   Stooq spy.us ответил без данных: <!DOCTYPE html><html><head><meta charset="utf-8"><meta name="robots" content="noindex,nofollow"></head><body><noscript>T
[17:09:01] Yahoo QQQ: HTTP Error 429: Too Many Requests
[17:09:02]   Stooq qqq.us ответил без данных: <!DOCTYPE html><html><head><meta charset="utf-8"><meta name="robots" content="noindex,nofollow"></head><body><noscript>T
[17:09:03] Yahoo VTI: HTTP Error 429: Too Many Requests
[17:09:05]   Stooq vti.us ответил без данных: <!DOCTYPE html><html><head><meta charset="utf-8"><meta name="robots" content="noindex,nofollow"></head><body><noscript>T
[17:09:06] Yahoo IWM: HTTP Error 429: Too Many Requests
[17:09:07]   Stooq iwm.us ответил без данных: <!DOCTYPE html><html><head><meta charset="utf-8"><meta name="robots" content="noindex,nofollow"></head><body><noscript>T
[17:09:08] Yahoo IEMG: HTTP Error 429: Too Many Requests
[17:09:10]   Stooq iemg.us ответил без данных: <!DOCTYPE html><html><head><meta charset="utf-8"><meta name="robots" content="noindex,nofollow"></head><body><noscript>T
[17:09:11] Yahoo SLV: HTTP Error 429: Too Many Requests
[17:09:12]   Stooq slv.us ответил без данных: <!DOCTYPE html><html><head><meta charset="utf-8"><meta name="robots" content="noindex,nofollow"></head><body><noscript>T
[17:09:14] Yahoo PPLT: HTTP Error 429: Too Many Requests
[17:09:15]   Stooq pplt.us ответил без данных: <!DOCTYPE html><html><head><meta charset="utf-8"><meta name="robots" content="noindex,nofollow"></head><body><noscript>T
[17:09:16] Yahoo PALL: HTTP Error 429: Too Many Requests
[17:09:18]   Stooq pall.us ответил без данных: <!DOCTYPE html><html><head><meta charset="utf-8"><meta name="robots" content="noindex,nofollow"></head><body><noscript>T
[17:09:19] Yahoo XLE: HTTP Error 429: Too Many Requests
[17:09:20]   Stooq xle.us ответил без данных: <!DOCTYPE html><html><head><meta charset="utf-8"><meta name="robots" content="noindex,nofollow"></head><body><noscript>T
[17:09:21] Yahoo XOP: HTTP Error 429: Too Many Requests
[17:09:22]   Stooq xop.us ответил без данных: <!DOCTYPE html><html><head><meta charset="utf-8"><meta name="robots" content="noindex,nofollow"></head><body><noscript>T
[17:09:24] Yahoo COPX: HTTP Error 429: Too Many Requests
[17:09:25]   Stooq copx.us ответил без данных: <!DOCTYPE html><html><head><meta charset="utf-8"><meta name="robots" content="noindex,nofollow"></head><body><noscript>T
[17:09:26] Yahoo URA: HTTP Error 429: Too Many Requests
[17:09:27]   Stooq ura.us ответил без данных: <!DOCTYPE html><html><head><meta charset="utf-8"><meta name="robots" content="noindex,nofollow"></head><body><noscript>T
[17:09:29] Yahoo TQQQ: HTTP Error 429: Too Many Requests
[17:09:30]   Stooq tqqq.us ответил без данных: <!DOCTYPE html><html><head><meta charset="utf-8"><meta name="robots" content="noindex,nofollow"></head><body><noscript>T
[17:09:31] Yahoo TBLL: HTTP Error 429: Too Many Requests
[17:09:32]   Stooq tbll.us ответил без данных: <!DOCTYPE html><html><head><meta charset="utf-8"><meta name="robots" content="noindex,nofollow"></head><body><noscript>T
[17:09:33] Дневные свечи (etf): получено 0 из 14
[17:09:33] Yahoo GC=F: HTTP Error 429: Too Many Requests
[17:09:35]   Stooq xauusd ответил без данных: <!DOCTYPE html><html><head><meta charset="utf-8"><meta name="robots" content="noindex,nofollow"></head><body><noscript>T
[17:10:06]   повтор через 1s после ошибки: <urlopen error _ssl.c:993: The handshake operation timed out>
[17:11:08]   повтор через 2s после ошибки: <urlopen error timed out>
[17:12:10] Stooq gc.f: <urlopen error timed out>
[17:12:11] Yahoo SI=F: HTTP Error 429: Too Many Requests
[17:13:12]   повтор через 1s после ошибки: <urlopen error timed out>
[17:14:13]   повтор через 2s после ошибки: <urlopen error timed out>
[17:15:15] Stooq xagusd: <urlopen error timed out>
[17:16:17]   повтор через 1s после ошибки: <urlopen error timed out>
[17:17:18]   повтор через 2s после ошибки: <urlopen error timed out>
[17:18:20] Stooq si.f: <urlopen error timed out>
[17:18:22] Yahoo PL=F: HTTP Error 429: Too Many Requests
[17:19:23]   повтор через 1s после ошибки: <urlopen error timed out>
[17:20:24]   повтор через 2s после ошибки: <urlopen error timed out>
[17:21:26] Stooq xptusd: <urlopen error timed out>
[17:22:28]   повтор через 1s после ошибки: <urlopen error timed out>
[17:23:29]   повтор через 2s после ошибки: <urlopen error timed out>
[17:24:31] Stooq pl.f: <urlopen error timed out>
[17:24:32] Yahoo CL=F: HTTP Error 429: Too Many Requests
[17:25:33]   повтор через 1s после ошибки: <urlopen error timed out>
[17:26:35]   повтор через 2s после ошибки: <urlopen error timed out>
[17:27:37] Stooq cl.f: <urlopen error timed out>
[17:27:38]   время вышло, остаток класса commodity доберём следующим прогоном
[17:27:38] Дневные свечи (commodity): получено 0 из 5
[17:27:38]   время вышло, остаток класса index доберём следующим прогоном
[17:27:38] Дневные свечи (index): получено 0 из 4
[17:27:39] ЦБ РФ: USD/RUB = 83.2454
[17:27:39] История: добавлено 0 строк, обновлено 76, всего ключей 24981
[17:27:39] Снапшот: 76 инструментов
[17:27:39] На догрузку истории времени не осталось, доберём следующим прогоном
