[00:12:49] Старт сбора (с историей за год), 2026-10-10 00:12 UTC, бюджет 22 мин
[00:12:49] Уборка истории: выкинуто 0 строк, осталось 25589
[00:12:49] Разрешаю 1 id через /coins/list
[00:12:49]   ADI -> adi-token
[00:13:03] CoinGecko: получено 42 из 42
[00:13:03] xStocks: нашлось токенов 36 из 38
[00:13:18] CoinGecko: получено 34 из 36
[00:13:18] Yahoo NVDA: HTTP Error 429: Too Many Requests
[00:13:19]   Stooq nvda.us ответил без данных: <!DOCTYPE html><html><head><meta charset="utf-8"><meta name="robots" content="noindex,nofollow"></head><body><noscript>T
[00:13:20] Yahoo AAPL: HTTP Error 429: Too Many Requests
[00:13:21]   Stooq aapl.us ответил без данных: <!DOCTYPE html><html><head><meta charset="utf-8"><meta name="robots" content="noindex,nofollow"></head><body><noscript>T
[00:13:23] Yahoo MSFT: HTTP Error 429: Too Many Requests
[00:13:24]   Stooq msft.us ответил без данных: <!DOCTYPE html><html><head><meta charset="utf-8"><meta name="robots" content="noindex,nofollow"></head><body><noscript>T
[00:13:25] Yahoo GOOGL: HTTP Error 429: Too Many Requests
[00:13:27]   Stooq googl.us ответил без данных: <!DOCTYPE html><html><head><meta charset="utf-8"><meta name="robots" content="noindex,nofollow"></head><body><noscript>T
[00:13:28] Yahoo AMZN: HTTP Error 429: Too Many Requests
[00:13:29]   Stooq amzn.us ответил без данных: <!DOCTYPE html><html><head><meta charset="utf-8"><meta name="robots" content="noindex,nofollow"></head><body><noscript>T
[00:13:30] Yahoo TSLA: HTTP Error 429: Too Many Requests
[00:13:31]   Stooq tsla.us ответил без данных: <!DOCTYPE html><html><head><meta charset="utf-8"><meta name="robots" content="noindex,nofollow"></head><body><noscript>T
[00:13:33] Yahoo AVGO: HTTP Error 429: Too Many Requests
[00:13:34]   Stooq avgo.us ответил без данных: <!DOCTYPE html><html><head><meta charset="utf-8"><meta name="robots" content="noindex,nofollow"></head><body><noscript>T
[00:13:35] Yahoo TSM: HTTP Error 429: Too Many Requests
[00:13:36]   Stooq tsm.us ответил без данных: <!DOCTYPE html><html><head><meta charset="utf-8"><meta name="robots" content="noindex,nofollow"></head><body><noscript>T
[00:13:38] Yahoo MU: HTTP Error 429: Too Many Requests
[00:13:39]   Stooq mu.us ответил без данных: <!DOCTYPE html><html><head><meta charset="utf-8"><meta name="robots" content="noindex,nofollow"></head><body><noscript>T
[00:13:40] Yahoo AMD: HTTP Error 429: Too Many Requests
[00:13:41]   Stooq amd.us ответил без данных: <!DOCTYPE html><html><head><meta charset="utf-8"><meta name="robots" content="noindex,nofollow"></head><body><noscript>T
[00:13:42] Yahoo MRVL: HTTP Error 429: Too Many Requests
[00:13:44]   Stooq mrvl.us ответил без данных: <!DOCTYPE html><html><head><meta charset="utf-8"><meta name="robots" content="noindex,nofollow"></head><body><noscript>T
[00:13:45] Yahoo INTC: HTTP Error 429: Too Many Requests
[00:13:46]   Stooq intc.us ответил без данных: <!DOCTYPE html><html><head><meta charset="utf-8"><meta name="robots" content="noindex,nofollow"></head><body><noscript>T
[00:13:47] Yahoo ORCL: HTTP Error 429: Too Many Requests
[00:13:48]   Stooq orcl.us ответил без данных: <!DOCTYPE html><html><head><meta charset="utf-8"><meta name="robots" content="noindex,nofollow"></head><body><noscript>T
[00:13:50] Yahoo PLTR: HTTP Error 429: Too Many Requests
[00:13:51]   Stooq pltr.us ответил без данных: <!DOCTYPE html><html><head><meta charset="utf-8"><meta name="robots" content="noindex,nofollow"></head><body><noscript>T
[00:13:52] Yahoo COIN: HTTP Error 429: Too Many Requests
[00:13:53]   Stooq coin.us ответил без данных: <!DOCTYPE html><html><head><meta charset="utf-8"><meta name="robots" content="noindex,nofollow"></head><body><noscript>T
[00:13:55] Yahoo HOOD: HTTP Error 429: Too Many Requests
[00:13:56]   Stooq hood.us ответил без данных: <!DOCTYPE html><html><head><meta charset="utf-8"><meta name="robots" content="noindex,nofollow"></head><body><noscript>T
[00:13:57] Yahoo MSTR: HTTP Error 429: Too Many Requests
[00:13:58]   Stooq mstr.us ответил без данных: <!DOCTYPE html><html><head><meta charset="utf-8"><meta name="robots" content="noindex,nofollow"></head><body><noscript>T
[00:13:59] Yahoo CRCL: HTTP Error 429: Too Many Requests
[00:14:01]   Stooq crcl.us ответил без данных: <!DOCTYPE html><html><head><meta charset="utf-8"><meta name="robots" content="noindex,nofollow"></head><body><noscript>T
[00:14:02] Yahoo NBIS: HTTP Error 429: Too Many Requests
[00:14:03]   Stooq nbis.us ответил без данных: <!DOCTYPE html><html><head><meta charset="utf-8"><meta name="robots" content="noindex,nofollow"></head><body><noscript>T
[00:14:04] Yahoo CRWV: HTTP Error 429: Too Many Requests
[00:14:05]   Stooq crwv.us ответил без данных: <!DOCTYPE html><html><head><meta charset="utf-8"><meta name="robots" content="noindex,nofollow"></head><body><noscript>T
[00:14:07] Yahoo LLY: HTTP Error 429: Too Many Requests
[00:14:08]   Stooq lly.us ответил без данных: <!DOCTYPE html><html><head><meta charset="utf-8"><meta name="robots" content="noindex,nofollow"></head><body><noscript>T
[00:14:09] Yahoo UNH: HTTP Error 429: Too Many Requests
[00:14:10]   Stooq unh.us ответил без данных: <!DOCTYPE html><html><head><meta charset="utf-8"><meta name="robots" content="noindex,nofollow"></head><body><noscript>T
[00:14:11] Yahoo NVO: HTTP Error 429: Too Many Requests
[00:14:12]   Stooq nvo.us ответил без данных: <!DOCTYPE html><html><head><meta charset="utf-8"><meta name="robots" content="noindex,nofollow"></head><body><noscript>T
[00:14:14] Yahoo XOM: HTTP Error 429: Too Many Requests
[00:14:15]   Stooq xom.us ответил без данных: <!DOCTYPE html><html><head><meta charset="utf-8"><meta name="robots" content="noindex,nofollow"></head><body><noscript>T
[00:14:16] Yahoo CVX: HTTP Error 429: Too Many Requests
[00:14:17]   Stooq cvx.us ответил без данных: <!DOCTYPE html><html><head><meta charset="utf-8"><meta name="robots" content="noindex,nofollow"></head><body><noscript>T
[00:14:18] Yahoo V: HTTP Error 429: Too Many Requests
[00:14:20]   Stooq v.us ответил без данных: <!DOCTYPE html><html><head><meta charset="utf-8"><meta name="robots" content="noindex,nofollow"></head><body><noscript>T
[00:14:21] Yahoo JNJ: HTTP Error 429: Too Many Requests
[00:14:22]   Stooq jnj.us ответил без данных: <!DOCTYPE html><html><head><meta charset="utf-8"><meta name="robots" content="noindex,nofollow"></head><body><noscript>T
[00:14:23] Yahoo PG: HTTP Error 429: Too Many Requests
[00:14:25]   Stooq pg.us ответил без данных: <!DOCTYPE html><html><head><meta charset="utf-8"><meta name="robots" content="noindex,nofollow"></head><body><noscript>T
[00:14:26] Yahoo NFLX: HTTP Error 429: Too Many Requests
[00:14:27]   Stooq nflx.us ответил без данных: <!DOCTYPE html><html><head><meta charset="utf-8"><meta name="robots" content="noindex,nofollow"></head><body><noscript>T
[00:14:28] Дневные свечи (equity): получено 0 из 29
[00:14:28] Yahoo SPY: HTTP Error 429: Too Many Requests
[00:14:29]   Stooq spy.us ответил без данных: <!DOCTYPE html><html><head><meta charset="utf-8"><meta name="robots" content="noindex,nofollow"></head><body><noscript>T
[00:14:30] Yahoo QQQ: HTTP Error 429: Too Many Requests
[00:14:32]   Stooq qqq.us ответил без данных: <!DOCTYPE html><html><head><meta charset="utf-8"><meta name="robots" content="noindex,nofollow"></head><body><noscript>T
[00:14:33] Yahoo VTI: HTTP Error 429: Too Many Requests
[00:14:34]   Stooq vti.us ответил без данных: <!DOCTYPE html><html><head><meta charset="utf-8"><meta name="robots" content="noindex,nofollow"></head><body><noscript>T
[00:14:35] Yahoo IWM: HTTP Error 429: Too Many Requests
[00:14:36]   Stooq iwm.us ответил без данных: <!DOCTYPE html><html><head><meta charset="utf-8"><meta name="robots" content="noindex,nofollow"></head><body><noscript>T
[00:14:37] Yahoo IEMG: HTTP Error 429: Too Many Requests
[00:14:39]   Stooq iemg.us ответил без данных: <!DOCTYPE html><html><head><meta charset="utf-8"><meta name="robots" content="noindex,nofollow"></head><body><noscript>T
[00:14:40] Yahoo SLV: HTTP Error 429: Too Many Requests
[00:14:41]   Stooq slv.us ответил без данных: <!DOCTYPE html><html><head><meta charset="utf-8"><meta name="robots" content="noindex,nofollow"></head><body><noscript>T
[00:14:42] Yahoo PPLT: HTTP Error 429: Too Many Requests
[00:14:43]   Stooq pplt.us ответил без данных: <!DOCTYPE html><html><head><meta charset="utf-8"><meta name="robots" content="noindex,nofollow"></head><body><noscript>T
[00:14:44] Yahoo PALL: HTTP Error 429: Too Many Requests
[00:14:46]   Stooq pall.us ответил без данных: <!DOCTYPE html><html><head><meta charset="utf-8"><meta name="robots" content="noindex,nofollow"></head><body><noscript>T
[00:14:47] Yahoo XLE: HTTP Error 429: Too Many Requests
[00:14:48]   Stooq xle.us ответил без данных: <!DOCTYPE html><html><head><meta charset="utf-8"><meta name="robots" content="noindex,nofollow"></head><body><noscript>T
[00:14:49] Yahoo XOP: HTTP Error 429: Too Many Requests
[00:14:50]   Stooq xop.us ответил без данных: <!DOCTYPE html><html><head><meta charset="utf-8"><meta name="robots" content="noindex,nofollow"></head><body><noscript>T
[00:14:52] Yahoo COPX: HTTP Error 429: Too Many Requests
[00:14:53]   Stooq copx.us ответил без данных: <!DOCTYPE html><html><head><meta charset="utf-8"><meta name="robots" content="noindex,nofollow"></head><body><noscript>T
[00:14:54] Yahoo URA: HTTP Error 429: Too Many Requests
[00:14:55]   Stooq ura.us ответил без данных: <!DOCTYPE html><html><head><meta charset="utf-8"><meta name="robots" content="noindex,nofollow"></head><body><noscript>T
[00:14:56] Yahoo TQQQ: HTTP Error 429: Too Many Requests
[00:14:58]   Stooq tqqq.us ответил без данных: <!DOCTYPE html><html><head><meta charset="utf-8"><meta name="robots" content="noindex,nofollow"></head><body><noscript>T
[00:14:59] Yahoo TBLL: HTTP Error 429: Too Many Requests
[00:15:00]   Stooq tbll.us ответил без данных: <!DOCTYPE html><html><head><meta charset="utf-8"><meta name="robots" content="noindex,nofollow"></head><body><noscript>T
[00:15:01] Дневные свечи (etf): получено 0 из 14
[00:15:01] Yahoo GC=F: HTTP Error 429: Too Many Requests
[00:15:02]   Stooq xauusd ответил без данных: <!DOCTYPE html><html><head><meta charset="utf-8"><meta name="robots" content="noindex,nofollow"></head><body><noscript>T
[00:15:04]   Stooq gc.f ответил без данных: <!DOCTYPE html><html><head><meta charset="utf-8"><meta name="robots" content="noindex,nofollow"></head><body><noscript>T
[00:15:05] Yahoo SI=F: HTTP Error 429: Too Many Requests
[00:15:06]   Stooq xagusd ответил без данных: <!DOCTYPE html><html><head><meta charset="utf-8"><meta name="robots" content="noindex,nofollow"></head><body><noscript>T
[00:15:08]   Stooq si.f ответил без данных: <!DOCTYPE html><html><head><meta charset="utf-8"><meta name="robots" content="noindex,nofollow"></head><body><noscript>T
[00:15:09] Yahoo PL=F: HTTP Error 429: Too Many Requests
[00:15:10]   Stooq xptusd ответил без данных: <!DOCTYPE html><html><head><meta charset="utf-8"><meta name="robots" content="noindex,nofollow"></head><body><noscript>T
[00:15:12]   Stooq pl.f ответил без данных: <!DOCTYPE html><html><head><meta charset="utf-8"><meta name="robots" content="noindex,nofollow"></head><body><noscript>T
[00:15:13] Yahoo CL=F: HTTP Error 429: Too Many Requests
[00:15:14]   Stooq cl.f ответил без данных: <!DOCTYPE html><html><head><meta charset="utf-8"><meta name="robots" content="noindex,nofollow"></head><body><noscript>T
[00:15:16] Yahoo BZ=F: HTTP Error 429: Too Many Requests
[00:15:17]   Stooq cb.f ответил без данных: <!DOCTYPE html><html><head><meta charset="utf-8"><meta name="robots" content="noindex,nofollow"></head><body><noscript>T
[00:15:18] Дневные свечи (commodity): получено 0 из 5
[00:15:18] Yahoo ^GSPC: HTTP Error 429: Too Many Requests
[00:15:19]   Stooq ^spx ответил без данных: <!DOCTYPE html><html><head><meta charset="utf-8"><meta name="robots" content="noindex,nofollow"></head><body><noscript>T
[00:15:20] Yahoo ^NDX: HTTP Error 429: Too Many Requests
[00:15:22]   Stooq ^ndx ответил без данных: <!DOCTYPE html><html><head><meta charset="utf-8"><meta name="robots" content="noindex,nofollow"></head><body><noscript>T
[00:15:23] Yahoo DX-Y.NYB: HTTP Error 429: Too Many Requests
[00:15:24]   Stooq ^dxy ответил без данных: <!DOCTYPE html><html><head><meta charset="utf-8"><meta name="robots" content="noindex,nofollow"></head><body><noscript>T
[00:15:26] Yahoo RUB=X: HTTP Error 429: Too Many Requests
[00:15:27]   Stooq usdrub ответил без данных: <!DOCTYPE html><html><head><meta charset="utf-8"><meta name="robots" content="noindex,nofollow"></head><body><noscript>T
[00:15:28] Дневные свечи (index): получено 0 из 4
[00:15:29] ЦБ РФ: USD/RUB = 84.9048
[00:15:29] История: добавлено 76 строк, обновлено 0, всего ключей 25665
[00:15:29] Снапшот: 76 инструментов
[00:15:29] Догружаю историю, осталось времени 19 мин
[00:15:29]   история PALLx: 110 точек
[00:15:36]   история PPLTx: 184 точек
[00:15:43]   история AMDx: 264 точек
[00:15:51]   история COPXx: 0 точек
[00:15:58]   история IEMGx: 222 точек
[00:16:05]   история XLEx: 123 точек
[00:16:12]   лимит запросов, жду 20s
[00:16:32]   лимит запросов, жду 40s
[00:17:12]   история URAx не забралась: HTTP Error 429: Too Many Requests
[00:17:19]   история SLVx: 59 точек
[00:17:26]   история JNJx: 291 точек
[00:17:34]   история IWMx: 92 точек
[00:17:41]   история XOPx: 0 точек
[00:17:48]   история TBLLx: 187 точек
[00:17:55]   пропущено (история уже есть): 58
[00:17:55] История: добавлено 0 строк, обновлено 1532, всего ключей 25665
[00:17:55] Снапшот: 76 инструментов
[15:55:52] Старт сбора (с историей за год), 2026-10-10 15:55 UTC, бюджет 22 мин
[15:55:52] Уборка истории: выкинуто 0 строк, осталось 25665
[15:55:52] Разрешаю 1 id через /coins/list
[15:55:53]   ADI -> adi-token
[15:56:07] CoinGecko: получено 42 из 42
[15:56:07] xStocks: нашлось токенов 36 из 38
[15:56:22] CoinGecko: получено 34 из 36
[15:56:22] Yahoo NVDA: HTTP Error 429: Too Many Requests
[15:56:23]   Stooq nvda.us ответил без данных: <!DOCTYPE html><html><head><meta charset="utf-8"><meta name="robots" content="noindex,nofollow"></head><body><noscript>T
[15:56:24] Yahoo AAPL: HTTP Error 429: Too Many Requests
[15:56:25]   Stooq aapl.us ответил без данных: <!DOCTYPE html><html><head><meta charset="utf-8"><meta name="robots" content="noindex,nofollow"></head><body><noscript>T
[15:56:27] Yahoo MSFT: HTTP Error 429: Too Many Requests
[15:56:28]   Stooq msft.us ответил без данных: <!DOCTYPE html><html><head><meta charset="utf-8"><meta name="robots" content="noindex,nofollow"></head><body><noscript>T
[15:56:29] Yahoo GOOGL: HTTP Error 429: Too Many Requests
[15:56:30]   Stooq googl.us ответил без данных: <!DOCTYPE html><html><head><meta charset="utf-8"><meta name="robots" content="noindex,nofollow"></head><body><noscript>T
[15:56:31] Yahoo AMZN: HTTP Error 429: Too Many Requests
[15:56:32]   Stooq amzn.us ответил без данных: <!DOCTYPE html><html><head><meta charset="utf-8"><meta name="robots" content="noindex,nofollow"></head><body><noscript>T
[15:56:34] Yahoo TSLA: HTTP Error 429: Too Many Requests
[15:56:35]   Stooq tsla.us ответил без данных: <!DOCTYPE html><html><head><meta charset="utf-8"><meta name="robots" content="noindex,nofollow"></head><body><noscript>T
[15:56:36] Yahoo AVGO: HTTP Error 429: Too Many Requests
[15:56:37]   Stooq avgo.us ответил без данных: <!DOCTYPE html><html><head><meta charset="utf-8"><meta name="robots" content="noindex,nofollow"></head><body><noscript>T
[15:56:39] Yahoo TSM: HTTP Error 429: Too Many Requests
[15:56:40]   Stooq tsm.us ответил без данных: <!DOCTYPE html><html><head><meta charset="utf-8"><meta name="robots" content="noindex,nofollow"></head><body><noscript>T
[15:56:41] Yahoo MU: HTTP Error 429: Too Many Requests
[15:56:42]   Stooq mu.us ответил без данных: <!DOCTYPE html><html><head><meta charset="utf-8"><meta name="robots" content="noindex,nofollow"></head><body><noscript>T
[15:56:43] Yahoo AMD: HTTP Error 429: Too Many Requests
[15:56:44]   Stooq amd.us ответил без данных: <!DOCTYPE html><html><head><meta charset="utf-8"><meta name="robots" content="noindex,nofollow"></head><body><noscript>T
[15:56:46] Yahoo MRVL: HTTP Error 429: Too Many Requests
[15:56:47]   Stooq mrvl.us ответил без данных: <!DOCTYPE html><html><head><meta charset="utf-8"><meta name="robots" content="noindex,nofollow"></head><body><noscript>T
[15:56:48] Yahoo INTC: HTTP Error 429: Too Many Requests
[15:56:49]   Stooq intc.us ответил без данных: <!DOCTYPE html><html><head><meta charset="utf-8"><meta name="robots" content="noindex,nofollow"></head><body><noscript>T
[15:56:50] Yahoo ORCL: HTTP Error 429: Too Many Requests
[15:56:51]   Stooq orcl.us ответил без данных: <!DOCTYPE html><html><head><meta charset="utf-8"><meta name="robots" content="noindex,nofollow"></head><body><noscript>T
[15:56:53] Yahoo PLTR: HTTP Error 429: Too Many Requests
[15:56:54]   Stooq pltr.us ответил без данных: <!DOCTYPE html><html><head><meta charset="utf-8"><meta name="robots" content="noindex,nofollow"></head><body><noscript>T
[15:56:55] Yahoo COIN: HTTP Error 429: Too Many Requests
[15:56:56]   Stooq coin.us ответил без данных: <!DOCTYPE html><html><head><meta charset="utf-8"><meta name="robots" content="noindex,nofollow"></head><body><noscript>T
[15:56:57] Yahoo HOOD: HTTP Error 429: Too Many Requests
[15:56:58]   Stooq hood.us ответил без данных: <!DOCTYPE html><html><head><meta charset="utf-8"><meta name="robots" content="noindex,nofollow"></head><body><noscript>T
[15:57:00] Yahoo MSTR: HTTP Error 429: Too Many Requests
[15:57:01]   Stooq mstr.us ответил без данных: <!DOCTYPE html><html><head><meta charset="utf-8"><meta name="robots" content="noindex,nofollow"></head><body><noscript>T
[15:57:02] Yahoo CRCL: HTTP Error 429: Too Many Requests
[15:57:03]   Stooq crcl.us ответил без данных: <!DOCTYPE html><html><head><meta charset="utf-8"><meta name="robots" content="noindex,nofollow"></head><body><noscript>T
[15:57:05] Yahoo NBIS: HTTP Error 429: Too Many Requests
[15:57:06]   Stooq nbis.us ответил без данных: <!DOCTYPE html><html><head><meta charset="utf-8"><meta name="robots" content="noindex,nofollow"></head><body><noscript>T
[15:57:07] Yahoo CRWV: HTTP Error 429: Too Many Requests
[15:57:08]   Stooq crwv.us ответил без данных: <!DOCTYPE html><html><head><meta charset="utf-8"><meta name="robots" content="noindex,nofollow"></head><body><noscript>T
[15:57:09] Yahoo LLY: HTTP Error 429: Too Many Requests
[15:57:11]   Stooq lly.us ответил без данных: <!DOCTYPE html><html><head><meta charset="utf-8"><meta name="robots" content="noindex,nofollow"></head><body><noscript>T
[15:57:12] Yahoo UNH: HTTP Error 429: Too Many Requests
[15:57:13]   Stooq unh.us ответил без данных: <!DOCTYPE html><html><head><meta charset="utf-8"><meta name="robots" content="noindex,nofollow"></head><body><noscript>T
[15:57:14] Yahoo NVO: HTTP Error 429: Too Many Requests
[15:57:15]   Stooq nvo.us ответил без данных: <!DOCTYPE html><html><head><meta charset="utf-8"><meta name="robots" content="noindex,nofollow"></head><body><noscript>T
[15:57:17] Yahoo XOM: HTTP Error 429: Too Many Requests
[15:57:18]   Stooq xom.us ответил без данных: <!DOCTYPE html><html><head><meta charset="utf-8"><meta name="robots" content="noindex,nofollow"></head><body><noscript>T
[15:57:19] Yahoo CVX: HTTP Error 429: Too Many Requests
[15:57:20]   Stooq cvx.us ответил без данных: <!DOCTYPE html><html><head><meta charset="utf-8"><meta name="robots" content="noindex,nofollow"></head><body><noscript>T
[15:57:21] Yahoo V: HTTP Error 429: Too Many Requests
[15:57:22]   Stooq v.us ответил без данных: <!DOCTYPE html><html><head><meta charset="utf-8"><meta name="robots" content="noindex,nofollow"></head><body><noscript>T
[15:57:24] Yahoo JNJ: HTTP Error 429: Too Many Requests
[15:57:25]   Stooq jnj.us ответил без данных: <!DOCTYPE html><html><head><meta charset="utf-8"><meta name="robots" content="noindex,nofollow"></head><body><noscript>T
[15:57:26] Yahoo PG: HTTP Error 429: Too Many Requests
[15:57:27]   Stooq pg.us ответил без данных: <!DOCTYPE html><html><head><meta charset="utf-8"><meta name="robots" content="noindex,nofollow"></head><body><noscript>T
[15:57:29] Yahoo NFLX: HTTP Error 429: Too Many Requests
[15:57:30]   Stooq nflx.us ответил без данных: <!DOCTYPE html><html><head><meta charset="utf-8"><meta name="robots" content="noindex,nofollow"></head><body><noscript>T
[15:57:31] Дневные свечи (equity): получено 0 из 29
[15:57:31] Yahoo SPY: HTTP Error 429: Too Many Requests
[15:57:32]   Stooq spy.us ответил без данных: <!DOCTYPE html><html><head><meta charset="utf-8"><meta name="robots" content="noindex,nofollow"></head><body><noscript>T
[15:57:34] Yahoo QQQ: HTTP Error 429: Too Many Requests
[15:57:35]   Stooq qqq.us ответил без данных: <!DOCTYPE html><html><head><meta charset="utf-8"><meta name="robots" content="noindex,nofollow"></head><body><noscript>T
[15:57:36] Yahoo VTI: HTTP Error 429: Too Many Requests
[15:57:37]   Stooq vti.us ответил без данных: <!DOCTYPE html><html><head><meta charset="utf-8"><meta name="robots" content="noindex,nofollow"></head><body><noscript>T
[15:57:39] Yahoo IWM: HTTP Error 429: Too Many Requests
[15:57:40]   Stooq iwm.us ответил без данных: <!DOCTYPE html><html><head><meta charset="utf-8"><meta name="robots" content="noindex,nofollow"></head><body><noscript>T
[15:57:42] Yahoo IEMG: HTTP Error 429: Too Many Requests
[15:57:43]   Stooq iemg.us ответил без данных: <!DOCTYPE html><html><head><meta charset="utf-8"><meta name="robots" content="noindex,nofollow"></head><body><noscript>T
[15:57:44] Yahoo SLV: HTTP Error 429: Too Many Requests
[15:57:45]   Stooq slv.us ответил без данных: <!DOCTYPE html><html><head><meta charset="utf-8"><meta name="robots" content="noindex,nofollow"></head><body><noscript>T
[15:57:46] Yahoo PPLT: HTTP Error 429: Too Many Requests
[15:57:48]   Stooq pplt.us ответил без данных: <!DOCTYPE html><html><head><meta charset="utf-8"><meta name="robots" content="noindex,nofollow"></head><body><noscript>T
[15:57:49] Yahoo PALL: HTTP Error 429: Too Many Requests
[15:57:50]   Stooq pall.us ответил без данных: <!DOCTYPE html><html><head><meta charset="utf-8"><meta name="robots" content="noindex,nofollow"></head><body><noscript>T
[15:57:52] Yahoo XLE: HTTP Error 429: Too Many Requests
[15:57:53]   Stooq xle.us ответил без данных: <!DOCTYPE html><html><head><meta charset="utf-8"><meta name="robots" content="noindex,nofollow"></head><body><noscript>T
[15:57:54] Yahoo XOP: HTTP Error 429: Too Many Requests
[15:57:55]   Stooq xop.us ответил без данных: <!DOCTYPE html><html><head><meta charset="utf-8"><meta name="robots" content="noindex,nofollow"></head><body><noscript>T
[15:57:57] Yahoo COPX: HTTP Error 429: Too Many Requests
[15:57:58]   Stooq copx.us ответил без данных: <!DOCTYPE html><html><head><meta charset="utf-8"><meta name="robots" content="noindex,nofollow"></head><body><noscript>T
[15:57:59] Yahoo URA: HTTP Error 429: Too Many Requests
[15:58:00]   Stooq ura.us ответил без данных: <!DOCTYPE html><html><head><meta charset="utf-8"><meta name="robots" content="noindex,nofollow"></head><body><noscript>T
[15:58:01] Yahoo TQQQ: HTTP Error 429: Too Many Requests
[15:58:02]   Stooq tqqq.us ответил без данных: <!DOCTYPE html><html><head><meta charset="utf-8"><meta name="robots" content="noindex,nofollow"></head><body><noscript>T
[15:58:04] Yahoo TBLL: HTTP Error 429: Too Many Requests
[15:58:05]   Stooq tbll.us ответил без данных: <!DOCTYPE html><html><head><meta charset="utf-8"><meta name="robots" content="noindex,nofollow"></head><body><noscript>T
[15:58:06] Дневные свечи (etf): получено 0 из 14
[15:58:06] Yahoo GC=F: HTTP Error 429: Too Many Requests
[15:58:07]   Stooq xauusd ответил без данных: <!DOCTYPE html><html><head><meta charset="utf-8"><meta name="robots" content="noindex,nofollow"></head><body><noscript>T
[15:58:09]   Stooq gc.f ответил без данных: <!DOCTYPE html><html><head><meta charset="utf-8"><meta name="robots" content="noindex,nofollow"></head><body><noscript>T
[15:58:10] Yahoo SI=F: HTTP Error 429: Too Many Requests
[15:58:11]   Stooq xagusd ответил без данных: <!DOCTYPE html><html><head><meta charset="utf-8"><meta name="robots" content="noindex,nofollow"></head><body><noscript>T
[15:58:13]   Stooq si.f ответил без данных: <!DOCTYPE html><html><head><meta charset="utf-8"><meta name="robots" content="noindex,nofollow"></head><body><noscript>T
[15:58:14] Yahoo PL=F: HTTP Error 429: Too Many Requests
[15:58:15]   Stooq xptusd ответил без данных: <!DOCTYPE html><html><head><meta charset="utf-8"><meta name="robots" content="noindex,nofollow"></head><body><noscript>T
[15:58:17]   Stooq pl.f ответил без данных: <!DOCTYPE html><html><head><meta charset="utf-8"><meta name="robots" content="noindex,nofollow"></head><body><noscript>T
[15:58:18] Yahoo CL=F: HTTP Error 429: Too Many Requests
[15:58:19]   Stooq cl.f ответил без данных: <!DOCTYPE html><html><head><meta charset="utf-8"><meta name="robots" content="noindex,nofollow"></head><body><noscript>T
[15:58:21] Yahoo BZ=F: HTTP Error 429: Too Many Requests
[15:58:22]   Stooq cb.f ответил без данных: <!DOCTYPE html><html><head><meta charset="utf-8"><meta name="robots" content="noindex,nofollow"></head><body><noscript>T
[15:58:23] Дневные свечи (commodity): получено 0 из 5
[15:58:23] Yahoo ^GSPC: HTTP Error 429: Too Many Requests
[15:58:24]   Stooq ^spx ответил без данных: <!DOCTYPE html><html><head><meta charset="utf-8"><meta name="robots" content="noindex,nofollow"></head><body><noscript>T
[15:58:26] Yahoo ^NDX: HTTP Error 429: Too Many Requests
[15:58:27]   Stooq ^ndx ответил без данных: <!DOCTYPE html><html><head><meta charset="utf-8"><meta name="robots" content="noindex,nofollow"></head><body><noscript>T
[15:58:28] Yahoo DX-Y.NYB: HTTP Error 429: Too Many Requests
[15:58:29]   Stooq ^dxy ответил без данных: <!DOCTYPE html><html><head><meta charset="utf-8"><meta name="robots" content="noindex,nofollow"></head><body><noscript>T
[15:58:31] Yahoo RUB=X: HTTP Error 429: Too Many Requests
[15:58:32]   Stooq usdrub ответил без данных: <!DOCTYPE html><html><head><meta charset="utf-8"><meta name="robots" content="noindex,nofollow"></head><body><noscript>T
[15:58:33] Дневные свечи (index): получено 0 из 4
[15:58:34] ЦБ РФ: USD/RUB = 84.9048
[15:58:34] История: добавлено 0 строк, обновлено 76, всего ключей 25665
[15:58:34] Снапшот: 76 инструментов
[15:58:34] Догружаю историю, осталось времени 19 мин
[15:58:34]   история PALLx: 109 точек
[15:58:41]   история PPLTx: 183 точек
[15:58:48]   история AMDx: 264 точек
[15:58:55]   история COPXx: 0 точек
[15:59:02]   история IEMGx: 221 точек
[15:59:10]   история XLEx: 122 точек
[15:59:17]   история URAx: 12 точек
[15:59:24]   лимит запросов, жду 20s
[15:59:44]   лимит запросов, жду 40s
[16:00:24]   история SLVx не забралась: HTTP Error 429: Too Many Requests
[16:00:31]   история JNJx: 290 точек
[16:00:38]   история IWMx: 92 точек
[16:00:45]   история XOPx: 0 точек
[16:00:53]   история TBLLx: 187 точек
[16:01:00]   пропущено (история уже есть): 58
[16:01:00] История: добавлено 0 строк, обновлено 1480, всего ключей 25665
[16:01:00] Снапшот: 76 инструментов
