[00:33:39] Старт сбора (с историей за год), 2026-10-09 00:33 UTC, бюджет 22 мин
[00:33:39] Уборка истории: выкинуто 0 строк, осталось 25513
[00:33:39] Разрешаю 1 id через /coins/list
[00:33:39]   ADI -> adi-token
[00:33:54] CoinGecko: получено 42 из 42
[00:33:54] xStocks: нашлось токенов 36 из 38
[00:34:08] CoinGecko: получено 34 из 36
[00:34:08] Yahoo NVDA: HTTP Error 429: Too Many Requests
[00:34:09]   Stooq nvda.us ответил без данных: <!DOCTYPE html><html><head><meta charset="utf-8"><meta name="robots" content="noindex,nofollow"></head><body><noscript>T
[00:34:11] Yahoo AAPL: HTTP Error 429: Too Many Requests
[00:34:12]   Stooq aapl.us ответил без данных: <!DOCTYPE html><html><head><meta charset="utf-8"><meta name="robots" content="noindex,nofollow"></head><body><noscript>T
[00:34:13] Yahoo MSFT: HTTP Error 429: Too Many Requests
[00:34:14]   Stooq msft.us ответил без данных: <!DOCTYPE html><html><head><meta charset="utf-8"><meta name="robots" content="noindex,nofollow"></head><body><noscript>T
[00:34:15] Yahoo GOOGL: HTTP Error 429: Too Many Requests
[00:34:16]   Stooq googl.us ответил без данных: <!DOCTYPE html><html><head><meta charset="utf-8"><meta name="robots" content="noindex,nofollow"></head><body><noscript>T
[00:34:18] Yahoo AMZN: HTTP Error 429: Too Many Requests
[00:34:19]   Stooq amzn.us ответил без данных: <!DOCTYPE html><html><head><meta charset="utf-8"><meta name="robots" content="noindex,nofollow"></head><body><noscript>T
[00:34:20] Yahoo TSLA: HTTP Error 429: Too Many Requests
[00:34:21]   Stooq tsla.us ответил без данных: <!DOCTYPE html><html><head><meta charset="utf-8"><meta name="robots" content="noindex,nofollow"></head><body><noscript>T
[00:34:22] Yahoo AVGO: HTTP Error 429: Too Many Requests
[00:34:23]   Stooq avgo.us ответил без данных: <!DOCTYPE html><html><head><meta charset="utf-8"><meta name="robots" content="noindex,nofollow"></head><body><noscript>T
[00:34:25] Yahoo TSM: HTTP Error 429: Too Many Requests
[00:34:26]   Stooq tsm.us ответил без данных: <!DOCTYPE html><html><head><meta charset="utf-8"><meta name="robots" content="noindex,nofollow"></head><body><noscript>T
[00:34:27] Yahoo MU: HTTP Error 429: Too Many Requests
[00:34:28]   Stooq mu.us ответил без данных: <!DOCTYPE html><html><head><meta charset="utf-8"><meta name="robots" content="noindex,nofollow"></head><body><noscript>T
[00:34:29] Yahoo AMD: HTTP Error 429: Too Many Requests
[00:34:30]   Stooq amd.us ответил без данных: <!DOCTYPE html><html><head><meta charset="utf-8"><meta name="robots" content="noindex,nofollow"></head><body><noscript>T
[00:34:31] Yahoo MRVL: HTTP Error 429: Too Many Requests
[00:34:32]   Stooq mrvl.us ответил без данных: <!DOCTYPE html><html><head><meta charset="utf-8"><meta name="robots" content="noindex,nofollow"></head><body><noscript>T
[00:34:34] Yahoo INTC: HTTP Error 429: Too Many Requests
[00:34:35]   Stooq intc.us ответил без данных: <!DOCTYPE html><html><head><meta charset="utf-8"><meta name="robots" content="noindex,nofollow"></head><body><noscript>T
[00:34:36] Yahoo ORCL: HTTP Error 429: Too Many Requests
[00:34:37]   Stooq orcl.us ответил без данных: <!DOCTYPE html><html><head><meta charset="utf-8"><meta name="robots" content="noindex,nofollow"></head><body><noscript>T
[00:34:38] Yahoo PLTR: HTTP Error 429: Too Many Requests
[00:34:39]   Stooq pltr.us ответил без данных: <!DOCTYPE html><html><head><meta charset="utf-8"><meta name="robots" content="noindex,nofollow"></head><body><noscript>T
[00:34:40] Yahoo COIN: HTTP Error 429: Too Many Requests
[00:34:41]   Stooq coin.us ответил без данных: <!DOCTYPE html><html><head><meta charset="utf-8"><meta name="robots" content="noindex,nofollow"></head><body><noscript>T
[00:34:43] Yahoo HOOD: HTTP Error 429: Too Many Requests
[00:34:44]   Stooq hood.us ответил без данных: <!DOCTYPE html><html><head><meta charset="utf-8"><meta name="robots" content="noindex,nofollow"></head><body><noscript>T
[00:34:45] Yahoo MSTR: HTTP Error 429: Too Many Requests
[00:34:46]   Stooq mstr.us ответил без данных: <!DOCTYPE html><html><head><meta charset="utf-8"><meta name="robots" content="noindex,nofollow"></head><body><noscript>T
[00:34:47] Yahoo CRCL: HTTP Error 429: Too Many Requests
[00:34:48]   Stooq crcl.us ответил без данных: <!DOCTYPE html><html><head><meta charset="utf-8"><meta name="robots" content="noindex,nofollow"></head><body><noscript>T
[00:34:50] Yahoo NBIS: HTTP Error 429: Too Many Requests
[00:34:51]   Stooq nbis.us ответил без данных: <!DOCTYPE html><html><head><meta charset="utf-8"><meta name="robots" content="noindex,nofollow"></head><body><noscript>T
[00:34:52] Yahoo CRWV: HTTP Error 429: Too Many Requests
[00:34:53]   Stooq crwv.us ответил без данных: <!DOCTYPE html><html><head><meta charset="utf-8"><meta name="robots" content="noindex,nofollow"></head><body><noscript>T
[00:34:54] Yahoo LLY: HTTP Error 429: Too Many Requests
[00:34:55]   Stooq lly.us ответил без данных: <!DOCTYPE html><html><head><meta charset="utf-8"><meta name="robots" content="noindex,nofollow"></head><body><noscript>T
[00:34:56] Yahoo UNH: HTTP Error 429: Too Many Requests
[00:34:57]   Stooq unh.us ответил без данных: <!DOCTYPE html><html><head><meta charset="utf-8"><meta name="robots" content="noindex,nofollow"></head><body><noscript>T
[00:34:58] Yahoo NVO: HTTP Error 429: Too Many Requests
[00:34:59]   Stooq nvo.us ответил без данных: <!DOCTYPE html><html><head><meta charset="utf-8"><meta name="robots" content="noindex,nofollow"></head><body><noscript>T
[00:35:01] Yahoo XOM: HTTP Error 429: Too Many Requests
[00:35:02]   Stooq xom.us ответил без данных: <!DOCTYPE html><html><head><meta charset="utf-8"><meta name="robots" content="noindex,nofollow"></head><body><noscript>T
[00:35:03] Yahoo CVX: HTTP Error 429: Too Many Requests
[00:35:04]   Stooq cvx.us ответил без данных: <!DOCTYPE html><html><head><meta charset="utf-8"><meta name="robots" content="noindex,nofollow"></head><body><noscript>T
[00:35:05] Yahoo V: HTTP Error 429: Too Many Requests
[00:35:06]   Stooq v.us ответил без данных: <!DOCTYPE html><html><head><meta charset="utf-8"><meta name="robots" content="noindex,nofollow"></head><body><noscript>T
[00:35:07] Yahoo JNJ: HTTP Error 429: Too Many Requests
[00:35:08]   Stooq jnj.us ответил без данных: <!DOCTYPE html><html><head><meta charset="utf-8"><meta name="robots" content="noindex,nofollow"></head><body><noscript>T
[00:35:09] Yahoo PG: HTTP Error 429: Too Many Requests
[00:35:10]   Stooq pg.us ответил без данных: <!DOCTYPE html><html><head><meta charset="utf-8"><meta name="robots" content="noindex,nofollow"></head><body><noscript>T
[00:35:12] Yahoo NFLX: HTTP Error 429: Too Many Requests
[00:35:13]   Stooq nflx.us ответил без данных: <!DOCTYPE html><html><head><meta charset="utf-8"><meta name="robots" content="noindex,nofollow"></head><body><noscript>T
[00:35:14] Дневные свечи (equity): получено 0 из 29
[00:35:14] Yahoo SPY: HTTP Error 429: Too Many Requests
[00:35:15]   Stooq spy.us ответил без данных: <!DOCTYPE html><html><head><meta charset="utf-8"><meta name="robots" content="noindex,nofollow"></head><body><noscript>T
[00:35:16] Yahoo QQQ: HTTP Error 429: Too Many Requests
[00:35:17]   Stooq qqq.us ответил без данных: <!DOCTYPE html><html><head><meta charset="utf-8"><meta name="robots" content="noindex,nofollow"></head><body><noscript>T
[00:35:18] Yahoo VTI: HTTP Error 429: Too Many Requests
[00:35:19]   Stooq vti.us ответил без данных: <!DOCTYPE html><html><head><meta charset="utf-8"><meta name="robots" content="noindex,nofollow"></head><body><noscript>T
[00:35:20] Yahoo IWM: HTTP Error 429: Too Many Requests
[00:35:21]   Stooq iwm.us ответил без данных: <!DOCTYPE html><html><head><meta charset="utf-8"><meta name="robots" content="noindex,nofollow"></head><body><noscript>T
[00:35:23] Yahoo IEMG: HTTP Error 429: Too Many Requests
[00:35:24]   Stooq iemg.us ответил без данных: <!DOCTYPE html><html><head><meta charset="utf-8"><meta name="robots" content="noindex,nofollow"></head><body><noscript>T
[00:35:25] Yahoo SLV: HTTP Error 429: Too Many Requests
[00:35:26]   Stooq slv.us ответил без данных: <!DOCTYPE html><html><head><meta charset="utf-8"><meta name="robots" content="noindex,nofollow"></head><body><noscript>T
[00:35:27] Yahoo PPLT: HTTP Error 429: Too Many Requests
[00:35:28]   Stooq pplt.us ответил без данных: <!DOCTYPE html><html><head><meta charset="utf-8"><meta name="robots" content="noindex,nofollow"></head><body><noscript>T
[00:35:29] Yahoo PALL: HTTP Error 429: Too Many Requests
[00:35:30]   Stooq pall.us ответил без данных: <!DOCTYPE html><html><head><meta charset="utf-8"><meta name="robots" content="noindex,nofollow"></head><body><noscript>T
[00:35:31] Yahoo XLE: HTTP Error 429: Too Many Requests
[00:35:32]   Stooq xle.us ответил без данных: <!DOCTYPE html><html><head><meta charset="utf-8"><meta name="robots" content="noindex,nofollow"></head><body><noscript>T
[00:35:34] Yahoo XOP: HTTP Error 429: Too Many Requests
[00:35:35]   Stooq xop.us ответил без данных: <!DOCTYPE html><html><head><meta charset="utf-8"><meta name="robots" content="noindex,nofollow"></head><body><noscript>T
[00:35:36] Yahoo COPX: HTTP Error 429: Too Many Requests
[00:35:37]   Stooq copx.us ответил без данных: <!DOCTYPE html><html><head><meta charset="utf-8"><meta name="robots" content="noindex,nofollow"></head><body><noscript>T
[00:35:38] Yahoo URA: HTTP Error 429: Too Many Requests
[00:35:39]   Stooq ura.us ответил без данных: <!DOCTYPE html><html><head><meta charset="utf-8"><meta name="robots" content="noindex,nofollow"></head><body><noscript>T
[00:35:40] Yahoo TQQQ: HTTP Error 429: Too Many Requests
[00:35:41]   Stooq tqqq.us ответил без данных: <!DOCTYPE html><html><head><meta charset="utf-8"><meta name="robots" content="noindex,nofollow"></head><body><noscript>T
[00:35:42] Yahoo TBLL: HTTP Error 429: Too Many Requests
[00:35:43]   Stooq tbll.us ответил без данных: <!DOCTYPE html><html><head><meta charset="utf-8"><meta name="robots" content="noindex,nofollow"></head><body><noscript>T
[00:35:45] Дневные свечи (etf): получено 0 из 14
[00:35:45] Yahoo GC=F: HTTP Error 429: Too Many Requests
[00:35:46]   Stooq xauusd ответил без данных: <!DOCTYPE html><html><head><meta charset="utf-8"><meta name="robots" content="noindex,nofollow"></head><body><noscript>T
[00:35:47]   Stooq gc.f ответил без данных: <!DOCTYPE html><html><head><meta charset="utf-8"><meta name="robots" content="noindex,nofollow"></head><body><noscript>T
[00:35:48] Yahoo SI=F: HTTP Error 429: Too Many Requests
[00:35:49]   Stooq xagusd ответил без данных: <!DOCTYPE html><html><head><meta charset="utf-8"><meta name="robots" content="noindex,nofollow"></head><body><noscript>T
[00:35:51]   Stooq si.f ответил без данных: <!DOCTYPE html><html><head><meta charset="utf-8"><meta name="robots" content="noindex,nofollow"></head><body><noscript>T
[00:35:52] Yahoo PL=F: HTTP Error 429: Too Many Requests
[00:35:53]   Stooq xptusd ответил без данных: <!DOCTYPE html><html><head><meta charset="utf-8"><meta name="robots" content="noindex,nofollow"></head><body><noscript>T
[00:35:55]   Stooq pl.f ответил без данных: <!DOCTYPE html><html><head><meta charset="utf-8"><meta name="robots" content="noindex,nofollow"></head><body><noscript>T
[00:35:56] Yahoo CL=F: HTTP Error 429: Too Many Requests
[00:35:57]   Stooq cl.f ответил без данных: <!DOCTYPE html><html><head><meta charset="utf-8"><meta name="robots" content="noindex,nofollow"></head><body><noscript>T
[00:35:58] Yahoo BZ=F: HTTP Error 429: Too Many Requests
[00:35:59]   Stooq cb.f ответил без данных: <!DOCTYPE html><html><head><meta charset="utf-8"><meta name="robots" content="noindex,nofollow"></head><body><noscript>T
[00:36:00] Дневные свечи (commodity): получено 0 из 5
[00:36:00] Yahoo ^GSPC: HTTP Error 429: Too Many Requests
[00:36:01]   Stooq ^spx ответил без данных: <!DOCTYPE html><html><head><meta charset="utf-8"><meta name="robots" content="noindex,nofollow"></head><body><noscript>T
[00:36:02] Yahoo ^NDX: HTTP Error 429: Too Many Requests
[00:37:03]   повтор через 1s после ошибки: <urlopen error timed out>
[00:38:04]   повтор через 2s после ошибки: <urlopen error timed out>
[00:39:07] Stooq ^ndx: <urlopen error timed out>
[00:39:08] Yahoo DX-Y.NYB: HTTP Error 429: Too Many Requests
[00:40:09]   повтор через 1s после ошибки: <urlopen error timed out>
[00:41:10]   повтор через 2s после ошибки: <urlopen error timed out>
[00:42:12] Stooq ^dxy: <urlopen error timed out>
[00:42:13] Yahoo RUB=X: HTTP Error 429: Too Many Requests
[00:43:14]   повтор через 1s после ошибки: <urlopen error timed out>
[00:44:15]   повтор через 2s после ошибки: <urlopen error timed out>
[00:45:18] Stooq usdrub: <urlopen error timed out>
[00:45:19] Дневные свечи (index): получено 0 из 4
[00:45:19] ЦБ РФ: USD/RUB = 85.4173
[00:45:20] История: добавлено 76 строк, обновлено 0, всего ключей 25589
[00:45:20] Снапшот: 76 инструментов
[00:45:20] Догружаю историю, осталось времени 10 мин
[00:45:20]   история PALLx: 109 точек
[00:45:27]   история PPLTx: 183 точек
[00:45:34]   история AMDx: 263 точек
[00:45:41]   история COPXx: 0 точек
[00:45:48]   история IEMGx: 221 точек
[00:45:55]   лимит запросов, жду 20s
[00:46:16]   лимит запросов, жду 40s
[00:46:56]   история XLEx: 122 точек
[00:47:03]   история URAx: 11 точек
[00:47:10]   история SLVx: 58 точек
[00:47:17]   история JNJx: 290 точек
[00:47:24]   история IWMx: 92 точек
[00:47:31]   история XOPx: 0 точек
[00:47:38]   лимит запросов, жду 20s
[00:47:58]   лимит запросов, жду 40s
[00:48:39]   история TBLLx: 188 точек
[00:48:46]   пропущено (история уже есть): 58
[00:48:46] История: добавлено 0 строк, обновлено 1537, всего ключей 25589
[00:48:46] Снапшот: 76 инструментов
