[00:28:39] Старт сбора (с историей за год), 2026-09-29 00:28 UTC, бюджет 22 мин
[00:28:39] Уборка истории: выкинуто 0 строк, осталось 24753
[00:28:39] Разрешаю 1 id через /coins/list
[00:28:40]   ADI -> adi-token
[00:28:56] CoinGecko: получено 42 из 42
[00:28:57] xStocks: нашлось токенов 36 из 38
[00:29:13] CoinGecko: получено 34 из 36
[00:29:13] Yahoo NVDA: HTTP Error 429: Too Many Requests
[00:29:14]   Stooq nvda.us ответил без данных: <!DOCTYPE html><html><head><meta charset="utf-8"><meta name="robots" content="noindex,nofollow"></head><body><noscript>T
[00:29:15] Yahoo AAPL: HTTP Error 429: Too Many Requests
[00:29:17]   Stooq aapl.us ответил без данных: <!DOCTYPE html><html><head><meta charset="utf-8"><meta name="robots" content="noindex,nofollow"></head><body><noscript>T
[00:29:18] Yahoo MSFT: HTTP Error 429: Too Many Requests
[00:29:19]   Stooq msft.us ответил без данных: <!DOCTYPE html><html><head><meta charset="utf-8"><meta name="robots" content="noindex,nofollow"></head><body><noscript>T
[00:29:20] Yahoo GOOGL: HTTP Error 429: Too Many Requests
[00:29:22]   Stooq googl.us ответил без данных: <!DOCTYPE html><html><head><meta charset="utf-8"><meta name="robots" content="noindex,nofollow"></head><body><noscript>T
[00:29:23] Yahoo AMZN: HTTP Error 429: Too Many Requests
[00:29:24]   Stooq amzn.us ответил без данных: <!DOCTYPE html><html><head><meta charset="utf-8"><meta name="robots" content="noindex,nofollow"></head><body><noscript>T
[00:29:25] Yahoo TSLA: HTTP Error 429: Too Many Requests
[00:29:27]   Stooq tsla.us ответил без данных: <!DOCTYPE html><html><head><meta charset="utf-8"><meta name="robots" content="noindex,nofollow"></head><body><noscript>T
[00:29:28] Yahoo AVGO: HTTP Error 429: Too Many Requests
[00:29:29]   Stooq avgo.us ответил без данных: <!DOCTYPE html><html><head><meta charset="utf-8"><meta name="robots" content="noindex,nofollow"></head><body><noscript>T
[00:29:30] Yahoo TSM: HTTP Error 429: Too Many Requests
[00:29:31]   Stooq tsm.us ответил без данных: <!DOCTYPE html><html><head><meta charset="utf-8"><meta name="robots" content="noindex,nofollow"></head><body><noscript>T
[00:29:33] Yahoo MU: HTTP Error 429: Too Many Requests
[00:29:34]   Stooq mu.us ответил без данных: <!DOCTYPE html><html><head><meta charset="utf-8"><meta name="robots" content="noindex,nofollow"></head><body><noscript>T
[00:29:35] Yahoo AMD: HTTP Error 429: Too Many Requests
[00:29:36]   Stooq amd.us ответил без данных: <!DOCTYPE html><html><head><meta charset="utf-8"><meta name="robots" content="noindex,nofollow"></head><body><noscript>T
[00:29:38] Yahoo MRVL: HTTP Error 429: Too Many Requests
[00:29:39]   Stooq mrvl.us ответил без данных: <!DOCTYPE html><html><head><meta charset="utf-8"><meta name="robots" content="noindex,nofollow"></head><body><noscript>T
[00:29:40] Yahoo INTC: HTTP Error 429: Too Many Requests
[00:29:41]   Stooq intc.us ответил без данных: <!DOCTYPE html><html><head><meta charset="utf-8"><meta name="robots" content="noindex,nofollow"></head><body><noscript>T
[00:29:42] Yahoo ORCL: HTTP Error 429: Too Many Requests
[00:29:44]   Stooq orcl.us ответил без данных: <!DOCTYPE html><html><head><meta charset="utf-8"><meta name="robots" content="noindex,nofollow"></head><body><noscript>T
[00:29:45] Yahoo PLTR: HTTP Error 429: Too Many Requests
[00:29:46]   Stooq pltr.us ответил без данных: <!DOCTYPE html><html><head><meta charset="utf-8"><meta name="robots" content="noindex,nofollow"></head><body><noscript>T
[00:29:47] Yahoo COIN: HTTP Error 429: Too Many Requests
[00:29:48]   Stooq coin.us ответил без данных: <!DOCTYPE html><html><head><meta charset="utf-8"><meta name="robots" content="noindex,nofollow"></head><body><noscript>T
[00:29:50] Yahoo HOOD: HTTP Error 429: Too Many Requests
[00:29:51]   Stooq hood.us ответил без данных: <!DOCTYPE html><html><head><meta charset="utf-8"><meta name="robots" content="noindex,nofollow"></head><body><noscript>T
[00:29:52] Yahoo MSTR: HTTP Error 429: Too Many Requests
[00:29:53]   Stooq mstr.us ответил без данных: <!DOCTYPE html><html><head><meta charset="utf-8"><meta name="robots" content="noindex,nofollow"></head><body><noscript>T
[00:29:54] Yahoo CRCL: HTTP Error 429: Too Many Requests
[00:29:56]   Stooq crcl.us ответил без данных: <!DOCTYPE html><html><head><meta charset="utf-8"><meta name="robots" content="noindex,nofollow"></head><body><noscript>T
[00:29:57] Yahoo NBIS: HTTP Error 429: Too Many Requests
[00:29:58]   Stooq nbis.us ответил без данных: <!DOCTYPE html><html><head><meta charset="utf-8"><meta name="robots" content="noindex,nofollow"></head><body><noscript>T
[00:29:59] Yahoo CRWV: HTTP Error 429: Too Many Requests
[00:30:00]   Stooq crwv.us ответил без данных: <!DOCTYPE html><html><head><meta charset="utf-8"><meta name="robots" content="noindex,nofollow"></head><body><noscript>T
[00:30:02] Yahoo LLY: HTTP Error 429: Too Many Requests
[00:30:03]   Stooq lly.us ответил без данных: <!DOCTYPE html><html><head><meta charset="utf-8"><meta name="robots" content="noindex,nofollow"></head><body><noscript>T
[00:30:04] Yahoo UNH: HTTP Error 429: Too Many Requests
[00:30:05]   Stooq unh.us ответил без данных: <!DOCTYPE html><html><head><meta charset="utf-8"><meta name="robots" content="noindex,nofollow"></head><body><noscript>T
[00:30:06] Yahoo NVO: HTTP Error 429: Too Many Requests
[00:30:07]   Stooq nvo.us ответил без данных: <!DOCTYPE html><html><head><meta charset="utf-8"><meta name="robots" content="noindex,nofollow"></head><body><noscript>T
[00:30:09] Yahoo XOM: HTTP Error 429: Too Many Requests
[00:30:10]   Stooq xom.us ответил без данных: <!DOCTYPE html><html><head><meta charset="utf-8"><meta name="robots" content="noindex,nofollow"></head><body><noscript>T
[00:30:11] Yahoo CVX: HTTP Error 429: Too Many Requests
[00:30:12]   Stooq cvx.us ответил без данных: <!DOCTYPE html><html><head><meta charset="utf-8"><meta name="robots" content="noindex,nofollow"></head><body><noscript>T
[00:30:14] Yahoo V: HTTP Error 429: Too Many Requests
[00:30:15]   Stooq v.us ответил без данных: <!DOCTYPE html><html><head><meta charset="utf-8"><meta name="robots" content="noindex,nofollow"></head><body><noscript>T
[00:30:16] Yahoo JNJ: HTTP Error 429: Too Many Requests
[00:30:17]   Stooq jnj.us ответил без данных: <!DOCTYPE html><html><head><meta charset="utf-8"><meta name="robots" content="noindex,nofollow"></head><body><noscript>T
[00:30:18] Yahoo PG: HTTP Error 429: Too Many Requests
[00:30:19]   Stooq pg.us ответил без данных: <!DOCTYPE html><html><head><meta charset="utf-8"><meta name="robots" content="noindex,nofollow"></head><body><noscript>T
[00:30:21] Yahoo NFLX: HTTP Error 429: Too Many Requests
[00:30:22]   Stooq nflx.us ответил без данных: <!DOCTYPE html><html><head><meta charset="utf-8"><meta name="robots" content="noindex,nofollow"></head><body><noscript>T
[00:30:23] Дневные свечи (equity): получено 0 из 29
[00:30:23] Yahoo SPY: HTTP Error 429: Too Many Requests
[00:30:24]   Stooq spy.us ответил без данных: <!DOCTYPE html><html><head><meta charset="utf-8"><meta name="robots" content="noindex,nofollow"></head><body><noscript>T
[00:30:26] Yahoo QQQ: HTTP Error 429: Too Many Requests
[00:30:27]   Stooq qqq.us ответил без данных: <!DOCTYPE html><html><head><meta charset="utf-8"><meta name="robots" content="noindex,nofollow"></head><body><noscript>T
[00:30:28] Yahoo VTI: HTTP Error 429: Too Many Requests
[00:30:29]   Stooq vti.us ответил без данных: <!DOCTYPE html><html><head><meta charset="utf-8"><meta name="robots" content="noindex,nofollow"></head><body><noscript>T
[00:30:30] Yahoo IWM: HTTP Error 429: Too Many Requests
[00:30:31]   Stooq iwm.us ответил без данных: <!DOCTYPE html><html><head><meta charset="utf-8"><meta name="robots" content="noindex,nofollow"></head><body><noscript>T
[00:30:33] Yahoo IEMG: HTTP Error 429: Too Many Requests
[00:30:34]   Stooq iemg.us ответил без данных: <!DOCTYPE html><html><head><meta charset="utf-8"><meta name="robots" content="noindex,nofollow"></head><body><noscript>T
[00:30:35] Yahoo SLV: HTTP Error 429: Too Many Requests
[00:30:36]   Stooq slv.us ответил без данных: <!DOCTYPE html><html><head><meta charset="utf-8"><meta name="robots" content="noindex,nofollow"></head><body><noscript>T
[00:30:38] Yahoo PPLT: HTTP Error 429: Too Many Requests
[00:30:39]   Stooq pplt.us ответил без данных: <!DOCTYPE html><html><head><meta charset="utf-8"><meta name="robots" content="noindex,nofollow"></head><body><noscript>T
[00:30:40] Yahoo PALL: HTTP Error 429: Too Many Requests
[00:30:41]   Stooq pall.us ответил без данных: <!DOCTYPE html><html><head><meta charset="utf-8"><meta name="robots" content="noindex,nofollow"></head><body><noscript>T
[00:30:42] Yahoo XLE: HTTP Error 429: Too Many Requests
[00:30:43]   Stooq xle.us ответил без данных: <!DOCTYPE html><html><head><meta charset="utf-8"><meta name="robots" content="noindex,nofollow"></head><body><noscript>T
[00:30:45] Yahoo XOP: HTTP Error 429: Too Many Requests
[00:30:46]   Stooq xop.us ответил без данных: <!DOCTYPE html><html><head><meta charset="utf-8"><meta name="robots" content="noindex,nofollow"></head><body><noscript>T
[00:30:47] Yahoo COPX: HTTP Error 429: Too Many Requests
[00:30:48]   Stooq copx.us ответил без данных: <!DOCTYPE html><html><head><meta charset="utf-8"><meta name="robots" content="noindex,nofollow"></head><body><noscript>T
[00:30:50] Yahoo URA: HTTP Error 429: Too Many Requests
[00:30:51]   Stooq ura.us ответил без данных: <!DOCTYPE html><html><head><meta charset="utf-8"><meta name="robots" content="noindex,nofollow"></head><body><noscript>T
[00:30:52] Yahoo TQQQ: HTTP Error 429: Too Many Requests
[00:30:53]   Stooq tqqq.us ответил без данных: <!DOCTYPE html><html><head><meta charset="utf-8"><meta name="robots" content="noindex,nofollow"></head><body><noscript>T
[00:30:54] Yahoo TBLL: HTTP Error 429: Too Many Requests
[00:30:55]   Stooq tbll.us ответил без данных: <!DOCTYPE html><html><head><meta charset="utf-8"><meta name="robots" content="noindex,nofollow"></head><body><noscript>T
[00:30:57] Дневные свечи (etf): получено 0 из 14
[00:30:57] Yahoo GC=F: HTTP Error 429: Too Many Requests
[00:30:58]   Stooq xauusd ответил без данных: <!DOCTYPE html><html><head><meta charset="utf-8"><meta name="robots" content="noindex,nofollow"></head><body><noscript>T
[00:30:59]   Stooq gc.f ответил без данных: <!DOCTYPE html><html><head><meta charset="utf-8"><meta name="robots" content="noindex,nofollow"></head><body><noscript>T
[00:31:01] Yahoo SI=F: HTTP Error 429: Too Many Requests
[00:31:02]   Stooq xagusd ответил без данных: <!DOCTYPE html><html><head><meta charset="utf-8"><meta name="robots" content="noindex,nofollow"></head><body><noscript>T
[00:31:03]   Stooq si.f ответил без данных: <!DOCTYPE html><html><head><meta charset="utf-8"><meta name="robots" content="noindex,nofollow"></head><body><noscript>T
[00:31:05] Yahoo PL=F: HTTP Error 429: Too Many Requests
[00:31:06]   Stooq xptusd ответил без данных: <!DOCTYPE html><html><head><meta charset="utf-8"><meta name="robots" content="noindex,nofollow"></head><body><noscript>T
[00:31:07]   Stooq pl.f ответил без данных: <!DOCTYPE html><html><head><meta charset="utf-8"><meta name="robots" content="noindex,nofollow"></head><body><noscript>T
[00:31:09] Yahoo CL=F: HTTP Error 429: Too Many Requests
[00:31:10]   Stooq cl.f ответил без данных: <!DOCTYPE html><html><head><meta charset="utf-8"><meta name="robots" content="noindex,nofollow"></head><body><noscript>T
[00:31:11] Yahoo BZ=F: HTTP Error 429: Too Many Requests
[00:31:12]   Stooq cb.f ответил без данных: <!DOCTYPE html><html><head><meta charset="utf-8"><meta name="robots" content="noindex,nofollow"></head><body><noscript>T
[00:31:13] Дневные свечи (commodity): получено 0 из 5
[00:31:13] Yahoo ^GSPC: HTTP Error 429: Too Many Requests
[00:31:14]   Stooq ^spx ответил без данных: <!DOCTYPE html><html><head><meta charset="utf-8"><meta name="robots" content="noindex,nofollow"></head><body><noscript>T
[00:31:16] Yahoo ^NDX: HTTP Error 429: Too Many Requests
[00:31:17]   Stooq ^ndx ответил без данных: <!DOCTYPE html><html><head><meta charset="utf-8"><meta name="robots" content="noindex,nofollow"></head><body><noscript>T
[00:31:18] Yahoo DX-Y.NYB: HTTP Error 429: Too Many Requests
[00:31:19]   Stooq ^dxy ответил без данных: <!DOCTYPE html><html><head><meta charset="utf-8"><meta name="robots" content="noindex,nofollow"></head><body><noscript>T
[00:31:21] Yahoo RUB=X: HTTP Error 429: Too Many Requests
[00:31:22]   Stooq usdrub ответил без данных: <!DOCTYPE html><html><head><meta charset="utf-8"><meta name="robots" content="noindex,nofollow"></head><body><noscript>T
[00:31:23] Дневные свечи (index): получено 0 из 4
[00:31:24] ЦБ РФ: USD/RUB = 84.4075
[00:31:24] История: добавлено 76 строк, обновлено 0, всего ключей 24829
[00:31:24] Снапшот: 76 инструментов
[00:31:24] Догружаю историю, осталось времени 19 мин
[00:31:24]   история PALLx: 100 точек
[00:31:32]   история PPLTx: 174 точек
[00:31:40]   история AMDx: 253 точек
[00:31:47]   история COPXx: 0 точек
[00:31:55]   история IEMGx: 212 точек
[00:32:03]   история XLEx: 114 точек
[00:32:10]   история URAx: 7 точек
[00:32:18]   история SLVx: 48 точек
[00:32:26]   история JNJx: 281 точек
[00:32:33]   история NVOx: 291 точек
[00:32:41]   лимит запросов, жду 20s
[00:33:02]   история IWMx: 88 точек
[00:33:09]   история XOPx: 0 точек
[00:33:17]   история TBLLx: 180 точек
[00:33:24]   пропущено (история уже есть): 57
[00:33:24] История: добавлено 0 строк, обновлено 1748, всего ключей 24829
[00:33:24] Снапшот: 76 инструментов
