[00:19:48] Старт сбора (с историей за год), 2026-10-08 00:19 UTC, бюджет 22 мин
[00:19:48] Уборка истории: выкинуто 0 строк, осталось 25437
[00:19:48] Разрешаю 1 id через /coins/list
[00:19:48]   ADI -> adi-token
[00:20:03] CoinGecko: получено 42 из 42
[00:20:03] xStocks: нашлось токенов 36 из 38
[00:20:19] CoinGecko: получено 34 из 36
[00:20:19] Yahoo NVDA: HTTP Error 429: Too Many Requests
[00:20:20]   Stooq nvda.us ответил без данных: <!DOCTYPE html><html><head><meta charset="utf-8"><meta name="robots" content="noindex,nofollow"></head><body><noscript>T
[00:20:22] Yahoo AAPL: HTTP Error 429: Too Many Requests
[00:20:23]   Stooq aapl.us ответил без данных: <!DOCTYPE html><html><head><meta charset="utf-8"><meta name="robots" content="noindex,nofollow"></head><body><noscript>T
[00:20:24] Yahoo MSFT: HTTP Error 429: Too Many Requests
[00:20:26]   Stooq msft.us ответил без данных: <!DOCTYPE html><html><head><meta charset="utf-8"><meta name="robots" content="noindex,nofollow"></head><body><noscript>T
[00:20:27] Yahoo GOOGL: HTTP Error 429: Too Many Requests
[00:20:28]   Stooq googl.us ответил без данных: <!DOCTYPE html><html><head><meta charset="utf-8"><meta name="robots" content="noindex,nofollow"></head><body><noscript>T
[00:20:29] Yahoo AMZN: HTTP Error 429: Too Many Requests
[00:20:30]   Stooq amzn.us ответил без данных: <!DOCTYPE html><html><head><meta charset="utf-8"><meta name="robots" content="noindex,nofollow"></head><body><noscript>T
[00:20:32] Yahoo TSLA: HTTP Error 429: Too Many Requests
[00:20:33]   Stooq tsla.us ответил без данных: <!DOCTYPE html><html><head><meta charset="utf-8"><meta name="robots" content="noindex,nofollow"></head><body><noscript>T
[00:20:34] Yahoo AVGO: HTTP Error 429: Too Many Requests
[00:20:35]   Stooq avgo.us ответил без данных: <!DOCTYPE html><html><head><meta charset="utf-8"><meta name="robots" content="noindex,nofollow"></head><body><noscript>T
[00:20:37] Yahoo TSM: HTTP Error 429: Too Many Requests
[00:20:38]   Stooq tsm.us ответил без данных: <!DOCTYPE html><html><head><meta charset="utf-8"><meta name="robots" content="noindex,nofollow"></head><body><noscript>T
[00:20:39] Yahoo MU: HTTP Error 429: Too Many Requests
[00:20:40]   Stooq mu.us ответил без данных: <!DOCTYPE html><html><head><meta charset="utf-8"><meta name="robots" content="noindex,nofollow"></head><body><noscript>T
[00:20:42] Yahoo AMD: HTTP Error 429: Too Many Requests
[00:20:43]   Stooq amd.us ответил без данных: <!DOCTYPE html><html><head><meta charset="utf-8"><meta name="robots" content="noindex,nofollow"></head><body><noscript>T
[00:20:44] Yahoo MRVL: HTTP Error 429: Too Many Requests
[00:20:45]   Stooq mrvl.us ответил без данных: <!DOCTYPE html><html><head><meta charset="utf-8"><meta name="robots" content="noindex,nofollow"></head><body><noscript>T
[00:20:47] Yahoo INTC: HTTP Error 429: Too Many Requests
[00:20:48]   Stooq intc.us ответил без данных: <!DOCTYPE html><html><head><meta charset="utf-8"><meta name="robots" content="noindex,nofollow"></head><body><noscript>T
[00:20:49] Yahoo ORCL: HTTP Error 429: Too Many Requests
[00:20:50]   Stooq orcl.us ответил без данных: <!DOCTYPE html><html><head><meta charset="utf-8"><meta name="robots" content="noindex,nofollow"></head><body><noscript>T
[00:20:52] Yahoo PLTR: HTTP Error 429: Too Many Requests
[00:20:53]   Stooq pltr.us ответил без данных: <!DOCTYPE html><html><head><meta charset="utf-8"><meta name="robots" content="noindex,nofollow"></head><body><noscript>T
[00:20:54] Yahoo COIN: HTTP Error 429: Too Many Requests
[00:20:55]   Stooq coin.us ответил без данных: <!DOCTYPE html><html><head><meta charset="utf-8"><meta name="robots" content="noindex,nofollow"></head><body><noscript>T
[00:20:57] Yahoo HOOD: HTTP Error 429: Too Many Requests
[00:20:58]   Stooq hood.us ответил без данных: <!DOCTYPE html><html><head><meta charset="utf-8"><meta name="robots" content="noindex,nofollow"></head><body><noscript>T
[00:20:59] Yahoo MSTR: HTTP Error 429: Too Many Requests
[00:21:00]   Stooq mstr.us ответил без данных: <!DOCTYPE html><html><head><meta charset="utf-8"><meta name="robots" content="noindex,nofollow"></head><body><noscript>T
[00:21:01] Yahoo CRCL: HTTP Error 429: Too Many Requests
[00:21:02]   Stooq crcl.us ответил без данных: <!DOCTYPE html><html><head><meta charset="utf-8"><meta name="robots" content="noindex,nofollow"></head><body><noscript>T
[00:21:04] Yahoo NBIS: HTTP Error 429: Too Many Requests
[00:21:05]   Stooq nbis.us ответил без данных: <!DOCTYPE html><html><head><meta charset="utf-8"><meta name="robots" content="noindex,nofollow"></head><body><noscript>T
[00:21:06] Yahoo CRWV: HTTP Error 429: Too Many Requests
[00:21:07]   Stooq crwv.us ответил без данных: <!DOCTYPE html><html><head><meta charset="utf-8"><meta name="robots" content="noindex,nofollow"></head><body><noscript>T
[00:21:08] Yahoo LLY: HTTP Error 429: Too Many Requests
[00:21:09]   Stooq lly.us ответил без данных: <!DOCTYPE html><html><head><meta charset="utf-8"><meta name="robots" content="noindex,nofollow"></head><body><noscript>T
[00:21:11] Yahoo UNH: HTTP Error 429: Too Many Requests
[00:21:12]   Stooq unh.us ответил без данных: <!DOCTYPE html><html><head><meta charset="utf-8"><meta name="robots" content="noindex,nofollow"></head><body><noscript>T
[00:21:13] Yahoo NVO: HTTP Error 429: Too Many Requests
[00:21:14]   Stooq nvo.us ответил без данных: <!DOCTYPE html><html><head><meta charset="utf-8"><meta name="robots" content="noindex,nofollow"></head><body><noscript>T
[00:21:15] Yahoo XOM: HTTP Error 429: Too Many Requests
[00:21:17]   Stooq xom.us ответил без данных: <!DOCTYPE html><html><head><meta charset="utf-8"><meta name="robots" content="noindex,nofollow"></head><body><noscript>T
[00:21:18] Yahoo CVX: HTTP Error 429: Too Many Requests
[00:21:19]   Stooq cvx.us ответил без данных: <!DOCTYPE html><html><head><meta charset="utf-8"><meta name="robots" content="noindex,nofollow"></head><body><noscript>T
[00:21:20] Yahoo V: HTTP Error 429: Too Many Requests
[00:21:22]   Stooq v.us ответил без данных: <!DOCTYPE html><html><head><meta charset="utf-8"><meta name="robots" content="noindex,nofollow"></head><body><noscript>T
[00:21:23] Yahoo JNJ: HTTP Error 429: Too Many Requests
[00:21:24]   Stooq jnj.us ответил без данных: <!DOCTYPE html><html><head><meta charset="utf-8"><meta name="robots" content="noindex,nofollow"></head><body><noscript>T
[00:21:25] Yahoo PG: HTTP Error 429: Too Many Requests
[00:21:26]   Stooq pg.us ответил без данных: <!DOCTYPE html><html><head><meta charset="utf-8"><meta name="robots" content="noindex,nofollow"></head><body><noscript>T
[00:21:28] Yahoo NFLX: HTTP Error 429: Too Many Requests
[00:21:29]   Stooq nflx.us ответил без данных: <!DOCTYPE html><html><head><meta charset="utf-8"><meta name="robots" content="noindex,nofollow"></head><body><noscript>T
[00:21:30] Дневные свечи (equity): получено 0 из 29
[00:21:30] Yahoo SPY: HTTP Error 429: Too Many Requests
[00:21:31]   Stooq spy.us ответил без данных: <!DOCTYPE html><html><head><meta charset="utf-8"><meta name="robots" content="noindex,nofollow"></head><body><noscript>T
[00:21:33] Yahoo QQQ: HTTP Error 429: Too Many Requests
[00:21:34]   Stooq qqq.us ответил без данных: <!DOCTYPE html><html><head><meta charset="utf-8"><meta name="robots" content="noindex,nofollow"></head><body><noscript>T
[00:21:35] Yahoo VTI: HTTP Error 429: Too Many Requests
[00:21:36]   Stooq vti.us ответил без данных: <!DOCTYPE html><html><head><meta charset="utf-8"><meta name="robots" content="noindex,nofollow"></head><body><noscript>T
[00:21:37] Yahoo IWM: HTTP Error 429: Too Many Requests
[00:21:39]   Stooq iwm.us ответил без данных: <!DOCTYPE html><html><head><meta charset="utf-8"><meta name="robots" content="noindex,nofollow"></head><body><noscript>T
[00:21:40] Yahoo IEMG: HTTP Error 429: Too Many Requests
[00:21:41]   Stooq iemg.us ответил без данных: <!DOCTYPE html><html><head><meta charset="utf-8"><meta name="robots" content="noindex,nofollow"></head><body><noscript>T
[00:21:42] Yahoo SLV: HTTP Error 429: Too Many Requests
[00:21:43]   Stooq slv.us ответил без данных: <!DOCTYPE html><html><head><meta charset="utf-8"><meta name="robots" content="noindex,nofollow"></head><body><noscript>T
[00:21:45] Yahoo PPLT: HTTP Error 429: Too Many Requests
[00:21:46]   Stooq pplt.us ответил без данных: <!DOCTYPE html><html><head><meta charset="utf-8"><meta name="robots" content="noindex,nofollow"></head><body><noscript>T
[00:21:47] Yahoo PALL: HTTP Error 429: Too Many Requests
[00:21:48]   Stooq pall.us ответил без данных: <!DOCTYPE html><html><head><meta charset="utf-8"><meta name="robots" content="noindex,nofollow"></head><body><noscript>T
[00:21:49] Yahoo XLE: HTTP Error 429: Too Many Requests
[00:21:50]   Stooq xle.us ответил без данных: <!DOCTYPE html><html><head><meta charset="utf-8"><meta name="robots" content="noindex,nofollow"></head><body><noscript>T
[00:21:52] Yahoo XOP: HTTP Error 429: Too Many Requests
[00:21:53]   Stooq xop.us ответил без данных: <!DOCTYPE html><html><head><meta charset="utf-8"><meta name="robots" content="noindex,nofollow"></head><body><noscript>T
[00:21:54] Yahoo COPX: HTTP Error 429: Too Many Requests
[00:21:55]   Stooq copx.us ответил без данных: <!DOCTYPE html><html><head><meta charset="utf-8"><meta name="robots" content="noindex,nofollow"></head><body><noscript>T
[00:21:57] Yahoo URA: HTTP Error 429: Too Many Requests
[00:21:58]   Stooq ura.us ответил без данных: <!DOCTYPE html><html><head><meta charset="utf-8"><meta name="robots" content="noindex,nofollow"></head><body><noscript>T
[00:21:59] Yahoo TQQQ: HTTP Error 429: Too Many Requests
[00:22:00]   Stooq tqqq.us ответил без данных: <!DOCTYPE html><html><head><meta charset="utf-8"><meta name="robots" content="noindex,nofollow"></head><body><noscript>T
[00:22:01] Yahoo TBLL: HTTP Error 429: Too Many Requests
[00:22:02]   Stooq tbll.us ответил без данных: <!DOCTYPE html><html><head><meta charset="utf-8"><meta name="robots" content="noindex,nofollow"></head><body><noscript>T
[00:22:04] Дневные свечи (etf): получено 0 из 14
[00:22:04] Yahoo GC=F: HTTP Error 429: Too Many Requests
[00:22:05]   Stooq xauusd ответил без данных: <!DOCTYPE html><html><head><meta charset="utf-8"><meta name="robots" content="noindex,nofollow"></head><body><noscript>T
[00:22:06]   Stooq gc.f ответил без данных: <!DOCTYPE html><html><head><meta charset="utf-8"><meta name="robots" content="noindex,nofollow"></head><body><noscript>T
[00:22:08] Yahoo SI=F: HTTP Error 429: Too Many Requests
[00:22:09]   Stooq xagusd ответил без данных: <!DOCTYPE html><html><head><meta charset="utf-8"><meta name="robots" content="noindex,nofollow"></head><body><noscript>T
[00:22:11]   Stooq si.f ответил без данных: <!DOCTYPE html><html><head><meta charset="utf-8"><meta name="robots" content="noindex,nofollow"></head><body><noscript>T
[00:22:12] Yahoo PL=F: HTTP Error 429: Too Many Requests
[00:22:13]   Stooq xptusd ответил без данных: <!DOCTYPE html><html><head><meta charset="utf-8"><meta name="robots" content="noindex,nofollow"></head><body><noscript>T
[00:22:15]   Stooq pl.f ответил без данных: <!DOCTYPE html><html><head><meta charset="utf-8"><meta name="robots" content="noindex,nofollow"></head><body><noscript>T
[00:22:16] Yahoo CL=F: HTTP Error 429: Too Many Requests
[00:22:17]   Stooq cl.f ответил без данных: <!DOCTYPE html><html><head><meta charset="utf-8"><meta name="robots" content="noindex,nofollow"></head><body><noscript>T
[00:22:18] Yahoo BZ=F: HTTP Error 429: Too Many Requests
[00:22:20]   Stooq cb.f ответил без данных: <!DOCTYPE html><html><head><meta charset="utf-8"><meta name="robots" content="noindex,nofollow"></head><body><noscript>T
[00:22:21] Дневные свечи (commodity): получено 0 из 5
[00:22:21] Yahoo ^GSPC: HTTP Error 429: Too Many Requests
[00:22:22]   Stooq ^spx ответил без данных: <!DOCTYPE html><html><head><meta charset="utf-8"><meta name="robots" content="noindex,nofollow"></head><body><noscript>T
[00:22:24] Yahoo ^NDX: HTTP Error 429: Too Many Requests
[00:22:25]   Stooq ^ndx ответил без данных: <!DOCTYPE html><html><head><meta charset="utf-8"><meta name="robots" content="noindex,nofollow"></head><body><noscript>T
[00:22:26] Yahoo DX-Y.NYB: HTTP Error 429: Too Many Requests
[00:22:27]   Stooq ^dxy ответил без данных: <!DOCTYPE html><html><head><meta charset="utf-8"><meta name="robots" content="noindex,nofollow"></head><body><noscript>T
[00:22:29] Yahoo RUB=X: HTTP Error 429: Too Many Requests
[00:22:30]   Stooq usdrub ответил без данных: <!DOCTYPE html><html><head><meta charset="utf-8"><meta name="robots" content="noindex,nofollow"></head><body><noscript>T
[00:22:31] Дневные свечи (index): получено 0 из 4
[00:22:32] ЦБ РФ: USD/RUB = 85.4811
[00:22:32] История: добавлено 76 строк, обновлено 0, всего ключей 25513
[00:22:32] Снапшот: 76 инструментов
[00:22:32] Догружаю историю, осталось времени 19 мин
[00:22:32]   история PALLx: 107 точек
[00:22:39]   история PPLTx: 181 точек
[00:22:47]   история AMDx: 261 точек
[00:22:54]   история COPXx: 0 точек
[00:23:01]   история IEMGx: 218 точек
[00:23:08]   история XLEx: 120 точек
[00:23:15]   лимит запросов, жду 20s
[00:23:35]   лимит запросов, жду 40s
[00:24:15]   история URAx: 11 точек
[00:24:22]   история SLVx: 56 точек
[00:24:30]   история JNJx: 288 точек
[00:24:37]   история NVOx: 299 точек
[00:24:44]   история IWMx: 92 точек
[00:24:51]   лимит запросов, жду 20s
[00:25:11]   лимит запросов, жду 40s
[00:25:51]   история XOPx: 0 точек
[00:25:58]   история TBLLx: 186 точек
[00:26:05]   пропущено (история уже есть): 57
[00:26:06] История: добавлено 0 строк, обновлено 1819, всего ключей 25513
[00:26:06] Снапшот: 76 инструментов
[17:31:44] Старт сбора (с историей за год), 2026-10-08 17:31 UTC, бюджет 22 мин
[17:31:44] Уборка истории: выкинуто 0 строк, осталось 25513
[17:31:44] Разрешаю 1 id через /coins/list
[17:31:44]   ADI -> adi-token
[17:31:59] CoinGecko: получено 42 из 42
[17:31:59] xStocks: нашлось токенов 36 из 38
[17:32:13] CoinGecko: получено 34 из 36
[17:32:13] Yahoo NVDA: HTTP Error 429: Too Many Requests
[17:32:14]   Stooq nvda.us ответил без данных: <!DOCTYPE html><html><head><meta charset="utf-8"><meta name="robots" content="noindex,nofollow"></head><body><noscript>T
[17:32:16] Yahoo AAPL: HTTP Error 429: Too Many Requests
[17:32:17]   Stooq aapl.us ответил без данных: <!DOCTYPE html><html><head><meta charset="utf-8"><meta name="robots" content="noindex,nofollow"></head><body><noscript>T
[17:32:18] Yahoo MSFT: HTTP Error 429: Too Many Requests
[17:32:19]   Stooq msft.us ответил без данных: <!DOCTYPE html><html><head><meta charset="utf-8"><meta name="robots" content="noindex,nofollow"></head><body><noscript>T
[17:32:20] Yahoo GOOGL: HTTP Error 429: Too Many Requests
[17:32:22]   Stooq googl.us ответил без данных: <!DOCTYPE html><html><head><meta charset="utf-8"><meta name="robots" content="noindex,nofollow"></head><body><noscript>T
[17:32:23] Yahoo AMZN: HTTP Error 429: Too Many Requests
[17:32:24]   Stooq amzn.us ответил без данных: <!DOCTYPE html><html><head><meta charset="utf-8"><meta name="robots" content="noindex,nofollow"></head><body><noscript>T
[17:32:25] Yahoo TSLA: HTTP Error 429: Too Many Requests
[17:32:26]   Stooq tsla.us ответил без данных: <!DOCTYPE html><html><head><meta charset="utf-8"><meta name="robots" content="noindex,nofollow"></head><body><noscript>T
[17:32:27] Yahoo AVGO: HTTP Error 429: Too Many Requests
[17:32:28]   Stooq avgo.us ответил без данных: <!DOCTYPE html><html><head><meta charset="utf-8"><meta name="robots" content="noindex,nofollow"></head><body><noscript>T
[17:32:30] Yahoo TSM: HTTP Error 429: Too Many Requests
[17:32:31]   Stooq tsm.us ответил без данных: <!DOCTYPE html><html><head><meta charset="utf-8"><meta name="robots" content="noindex,nofollow"></head><body><noscript>T
[17:32:32] Yahoo MU: HTTP Error 429: Too Many Requests
[17:32:33]   Stooq mu.us ответил без данных: <!DOCTYPE html><html><head><meta charset="utf-8"><meta name="robots" content="noindex,nofollow"></head><body><noscript>T
[17:32:34] Yahoo AMD: HTTP Error 429: Too Many Requests
[17:32:35]   Stooq amd.us ответил без данных: <!DOCTYPE html><html><head><meta charset="utf-8"><meta name="robots" content="noindex,nofollow"></head><body><noscript>T
[17:32:37] Yahoo MRVL: HTTP Error 429: Too Many Requests
[17:32:38]   Stooq mrvl.us ответил без данных: <!DOCTYPE html><html><head><meta charset="utf-8"><meta name="robots" content="noindex,nofollow"></head><body><noscript>T
[17:32:39] Yahoo INTC: HTTP Error 429: Too Many Requests
[17:32:40]   Stooq intc.us ответил без данных: <!DOCTYPE html><html><head><meta charset="utf-8"><meta name="robots" content="noindex,nofollow"></head><body><noscript>T
[17:32:41] Yahoo ORCL: HTTP Error 429: Too Many Requests
[17:32:42]   Stooq orcl.us ответил без данных: <!DOCTYPE html><html><head><meta charset="utf-8"><meta name="robots" content="noindex,nofollow"></head><body><noscript>T
[17:32:43] Yahoo PLTR: HTTP Error 429: Too Many Requests
[17:32:44]   Stooq pltr.us ответил без данных: <!DOCTYPE html><html><head><meta charset="utf-8"><meta name="robots" content="noindex,nofollow"></head><body><noscript>T
[17:32:46] Yahoo COIN: HTTP Error 429: Too Many Requests
[17:32:47]   Stooq coin.us ответил без данных: <!DOCTYPE html><html><head><meta charset="utf-8"><meta name="robots" content="noindex,nofollow"></head><body><noscript>T
[17:32:48] Yahoo HOOD: HTTP Error 429: Too Many Requests
[17:32:49]   Stooq hood.us ответил без данных: <!DOCTYPE html><html><head><meta charset="utf-8"><meta name="robots" content="noindex,nofollow"></head><body><noscript>T
[17:32:50] Yahoo MSTR: HTTP Error 429: Too Many Requests
[17:32:51]   Stooq mstr.us ответил без данных: <!DOCTYPE html><html><head><meta charset="utf-8"><meta name="robots" content="noindex,nofollow"></head><body><noscript>T
[17:32:53] Yahoo CRCL: HTTP Error 429: Too Many Requests
[17:32:54]   Stooq crcl.us ответил без данных: <!DOCTYPE html><html><head><meta charset="utf-8"><meta name="robots" content="noindex,nofollow"></head><body><noscript>T
[17:32:55] Yahoo NBIS: HTTP Error 429: Too Many Requests
[17:32:56]   Stooq nbis.us ответил без данных: <!DOCTYPE html><html><head><meta charset="utf-8"><meta name="robots" content="noindex,nofollow"></head><body><noscript>T
[17:32:57] Yahoo CRWV: HTTP Error 429: Too Many Requests
[17:32:58]   Stooq crwv.us ответил без данных: <!DOCTYPE html><html><head><meta charset="utf-8"><meta name="robots" content="noindex,nofollow"></head><body><noscript>T
[17:33:00] Yahoo LLY: HTTP Error 429: Too Many Requests
[17:33:01]   Stooq lly.us ответил без данных: <!DOCTYPE html><html><head><meta charset="utf-8"><meta name="robots" content="noindex,nofollow"></head><body><noscript>T
[17:33:02] Yahoo UNH: HTTP Error 429: Too Many Requests
[17:33:03]   Stooq unh.us ответил без данных: <!DOCTYPE html><html><head><meta charset="utf-8"><meta name="robots" content="noindex,nofollow"></head><body><noscript>T
[17:33:04] Yahoo NVO: HTTP Error 429: Too Many Requests
[17:33:05]   Stooq nvo.us ответил без данных: <!DOCTYPE html><html><head><meta charset="utf-8"><meta name="robots" content="noindex,nofollow"></head><body><noscript>T
[17:33:06] Yahoo XOM: HTTP Error 429: Too Many Requests
[17:33:07]   Stooq xom.us ответил без данных: <!DOCTYPE html><html><head><meta charset="utf-8"><meta name="robots" content="noindex,nofollow"></head><body><noscript>T
[17:33:08] Yahoo CVX: HTTP Error 429: Too Many Requests
[17:33:09]   Stooq cvx.us ответил без данных: <!DOCTYPE html><html><head><meta charset="utf-8"><meta name="robots" content="noindex,nofollow"></head><body><noscript>T
[17:33:11] Yahoo V: HTTP Error 429: Too Many Requests
[17:33:12]   Stooq v.us ответил без данных: <!DOCTYPE html><html><head><meta charset="utf-8"><meta name="robots" content="noindex,nofollow"></head><body><noscript>T
[17:33:13] Yahoo JNJ: HTTP Error 429: Too Many Requests
[17:33:14]   Stooq jnj.us ответил без данных: <!DOCTYPE html><html><head><meta charset="utf-8"><meta name="robots" content="noindex,nofollow"></head><body><noscript>T
[17:33:15] Yahoo PG: HTTP Error 429: Too Many Requests
[17:33:16]   Stooq pg.us ответил без данных: <!DOCTYPE html><html><head><meta charset="utf-8"><meta name="robots" content="noindex,nofollow"></head><body><noscript>T
[17:33:17] Yahoo NFLX: HTTP Error 429: Too Many Requests
[17:33:18]   Stooq nflx.us ответил без данных: <!DOCTYPE html><html><head><meta charset="utf-8"><meta name="robots" content="noindex,nofollow"></head><body><noscript>T
[17:33:19] Дневные свечи (equity): получено 0 из 29
[17:33:20] Yahoo SPY: HTTP Error 429: Too Many Requests
[17:33:20]   Stooq spy.us ответил без данных: <!DOCTYPE html><html><head><meta charset="utf-8"><meta name="robots" content="noindex,nofollow"></head><body><noscript>T
[17:33:22] Yahoo QQQ: HTTP Error 429: Too Many Requests
[17:33:23]   Stooq qqq.us ответил без данных: <!DOCTYPE html><html><head><meta charset="utf-8"><meta name="robots" content="noindex,nofollow"></head><body><noscript>T
[17:33:24] Yahoo VTI: HTTP Error 429: Too Many Requests
[17:33:25]   Stooq vti.us ответил без данных: <!DOCTYPE html><html><head><meta charset="utf-8"><meta name="robots" content="noindex,nofollow"></head><body><noscript>T
[17:33:26] Yahoo IWM: HTTP Error 429: Too Many Requests
[17:33:27]   Stooq iwm.us ответил без данных: <!DOCTYPE html><html><head><meta charset="utf-8"><meta name="robots" content="noindex,nofollow"></head><body><noscript>T
[17:33:28] Yahoo IEMG: HTTP Error 429: Too Many Requests
[17:33:29]   Stooq iemg.us ответил без данных: <!DOCTYPE html><html><head><meta charset="utf-8"><meta name="robots" content="noindex,nofollow"></head><body><noscript>T
[17:33:31] Yahoo SLV: HTTP Error 429: Too Many Requests
[17:33:32]   Stooq slv.us ответил без данных: <!DOCTYPE html><html><head><meta charset="utf-8"><meta name="robots" content="noindex,nofollow"></head><body><noscript>T
[17:33:33] Yahoo PPLT: HTTP Error 429: Too Many Requests
[17:33:34]   Stooq pplt.us ответил без данных: <!DOCTYPE html><html><head><meta charset="utf-8"><meta name="robots" content="noindex,nofollow"></head><body><noscript>T
[17:33:35] Yahoo PALL: HTTP Error 429: Too Many Requests
[17:33:36]   Stooq pall.us ответил без данных: <!DOCTYPE html><html><head><meta charset="utf-8"><meta name="robots" content="noindex,nofollow"></head><body><noscript>T
[17:33:37] Yahoo XLE: HTTP Error 429: Too Many Requests
[17:33:38]   Stooq xle.us ответил без данных: <!DOCTYPE html><html><head><meta charset="utf-8"><meta name="robots" content="noindex,nofollow"></head><body><noscript>T
[17:33:40] Yahoo XOP: HTTP Error 429: Too Many Requests
[17:33:41]   Stooq xop.us ответил без данных: <!DOCTYPE html><html><head><meta charset="utf-8"><meta name="robots" content="noindex,nofollow"></head><body><noscript>T
[17:33:42] Yahoo COPX: HTTP Error 429: Too Many Requests
[17:33:43]   Stooq copx.us ответил без данных: <!DOCTYPE html><html><head><meta charset="utf-8"><meta name="robots" content="noindex,nofollow"></head><body><noscript>T
[17:33:44] Yahoo URA: HTTP Error 429: Too Many Requests
[17:33:45]   Stooq ura.us ответил без данных: <!DOCTYPE html><html><head><meta charset="utf-8"><meta name="robots" content="noindex,nofollow"></head><body><noscript>T
[17:33:46] Yahoo TQQQ: HTTP Error 429: Too Many Requests
[17:33:47]   Stooq tqqq.us ответил без данных: <!DOCTYPE html><html><head><meta charset="utf-8"><meta name="robots" content="noindex,nofollow"></head><body><noscript>T
[17:33:49] Yahoo TBLL: HTTP Error 429: Too Many Requests
[17:33:50]   Stooq tbll.us ответил без данных: <!DOCTYPE html><html><head><meta charset="utf-8"><meta name="robots" content="noindex,nofollow"></head><body><noscript>T
[17:33:51] Дневные свечи (etf): получено 0 из 14
[17:33:51] Yahoo GC=F: HTTP Error 429: Too Many Requests
[17:33:52]   Stooq xauusd ответил без данных: <!DOCTYPE html><html><head><meta charset="utf-8"><meta name="robots" content="noindex,nofollow"></head><body><noscript>T
[17:33:53]   Stooq gc.f ответил без данных: <!DOCTYPE html><html><head><meta charset="utf-8"><meta name="robots" content="noindex,nofollow"></head><body><noscript>T
[17:33:55] Yahoo SI=F: HTTP Error 429: Too Many Requests
[17:33:55]   Stooq xagusd ответил без данных: <!DOCTYPE html><html><head><meta charset="utf-8"><meta name="robots" content="noindex,nofollow"></head><body><noscript>T
[17:33:57]   Stooq si.f ответил без данных: <!DOCTYPE html><html><head><meta charset="utf-8"><meta name="robots" content="noindex,nofollow"></head><body><noscript>T
[17:33:58] Yahoo PL=F: HTTP Error 429: Too Many Requests
[17:33:59]   Stooq xptusd ответил без данных: <!DOCTYPE html><html><head><meta charset="utf-8"><meta name="robots" content="noindex,nofollow"></head><body><noscript>T
[17:34:01]   Stooq pl.f ответил без данных: <!DOCTYPE html><html><head><meta charset="utf-8"><meta name="robots" content="noindex,nofollow"></head><body><noscript>T
[17:34:02] Yahoo CL=F: HTTP Error 429: Too Many Requests
[17:34:03]   Stooq cl.f ответил без данных: <!DOCTYPE html><html><head><meta charset="utf-8"><meta name="robots" content="noindex,nofollow"></head><body><noscript>T
[17:34:04] Yahoo BZ=F: HTTP Error 429: Too Many Requests
[17:34:05]   Stooq cb.f ответил без данных: <!DOCTYPE html><html><head><meta charset="utf-8"><meta name="robots" content="noindex,nofollow"></head><body><noscript>T
[17:34:07] Дневные свечи (commodity): получено 0 из 5
[17:34:07] Yahoo ^GSPC: HTTP Error 429: Too Many Requests
[17:34:08]   Stooq ^spx ответил без данных: <!DOCTYPE html><html><head><meta charset="utf-8"><meta name="robots" content="noindex,nofollow"></head><body><noscript>T
[17:34:09] Yahoo ^NDX: HTTP Error 429: Too Many Requests
[17:35:10]   повтор через 1s после ошибки: <urlopen error timed out>
[17:36:11]   повтор через 2s после ошибки: <urlopen error timed out>
[17:37:13] Stooq ^ndx: <urlopen error timed out>
[17:37:14] Yahoo DX-Y.NYB: HTTP Error 429: Too Many Requests
[17:38:15]   повтор через 1s после ошибки: <urlopen error timed out>
[17:39:16]   повтор через 2s после ошибки: <urlopen error timed out>
[17:40:19] Stooq ^dxy: <urlopen error timed out>
[17:40:20] Yahoo RUB=X: HTTP Error 429: Too Many Requests
[17:41:21]   повтор через 1s после ошибки: <urlopen error timed out>
[17:42:22]   повтор через 2s после ошибки: <urlopen error timed out>
[17:43:24] Stooq usdrub: <urlopen error timed out>
[17:43:25] Дневные свечи (index): получено 0 из 4
[17:43:26] ЦБ РФ: USD/RUB = 85.4173
[17:43:26] История: добавлено 0 строк, обновлено 76, всего ключей 25513
[17:43:26] Снапшот: 76 инструментов
[17:43:26] Догружаю историю, осталось времени 10 мин
[17:43:26]   история PALLx: 107 точек
[17:43:33]   история PPLTx: 181 точек
[17:43:40]   история AMDx: 261 точек
[17:43:48]   история COPXx: 0 точек
[17:43:55]   история IEMGx: 219 точек
[17:44:02]   история XLEx: 120 точек
[17:44:09]   лимит запросов, жду 20s
[17:44:29]   лимит запросов, жду 40s
[17:45:10]   история URAx: 11 точек
[17:45:17]   история SLVx: 56 точек
[17:45:24]   история JNJx: 288 точек
[17:45:31]   история NVOx: 299 точек
[17:45:38]   история IWMx: 92 точек
[17:45:45]   лимит запросов, жду 20s
[17:46:05]   лимит запросов, жду 40s
[17:46:46]   история XOPx: 0 точек
[17:46:53]   история TBLLx: 186 точек
[17:47:00]   пропущено (история уже есть): 57
[17:47:00] История: добавлено 0 строк, обновлено 1820, всего ключей 25513
[17:47:00] Снапшот: 76 инструментов
