[01:22:43] Старт сбора (с историей за год), 2026-10-06 01:22 UTC, бюджет 22 мин
[01:22:43] Уборка истории: выкинуто 0 строк, осталось 25285
[01:22:43] Разрешаю 1 id через /coins/list
[01:22:43]   ADI -> adi-token
[01:22:57] CoinGecko: получено 42 из 42
[01:22:57] xStocks: нашлось токенов 36 из 38
[01:23:12] CoinGecko: получено 34 из 36
[01:23:12] Yahoo NVDA: HTTP Error 429: Too Many Requests
[01:23:13]   Stooq nvda.us ответил без данных: <!DOCTYPE html><html><head><meta charset="utf-8"><meta name="robots" content="noindex,nofollow"></head><body><noscript>T
[01:23:14] Yahoo AAPL: HTTP Error 429: Too Many Requests
[01:23:15]   Stooq aapl.us ответил без данных: <!DOCTYPE html><html><head><meta charset="utf-8"><meta name="robots" content="noindex,nofollow"></head><body><noscript>T
[01:23:17] Yahoo MSFT: HTTP Error 429: Too Many Requests
[01:23:18]   Stooq msft.us ответил без данных: <!DOCTYPE html><html><head><meta charset="utf-8"><meta name="robots" content="noindex,nofollow"></head><body><noscript>T
[01:23:19] Yahoo GOOGL: HTTP Error 429: Too Many Requests
[01:23:20]   Stooq googl.us ответил без данных: <!DOCTYPE html><html><head><meta charset="utf-8"><meta name="robots" content="noindex,nofollow"></head><body><noscript>T
[01:23:21] Yahoo AMZN: HTTP Error 429: Too Many Requests
[01:23:22]   Stooq amzn.us ответил без данных: <!DOCTYPE html><html><head><meta charset="utf-8"><meta name="robots" content="noindex,nofollow"></head><body><noscript>T
[01:23:24] Yahoo TSLA: HTTP Error 429: Too Many Requests
[01:23:25]   Stooq tsla.us ответил без данных: <!DOCTYPE html><html><head><meta charset="utf-8"><meta name="robots" content="noindex,nofollow"></head><body><noscript>T
[01:23:26] Yahoo AVGO: HTTP Error 429: Too Many Requests
[01:23:27]   Stooq avgo.us ответил без данных: <!DOCTYPE html><html><head><meta charset="utf-8"><meta name="robots" content="noindex,nofollow"></head><body><noscript>T
[01:23:28] Yahoo TSM: HTTP Error 429: Too Many Requests
[01:23:29]   Stooq tsm.us ответил без данных: <!DOCTYPE html><html><head><meta charset="utf-8"><meta name="robots" content="noindex,nofollow"></head><body><noscript>T
[01:23:30] Yahoo MU: HTTP Error 429: Too Many Requests
[01:23:31]   Stooq mu.us ответил без данных: <!DOCTYPE html><html><head><meta charset="utf-8"><meta name="robots" content="noindex,nofollow"></head><body><noscript>T
[01:23:33] Yahoo AMD: HTTP Error 429: Too Many Requests
[01:23:33]   Stooq amd.us ответил без данных: <!DOCTYPE html><html><head><meta charset="utf-8"><meta name="robots" content="noindex,nofollow"></head><body><noscript>T
[01:23:35] Yahoo MRVL: HTTP Error 429: Too Many Requests
[01:23:36]   Stooq mrvl.us ответил без данных: <!DOCTYPE html><html><head><meta charset="utf-8"><meta name="robots" content="noindex,nofollow"></head><body><noscript>T
[01:23:37] Yahoo INTC: HTTP Error 429: Too Many Requests
[01:23:38]   Stooq intc.us ответил без данных: <!DOCTYPE html><html><head><meta charset="utf-8"><meta name="robots" content="noindex,nofollow"></head><body><noscript>T
[01:23:39] Yahoo ORCL: HTTP Error 429: Too Many Requests
[01:23:40]   Stooq orcl.us ответил без данных: <!DOCTYPE html><html><head><meta charset="utf-8"><meta name="robots" content="noindex,nofollow"></head><body><noscript>T
[01:23:42] Yahoo PLTR: HTTP Error 429: Too Many Requests
[01:23:43]   Stooq pltr.us ответил без данных: <!DOCTYPE html><html><head><meta charset="utf-8"><meta name="robots" content="noindex,nofollow"></head><body><noscript>T
[01:23:44] Yahoo COIN: HTTP Error 429: Too Many Requests
[01:23:45]   Stooq coin.us ответил без данных: <!DOCTYPE html><html><head><meta charset="utf-8"><meta name="robots" content="noindex,nofollow"></head><body><noscript>T
[01:23:46] Yahoo HOOD: HTTP Error 429: Too Many Requests
[01:23:47]   Stooq hood.us ответил без данных: <!DOCTYPE html><html><head><meta charset="utf-8"><meta name="robots" content="noindex,nofollow"></head><body><noscript>T
[01:23:49] Yahoo MSTR: HTTP Error 429: Too Many Requests
[01:23:50]   Stooq mstr.us ответил без данных: <!DOCTYPE html><html><head><meta charset="utf-8"><meta name="robots" content="noindex,nofollow"></head><body><noscript>T
[01:23:51] Yahoo CRCL: HTTP Error 429: Too Many Requests
[01:23:52]   Stooq crcl.us ответил без данных: <!DOCTYPE html><html><head><meta charset="utf-8"><meta name="robots" content="noindex,nofollow"></head><body><noscript>T
[01:23:53] Yahoo NBIS: HTTP Error 429: Too Many Requests
[01:23:54]   Stooq nbis.us ответил без данных: <!DOCTYPE html><html><head><meta charset="utf-8"><meta name="robots" content="noindex,nofollow"></head><body><noscript>T
[01:23:55] Yahoo CRWV: HTTP Error 429: Too Many Requests
[01:23:56]   Stooq crwv.us ответил без данных: <!DOCTYPE html><html><head><meta charset="utf-8"><meta name="robots" content="noindex,nofollow"></head><body><noscript>T
[01:23:58] Yahoo LLY: HTTP Error 429: Too Many Requests
[01:23:58]   Stooq lly.us ответил без данных: <!DOCTYPE html><html><head><meta charset="utf-8"><meta name="robots" content="noindex,nofollow"></head><body><noscript>T
[01:24:00] Yahoo UNH: HTTP Error 429: Too Many Requests
[01:24:01]   Stooq unh.us ответил без данных: <!DOCTYPE html><html><head><meta charset="utf-8"><meta name="robots" content="noindex,nofollow"></head><body><noscript>T
[01:24:02] Yahoo NVO: HTTP Error 429: Too Many Requests
[01:24:03]   Stooq nvo.us ответил без данных: <!DOCTYPE html><html><head><meta charset="utf-8"><meta name="robots" content="noindex,nofollow"></head><body><noscript>T
[01:24:04] Yahoo XOM: HTTP Error 429: Too Many Requests
[01:24:05]   Stooq xom.us ответил без данных: <!DOCTYPE html><html><head><meta charset="utf-8"><meta name="robots" content="noindex,nofollow"></head><body><noscript>T
[01:24:06] Yahoo CVX: HTTP Error 429: Too Many Requests
[01:24:07]   Stooq cvx.us ответил без данных: <!DOCTYPE html><html><head><meta charset="utf-8"><meta name="robots" content="noindex,nofollow"></head><body><noscript>T
[01:24:09] Yahoo V: HTTP Error 429: Too Many Requests
[01:24:10]   Stooq v.us ответил без данных: <!DOCTYPE html><html><head><meta charset="utf-8"><meta name="robots" content="noindex,nofollow"></head><body><noscript>T
[01:24:11] Yahoo JNJ: HTTP Error 429: Too Many Requests
[01:24:12]   Stooq jnj.us ответил без данных: <!DOCTYPE html><html><head><meta charset="utf-8"><meta name="robots" content="noindex,nofollow"></head><body><noscript>T
[01:24:13] Yahoo PG: HTTP Error 429: Too Many Requests
[01:24:14]   Stooq pg.us ответил без данных: <!DOCTYPE html><html><head><meta charset="utf-8"><meta name="robots" content="noindex,nofollow"></head><body><noscript>T
[01:24:15] Yahoo NFLX: HTTP Error 429: Too Many Requests
[01:24:16]   Stooq nflx.us ответил без данных: <!DOCTYPE html><html><head><meta charset="utf-8"><meta name="robots" content="noindex,nofollow"></head><body><noscript>T
[01:24:18] Дневные свечи (equity): получено 0 из 29
[01:24:18] Yahoo SPY: HTTP Error 429: Too Many Requests
[01:24:19]   Stooq spy.us ответил без данных: <!DOCTYPE html><html><head><meta charset="utf-8"><meta name="robots" content="noindex,nofollow"></head><body><noscript>T
[01:24:20] Yahoo QQQ: HTTP Error 429: Too Many Requests
[01:24:21]   Stooq qqq.us ответил без данных: <!DOCTYPE html><html><head><meta charset="utf-8"><meta name="robots" content="noindex,nofollow"></head><body><noscript>T
[01:24:22] Yahoo VTI: HTTP Error 429: Too Many Requests
[01:24:23]   Stooq vti.us ответил без данных: <!DOCTYPE html><html><head><meta charset="utf-8"><meta name="robots" content="noindex,nofollow"></head><body><noscript>T
[01:24:25] Yahoo IWM: HTTP Error 429: Too Many Requests
[01:24:25]   Stooq iwm.us ответил без данных: <!DOCTYPE html><html><head><meta charset="utf-8"><meta name="robots" content="noindex,nofollow"></head><body><noscript>T
[01:24:27] Yahoo IEMG: HTTP Error 429: Too Many Requests
[01:24:28]   Stooq iemg.us ответил без данных: <!DOCTYPE html><html><head><meta charset="utf-8"><meta name="robots" content="noindex,nofollow"></head><body><noscript>T
[01:24:29] Yahoo SLV: HTTP Error 429: Too Many Requests
[01:24:30]   Stooq slv.us ответил без данных: <!DOCTYPE html><html><head><meta charset="utf-8"><meta name="robots" content="noindex,nofollow"></head><body><noscript>T
[01:24:31] Yahoo PPLT: HTTP Error 429: Too Many Requests
[01:24:32]   Stooq pplt.us ответил без данных: <!DOCTYPE html><html><head><meta charset="utf-8"><meta name="robots" content="noindex,nofollow"></head><body><noscript>T
[01:24:33] Yahoo PALL: HTTP Error 429: Too Many Requests
[01:24:34]   Stooq pall.us ответил без данных: <!DOCTYPE html><html><head><meta charset="utf-8"><meta name="robots" content="noindex,nofollow"></head><body><noscript>T
[01:24:35] Yahoo XLE: HTTP Error 429: Too Many Requests
[01:24:36]   Stooq xle.us ответил без данных: <!DOCTYPE html><html><head><meta charset="utf-8"><meta name="robots" content="noindex,nofollow"></head><body><noscript>T
[01:24:38] Yahoo XOP: HTTP Error 429: Too Many Requests
[01:24:38]   Stooq xop.us ответил без данных: <!DOCTYPE html><html><head><meta charset="utf-8"><meta name="robots" content="noindex,nofollow"></head><body><noscript>T
[01:24:40] Yahoo COPX: HTTP Error 429: Too Many Requests
[01:24:41]   Stooq copx.us ответил без данных: <!DOCTYPE html><html><head><meta charset="utf-8"><meta name="robots" content="noindex,nofollow"></head><body><noscript>T
[01:24:42] Yahoo URA: HTTP Error 429: Too Many Requests
[01:24:43]   Stooq ura.us ответил без данных: <!DOCTYPE html><html><head><meta charset="utf-8"><meta name="robots" content="noindex,nofollow"></head><body><noscript>T
[01:24:44] Yahoo TQQQ: HTTP Error 429: Too Many Requests
[01:24:45]   Stooq tqqq.us ответил без данных: <!DOCTYPE html><html><head><meta charset="utf-8"><meta name="robots" content="noindex,nofollow"></head><body><noscript>T
[01:24:46] Yahoo TBLL: HTTP Error 429: Too Many Requests
[01:24:47]   Stooq tbll.us ответил без данных: <!DOCTYPE html><html><head><meta charset="utf-8"><meta name="robots" content="noindex,nofollow"></head><body><noscript>T
[01:24:48] Дневные свечи (etf): получено 0 из 14
[01:24:48] Yahoo GC=F: HTTP Error 429: Too Many Requests
[01:24:49]   Stooq xauusd ответил без данных: <!DOCTYPE html><html><head><meta charset="utf-8"><meta name="robots" content="noindex,nofollow"></head><body><noscript>T
[01:24:51]   Stooq gc.f ответил без данных: <!DOCTYPE html><html><head><meta charset="utf-8"><meta name="robots" content="noindex,nofollow"></head><body><noscript>T
[01:24:52] Yahoo SI=F: HTTP Error 429: Too Many Requests
[01:24:53]   Stooq xagusd ответил без данных: <!DOCTYPE html><html><head><meta charset="utf-8"><meta name="robots" content="noindex,nofollow"></head><body><noscript>T
[01:24:55]   Stooq si.f ответил без данных: <!DOCTYPE html><html><head><meta charset="utf-8"><meta name="robots" content="noindex,nofollow"></head><body><noscript>T
[01:24:56] Yahoo PL=F: HTTP Error 429: Too Many Requests
[01:24:57]   Stooq xptusd ответил без данных: <!DOCTYPE html><html><head><meta charset="utf-8"><meta name="robots" content="noindex,nofollow"></head><body><noscript>T
[01:24:58]   Stooq pl.f ответил без данных: <!DOCTYPE html><html><head><meta charset="utf-8"><meta name="robots" content="noindex,nofollow"></head><body><noscript>T
[01:25:00] Yahoo CL=F: HTTP Error 429: Too Many Requests
[01:25:01]   Stooq cl.f ответил без данных: <!DOCTYPE html><html><head><meta charset="utf-8"><meta name="robots" content="noindex,nofollow"></head><body><noscript>T
[01:25:02] Yahoo BZ=F: HTTP Error 429: Too Many Requests
[01:25:03]   Stooq cb.f ответил без данных: <!DOCTYPE html><html><head><meta charset="utf-8"><meta name="robots" content="noindex,nofollow"></head><body><noscript>T
[01:25:04] Дневные свечи (commodity): получено 0 из 5
[01:25:04] Yahoo ^GSPC: HTTP Error 429: Too Many Requests
[01:25:05]   Stooq ^spx ответил без данных: <!DOCTYPE html><html><head><meta charset="utf-8"><meta name="robots" content="noindex,nofollow"></head><body><noscript>T
[01:25:06] Yahoo ^NDX: HTTP Error 429: Too Many Requests
[01:25:07]   Stooq ^ndx ответил без данных: <!DOCTYPE html><html><head><meta charset="utf-8"><meta name="robots" content="noindex,nofollow"></head><body><noscript>T
[01:25:09] Yahoo DX-Y.NYB: HTTP Error 429: Too Many Requests
[01:25:10]   Stooq ^dxy ответил без данных: <!DOCTYPE html><html><head><meta charset="utf-8"><meta name="robots" content="noindex,nofollow"></head><body><noscript>T
[01:25:11] Yahoo RUB=X: HTTP Error 429: Too Many Requests
[01:25:12]   Stooq usdrub ответил без данных: <!DOCTYPE html><html><head><meta charset="utf-8"><meta name="robots" content="noindex,nofollow"></head><body><noscript>T
[01:25:13] Дневные свечи (index): получено 0 из 4
[01:25:14] ЦБ РФ: USD/RUB = 84.9309
[01:25:14] История: добавлено 76 строк, обновлено 0, всего ключей 25361
[01:25:14] Снапшот: 76 инструментов
[01:25:14] Догружаю историю, осталось времени 19 мин
[01:25:14]   история PALLx: 106 точек
[01:25:21]   история PPLTx: 180 точек
[01:25:29]   история AMDx: 260 точек
[01:25:36]   история COPXx: 0 точек
[01:25:43]   история IEMGx: 218 точек
[01:25:50]   лимит запросов, жду 20s
[01:26:10]   лимит запросов, жду 40s
[01:26:50]   история XLEx не забралась: HTTP Error 429: Too Many Requests
[01:26:57]   история URAx: 10 точек
[01:27:04]   история SLVx: 55 точек
[01:27:11]   история JNJx: 287 точек
[01:27:19]   история NVOx: 298 точек
[01:27:26]   история IWMx: 92 точек
[01:27:33]   история XOPx: 0 точек
[01:27:40]   лимит запросов, жду 20s
[01:28:00]   лимит запросов, жду 40s
[01:28:40]   история TBLLx не забралась: HTTP Error 429: Too Many Requests
[01:28:47]   пропущено (история уже есть): 57
[01:28:47] История: добавлено 0 строк, обновлено 1506, всего ключей 25361
[01:28:47] Снапшот: 76 инструментов
[16:53:32] Старт сбора (с историей за год), 2026-10-06 16:53 UTC, бюджет 22 мин
[16:53:33] Уборка истории: выкинуто 0 строк, осталось 25361
[16:53:33] Разрешаю 1 id через /coins/list
[16:53:33]   ADI -> adi-token
[16:53:47] CoinGecko: получено 42 из 42
[16:53:47] xStocks: нашлось токенов 36 из 38
[16:53:54]   лимит запросов, жду 20s
[16:54:14]   лимит запросов, жду 40s
[16:55:01] CoinGecko: получено 34 из 36
[16:55:02] Yahoo NVDA: HTTP Error 429: Too Many Requests
[16:55:03]   Stooq nvda.us ответил без данных: <!DOCTYPE html><html><head><meta charset="utf-8"><meta name="robots" content="noindex,nofollow"></head><body><noscript>T
[16:55:04] Yahoo AAPL: HTTP Error 429: Too Many Requests
[16:55:05]   Stooq aapl.us ответил без данных: <!DOCTYPE html><html><head><meta charset="utf-8"><meta name="robots" content="noindex,nofollow"></head><body><noscript>T
[16:55:06] Yahoo MSFT: HTTP Error 429: Too Many Requests
[16:55:07]   Stooq msft.us ответил без данных: <!DOCTYPE html><html><head><meta charset="utf-8"><meta name="robots" content="noindex,nofollow"></head><body><noscript>T
[16:55:09] Yahoo GOOGL: HTTP Error 429: Too Many Requests
[16:55:10]   Stooq googl.us ответил без данных: <!DOCTYPE html><html><head><meta charset="utf-8"><meta name="robots" content="noindex,nofollow"></head><body><noscript>T
[16:55:11] Yahoo AMZN: HTTP Error 429: Too Many Requests
[16:55:12]   Stooq amzn.us ответил без данных: <!DOCTYPE html><html><head><meta charset="utf-8"><meta name="robots" content="noindex,nofollow"></head><body><noscript>T
[16:55:13] Yahoo TSLA: HTTP Error 429: Too Many Requests
[16:55:14]   Stooq tsla.us ответил без данных: <!DOCTYPE html><html><head><meta charset="utf-8"><meta name="robots" content="noindex,nofollow"></head><body><noscript>T
[16:55:15] Yahoo AVGO: HTTP Error 429: Too Many Requests
[16:55:16]   Stooq avgo.us ответил без данных: <!DOCTYPE html><html><head><meta charset="utf-8"><meta name="robots" content="noindex,nofollow"></head><body><noscript>T
[16:55:18] Yahoo TSM: HTTP Error 429: Too Many Requests
[16:55:19]   Stooq tsm.us ответил без данных: <!DOCTYPE html><html><head><meta charset="utf-8"><meta name="robots" content="noindex,nofollow"></head><body><noscript>T
[16:55:20] Yahoo MU: HTTP Error 429: Too Many Requests
[16:55:21]   Stooq mu.us ответил без данных: <!DOCTYPE html><html><head><meta charset="utf-8"><meta name="robots" content="noindex,nofollow"></head><body><noscript>T
[16:55:23] Yahoo AMD: HTTP Error 429: Too Many Requests
[16:55:24]   Stooq amd.us ответил без данных: <!DOCTYPE html><html><head><meta charset="utf-8"><meta name="robots" content="noindex,nofollow"></head><body><noscript>T
[16:55:25] Yahoo MRVL: HTTP Error 429: Too Many Requests
[16:55:26]   Stooq mrvl.us ответил без данных: <!DOCTYPE html><html><head><meta charset="utf-8"><meta name="robots" content="noindex,nofollow"></head><body><noscript>T
[16:55:27] Yahoo INTC: HTTP Error 429: Too Many Requests
[16:55:28]   Stooq intc.us ответил без данных: <!DOCTYPE html><html><head><meta charset="utf-8"><meta name="robots" content="noindex,nofollow"></head><body><noscript>T
[16:55:30] Yahoo ORCL: HTTP Error 429: Too Many Requests
[16:55:31]   Stooq orcl.us ответил без данных: <!DOCTYPE html><html><head><meta charset="utf-8"><meta name="robots" content="noindex,nofollow"></head><body><noscript>T
[16:55:32] Yahoo PLTR: HTTP Error 429: Too Many Requests
[16:55:33]   Stooq pltr.us ответил без данных: <!DOCTYPE html><html><head><meta charset="utf-8"><meta name="robots" content="noindex,nofollow"></head><body><noscript>T
[16:55:34] Yahoo COIN: HTTP Error 429: Too Many Requests
[16:55:35]   Stooq coin.us ответил без данных: <!DOCTYPE html><html><head><meta charset="utf-8"><meta name="robots" content="noindex,nofollow"></head><body><noscript>T
[16:55:36] Yahoo HOOD: HTTP Error 429: Too Many Requests
[16:55:37]   Stooq hood.us ответил без данных: <!DOCTYPE html><html><head><meta charset="utf-8"><meta name="robots" content="noindex,nofollow"></head><body><noscript>T
[16:55:39] Yahoo MSTR: HTTP Error 429: Too Many Requests
[16:55:40]   Stooq mstr.us ответил без данных: <!DOCTYPE html><html><head><meta charset="utf-8"><meta name="robots" content="noindex,nofollow"></head><body><noscript>T
[16:55:41] Yahoo CRCL: HTTP Error 429: Too Many Requests
[16:55:42]   Stooq crcl.us ответил без данных: <!DOCTYPE html><html><head><meta charset="utf-8"><meta name="robots" content="noindex,nofollow"></head><body><noscript>T
[16:55:43] Yahoo NBIS: HTTP Error 429: Too Many Requests
[16:55:44]   Stooq nbis.us ответил без данных: <!DOCTYPE html><html><head><meta charset="utf-8"><meta name="robots" content="noindex,nofollow"></head><body><noscript>T
[16:55:46] Yahoo CRWV: HTTP Error 429: Too Many Requests
[16:55:46]   Stooq crwv.us ответил без данных: <!DOCTYPE html><html><head><meta charset="utf-8"><meta name="robots" content="noindex,nofollow"></head><body><noscript>T
[16:55:48] Yahoo LLY: HTTP Error 429: Too Many Requests
[16:55:49]   Stooq lly.us ответил без данных: <!DOCTYPE html><html><head><meta charset="utf-8"><meta name="robots" content="noindex,nofollow"></head><body><noscript>T
[16:55:50] Yahoo UNH: HTTP Error 429: Too Many Requests
[16:55:51]   Stooq unh.us ответил без данных: <!DOCTYPE html><html><head><meta charset="utf-8"><meta name="robots" content="noindex,nofollow"></head><body><noscript>T
[16:55:52] Yahoo NVO: HTTP Error 429: Too Many Requests
[16:55:53]   Stooq nvo.us ответил без данных: <!DOCTYPE html><html><head><meta charset="utf-8"><meta name="robots" content="noindex,nofollow"></head><body><noscript>T
[16:55:54] Yahoo XOM: HTTP Error 429: Too Many Requests
[16:55:55]   Stooq xom.us ответил без данных: <!DOCTYPE html><html><head><meta charset="utf-8"><meta name="robots" content="noindex,nofollow"></head><body><noscript>T
[16:55:57] Yahoo CVX: HTTP Error 429: Too Many Requests
[16:55:58]   Stooq cvx.us ответил без данных: <!DOCTYPE html><html><head><meta charset="utf-8"><meta name="robots" content="noindex,nofollow"></head><body><noscript>T
[16:55:59] Yahoo V: HTTP Error 429: Too Many Requests
[16:56:00]   Stooq v.us ответил без данных: <!DOCTYPE html><html><head><meta charset="utf-8"><meta name="robots" content="noindex,nofollow"></head><body><noscript>T
[16:56:01] Yahoo JNJ: HTTP Error 429: Too Many Requests
[16:56:02]   Stooq jnj.us ответил без данных: <!DOCTYPE html><html><head><meta charset="utf-8"><meta name="robots" content="noindex,nofollow"></head><body><noscript>T
[16:56:03] Yahoo PG: HTTP Error 429: Too Many Requests
[16:56:05]   Stooq pg.us ответил без данных: <!DOCTYPE html><html><head><meta charset="utf-8"><meta name="robots" content="noindex,nofollow"></head><body><noscript>T
[16:56:06] Yahoo NFLX: HTTP Error 429: Too Many Requests
[16:56:07]   Stooq nflx.us ответил без данных: <!DOCTYPE html><html><head><meta charset="utf-8"><meta name="robots" content="noindex,nofollow"></head><body><noscript>T
[16:56:08] Дневные свечи (equity): получено 0 из 29
[16:56:08] Yahoo SPY: HTTP Error 429: Too Many Requests
[16:56:09]   Stooq spy.us ответил без данных: <!DOCTYPE html><html><head><meta charset="utf-8"><meta name="robots" content="noindex,nofollow"></head><body><noscript>T
[16:56:10] Yahoo QQQ: HTTP Error 429: Too Many Requests
[16:56:11]   Stooq qqq.us ответил без данных: <!DOCTYPE html><html><head><meta charset="utf-8"><meta name="robots" content="noindex,nofollow"></head><body><noscript>T
[16:56:13] Yahoo VTI: HTTP Error 429: Too Many Requests
[16:56:14]   Stooq vti.us ответил без данных: <!DOCTYPE html><html><head><meta charset="utf-8"><meta name="robots" content="noindex,nofollow"></head><body><noscript>T
[16:56:15] Yahoo IWM: HTTP Error 429: Too Many Requests
[16:56:16]   Stooq iwm.us ответил без данных: <!DOCTYPE html><html><head><meta charset="utf-8"><meta name="robots" content="noindex,nofollow"></head><body><noscript>T
[16:56:17] Yahoo IEMG: HTTP Error 429: Too Many Requests
[16:56:18]   Stooq iemg.us ответил без данных: <!DOCTYPE html><html><head><meta charset="utf-8"><meta name="robots" content="noindex,nofollow"></head><body><noscript>T
[16:56:20] Yahoo SLV: HTTP Error 429: Too Many Requests
[16:56:21]   Stooq slv.us ответил без данных: <!DOCTYPE html><html><head><meta charset="utf-8"><meta name="robots" content="noindex,nofollow"></head><body><noscript>T
[16:56:22] Yahoo PPLT: HTTP Error 429: Too Many Requests
[16:56:23]   Stooq pplt.us ответил без данных: <!DOCTYPE html><html><head><meta charset="utf-8"><meta name="robots" content="noindex,nofollow"></head><body><noscript>T
[16:56:24] Yahoo PALL: HTTP Error 429: Too Many Requests
[16:56:25]   Stooq pall.us ответил без данных: <!DOCTYPE html><html><head><meta charset="utf-8"><meta name="robots" content="noindex,nofollow"></head><body><noscript>T
[16:56:27] Yahoo XLE: HTTP Error 429: Too Many Requests
[16:56:28]   Stooq xle.us ответил без данных: <!DOCTYPE html><html><head><meta charset="utf-8"><meta name="robots" content="noindex,nofollow"></head><body><noscript>T
[16:56:29] Yahoo XOP: HTTP Error 429: Too Many Requests
[16:56:30]   Stooq xop.us ответил без данных: <!DOCTYPE html><html><head><meta charset="utf-8"><meta name="robots" content="noindex,nofollow"></head><body><noscript>T
[16:56:32] Yahoo COPX: HTTP Error 429: Too Many Requests
[16:56:33]   Stooq copx.us ответил без данных: <!DOCTYPE html><html><head><meta charset="utf-8"><meta name="robots" content="noindex,nofollow"></head><body><noscript>T
[16:56:34] Yahoo URA: HTTP Error 429: Too Many Requests
[16:56:35]   Stooq ura.us ответил без данных: <!DOCTYPE html><html><head><meta charset="utf-8"><meta name="robots" content="noindex,nofollow"></head><body><noscript>T
[16:56:36] Yahoo TQQQ: HTTP Error 429: Too Many Requests
[16:56:37]   Stooq tqqq.us ответил без данных: <!DOCTYPE html><html><head><meta charset="utf-8"><meta name="robots" content="noindex,nofollow"></head><body><noscript>T
[16:56:38] Yahoo TBLL: HTTP Error 429: Too Many Requests
[16:56:39]   Stooq tbll.us ответил без данных: <!DOCTYPE html><html><head><meta charset="utf-8"><meta name="robots" content="noindex,nofollow"></head><body><noscript>T
[16:56:40] Дневные свечи (etf): получено 0 из 14
[16:56:41] Yahoo GC=F: HTTP Error 429: Too Many Requests
[16:56:42]   Stooq xauusd ответил без данных: <!DOCTYPE html><html><head><meta charset="utf-8"><meta name="robots" content="noindex,nofollow"></head><body><noscript>T
[16:56:43]   Stooq gc.f ответил без данных: <!DOCTYPE html><html><head><meta charset="utf-8"><meta name="robots" content="noindex,nofollow"></head><body><noscript>T
[16:56:44] Yahoo SI=F: HTTP Error 429: Too Many Requests
[16:56:45]   Stooq xagusd ответил без данных: <!DOCTYPE html><html><head><meta charset="utf-8"><meta name="robots" content="noindex,nofollow"></head><body><noscript>T
[16:56:47]   Stooq si.f ответил без данных: <!DOCTYPE html><html><head><meta charset="utf-8"><meta name="robots" content="noindex,nofollow"></head><body><noscript>T
[16:56:48] Yahoo PL=F: HTTP Error 429: Too Many Requests
[16:56:49]   Stooq xptusd ответил без данных: <!DOCTYPE html><html><head><meta charset="utf-8"><meta name="robots" content="noindex,nofollow"></head><body><noscript>T
[16:57:21]   повтор через 1s после ошибки: <urlopen error _ssl.c:993: The handshake operation timed out>
[16:58:22]   повтор через 2s после ошибки: <urlopen error timed out>
[16:59:24] Stooq pl.f: <urlopen error timed out>
[16:59:25] Yahoo CL=F: HTTP Error 429: Too Many Requests
[17:00:26]   повтор через 1s после ошибки: <urlopen error timed out>
[17:01:27]   повтор через 2s после ошибки: <urlopen error timed out>
[17:02:29] Stooq cl.f: <urlopen error timed out>
[17:02:31] Yahoo BZ=F: HTTP Error 429: Too Many Requests
[17:03:31]   повтор через 1s после ошибки: <urlopen error timed out>
[17:04:33]   повтор через 2s после ошибки: <urlopen error timed out>
[17:05:35] Stooq cb.f: <urlopen error timed out>
[17:05:36] Дневные свечи (commodity): получено 0 из 5
[17:05:36] Yahoo ^GSPC: HTTP Error 429: Too Many Requests
[17:06:37]   повтор через 1s после ошибки: <urlopen error timed out>
[17:07:38]   повтор через 2s после ошибки: <urlopen error timed out>
[17:08:41] Stooq ^spx: <urlopen error timed out>
[17:08:42] Yahoo ^NDX: HTTP Error 429: Too Many Requests
[17:09:43]   повтор через 1s после ошибки: <urlopen error timed out>
[17:10:44]   повтор через 2s после ошибки: <urlopen error timed out>
[17:11:46] Stooq ^ndx: <urlopen error timed out>
[17:11:48] Yahoo DX-Y.NYB: HTTP Error 429: Too Many Requests
[17:12:49]   повтор через 1s после ошибки: <urlopen error timed out>
[17:13:50]   повтор через 2s после ошибки: <urlopen error timed out>
[17:14:52] Stooq ^dxy: <urlopen error timed out>
[17:14:53]   время вышло, остаток класса index доберём следующим прогоном
[17:14:53] Дневные свечи (index): получено 0 из 4
[17:14:54] ЦБ РФ: USD/RUB = 85.7116
[17:14:54] История: добавлено 0 строк, обновлено 76, всего ключей 25361
[17:14:54] Снапшот: 76 инструментов
[17:14:54] На догрузку истории времени не осталось, доберём следующим прогоном
