[23:58:47] Старт сбора (с историей за год), 2026-10-06 23:58 UTC, бюджет 22 мин
[23:58:47] Уборка истории: выкинуто 0 строк, осталось 25361
[23:58:47] Разрешаю 1 id через /coins/list
[23:58:47]   ADI -> adi-token
[23:59:02] CoinGecko: получено 42 из 42
[23:59:02] xStocks: нашлось токенов 36 из 38
[23:59:16] CoinGecko: получено 34 из 36
[23:59:16] Yahoo NVDA: HTTP Error 429: Too Many Requests
[23:59:18]   Stooq nvda.us ответил без данных: <!DOCTYPE html><html><head><meta charset="utf-8"><meta name="robots" content="noindex,nofollow"></head><body><noscript>T
[23:59:19] Yahoo AAPL: HTTP Error 429: Too Many Requests
[23:59:20]   Stooq aapl.us ответил без данных: <!DOCTYPE html><html><head><meta charset="utf-8"><meta name="robots" content="noindex,nofollow"></head><body><noscript>T
[23:59:22] Yahoo MSFT: HTTP Error 429: Too Many Requests
[23:59:23]   Stooq msft.us ответил без данных: <!DOCTYPE html><html><head><meta charset="utf-8"><meta name="robots" content="noindex,nofollow"></head><body><noscript>T
[23:59:24] Yahoo GOOGL: HTTP Error 429: Too Many Requests
[23:59:25]   Stooq googl.us ответил без данных: <!DOCTYPE html><html><head><meta charset="utf-8"><meta name="robots" content="noindex,nofollow"></head><body><noscript>T
[23:59:27] Yahoo AMZN: HTTP Error 429: Too Many Requests
[23:59:28]   Stooq amzn.us ответил без данных: <!DOCTYPE html><html><head><meta charset="utf-8"><meta name="robots" content="noindex,nofollow"></head><body><noscript>T
[23:59:29] Yahoo TSLA: HTTP Error 429: Too Many Requests
[23:59:31]   Stooq tsla.us ответил без данных: <!DOCTYPE html><html><head><meta charset="utf-8"><meta name="robots" content="noindex,nofollow"></head><body><noscript>T
[23:59:32] Yahoo AVGO: HTTP Error 429: Too Many Requests
[23:59:33]   Stooq avgo.us ответил без данных: <!DOCTYPE html><html><head><meta charset="utf-8"><meta name="robots" content="noindex,nofollow"></head><body><noscript>T
[23:59:34] Yahoo TSM: HTTP Error 429: Too Many Requests
[23:59:36]   Stooq tsm.us ответил без данных: <!DOCTYPE html><html><head><meta charset="utf-8"><meta name="robots" content="noindex,nofollow"></head><body><noscript>T
[23:59:37] Yahoo MU: HTTP Error 429: Too Many Requests
[23:59:38]   Stooq mu.us ответил без данных: <!DOCTYPE html><html><head><meta charset="utf-8"><meta name="robots" content="noindex,nofollow"></head><body><noscript>T
[23:59:39] Yahoo AMD: HTTP Error 429: Too Many Requests
[23:59:40]   Stooq amd.us ответил без данных: <!DOCTYPE html><html><head><meta charset="utf-8"><meta name="robots" content="noindex,nofollow"></head><body><noscript>T
[23:59:42] Yahoo MRVL: HTTP Error 429: Too Many Requests
[23:59:43]   Stooq mrvl.us ответил без данных: <!DOCTYPE html><html><head><meta charset="utf-8"><meta name="robots" content="noindex,nofollow"></head><body><noscript>T
[23:59:44] Yahoo INTC: HTTP Error 429: Too Many Requests
[23:59:45]   Stooq intc.us ответил без данных: <!DOCTYPE html><html><head><meta charset="utf-8"><meta name="robots" content="noindex,nofollow"></head><body><noscript>T
[23:59:47] Yahoo ORCL: HTTP Error 429: Too Many Requests
[23:59:48]   Stooq orcl.us ответил без данных: <!DOCTYPE html><html><head><meta charset="utf-8"><meta name="robots" content="noindex,nofollow"></head><body><noscript>T
[23:59:49] Yahoo PLTR: HTTP Error 429: Too Many Requests
[23:59:51]   Stooq pltr.us ответил без данных: <!DOCTYPE html><html><head><meta charset="utf-8"><meta name="robots" content="noindex,nofollow"></head><body><noscript>T
[23:59:52] Yahoo COIN: HTTP Error 429: Too Many Requests
[23:59:53]   Stooq coin.us ответил без данных: <!DOCTYPE html><html><head><meta charset="utf-8"><meta name="robots" content="noindex,nofollow"></head><body><noscript>T
[23:59:55] Yahoo HOOD: HTTP Error 429: Too Many Requests
[23:59:56]   Stooq hood.us ответил без данных: <!DOCTYPE html><html><head><meta charset="utf-8"><meta name="robots" content="noindex,nofollow"></head><body><noscript>T
[23:59:57] Yahoo MSTR: HTTP Error 429: Too Many Requests
[23:59:58]   Stooq mstr.us ответил без данных: <!DOCTYPE html><html><head><meta charset="utf-8"><meta name="robots" content="noindex,nofollow"></head><body><noscript>T
[00:00:00] Yahoo CRCL: HTTP Error 429: Too Many Requests
[00:00:01]   Stooq crcl.us ответил без данных: <!DOCTYPE html><html><head><meta charset="utf-8"><meta name="robots" content="noindex,nofollow"></head><body><noscript>T
[00:00:02] Yahoo NBIS: HTTP Error 429: Too Many Requests
[00:00:04]   Stooq nbis.us ответил без данных: <!DOCTYPE html><html><head><meta charset="utf-8"><meta name="robots" content="noindex,nofollow"></head><body><noscript>T
[00:00:05] Yahoo CRWV: HTTP Error 429: Too Many Requests
[00:00:06]   Stooq crwv.us ответил без данных: <!DOCTYPE html><html><head><meta charset="utf-8"><meta name="robots" content="noindex,nofollow"></head><body><noscript>T
[00:00:07] Yahoo LLY: HTTP Error 429: Too Many Requests
[00:00:08]   Stooq lly.us ответил без данных: <!DOCTYPE html><html><head><meta charset="utf-8"><meta name="robots" content="noindex,nofollow"></head><body><noscript>T
[00:00:10] Yahoo UNH: HTTP Error 429: Too Many Requests
[00:00:11]   Stooq unh.us ответил без данных: <!DOCTYPE html><html><head><meta charset="utf-8"><meta name="robots" content="noindex,nofollow"></head><body><noscript>T
[00:00:12] Yahoo NVO: HTTP Error 429: Too Many Requests
[00:00:13]   Stooq nvo.us ответил без данных: <!DOCTYPE html><html><head><meta charset="utf-8"><meta name="robots" content="noindex,nofollow"></head><body><noscript>T
[00:00:15] Yahoo XOM: HTTP Error 429: Too Many Requests
[00:00:16]   Stooq xom.us ответил без данных: <!DOCTYPE html><html><head><meta charset="utf-8"><meta name="robots" content="noindex,nofollow"></head><body><noscript>T
[00:00:17] Yahoo CVX: HTTP Error 429: Too Many Requests
[00:00:18]   Stooq cvx.us ответил без данных: <!DOCTYPE html><html><head><meta charset="utf-8"><meta name="robots" content="noindex,nofollow"></head><body><noscript>T
[00:00:20] Yahoo V: HTTP Error 429: Too Many Requests
[00:00:21]   Stooq v.us ответил без данных: <!DOCTYPE html><html><head><meta charset="utf-8"><meta name="robots" content="noindex,nofollow"></head><body><noscript>T
[00:00:22] Yahoo JNJ: HTTP Error 429: Too Many Requests
[00:00:23]   Stooq jnj.us ответил без данных: <!DOCTYPE html><html><head><meta charset="utf-8"><meta name="robots" content="noindex,nofollow"></head><body><noscript>T
[00:00:24] Yahoo PG: HTTP Error 429: Too Many Requests
[00:00:26]   Stooq pg.us ответил без данных: <!DOCTYPE html><html><head><meta charset="utf-8"><meta name="robots" content="noindex,nofollow"></head><body><noscript>T
[00:00:27] Yahoo NFLX: HTTP Error 429: Too Many Requests
[00:00:28]   Stooq nflx.us ответил без данных: <!DOCTYPE html><html><head><meta charset="utf-8"><meta name="robots" content="noindex,nofollow"></head><body><noscript>T
[00:00:29] Дневные свечи (equity): получено 0 из 29
[00:00:29] Yahoo SPY: HTTP Error 429: Too Many Requests
[00:00:30]   Stooq spy.us ответил без данных: <!DOCTYPE html><html><head><meta charset="utf-8"><meta name="robots" content="noindex,nofollow"></head><body><noscript>T
[00:00:32] Yahoo QQQ: HTTP Error 429: Too Many Requests
[00:00:33]   Stooq qqq.us ответил без данных: <!DOCTYPE html><html><head><meta charset="utf-8"><meta name="robots" content="noindex,nofollow"></head><body><noscript>T
[00:00:34] Yahoo VTI: HTTP Error 429: Too Many Requests
[00:00:35]   Stooq vti.us ответил без данных: <!DOCTYPE html><html><head><meta charset="utf-8"><meta name="robots" content="noindex,nofollow"></head><body><noscript>T
[00:00:37] Yahoo IWM: HTTP Error 429: Too Many Requests
[00:00:38]   Stooq iwm.us ответил без данных: <!DOCTYPE html><html><head><meta charset="utf-8"><meta name="robots" content="noindex,nofollow"></head><body><noscript>T
[00:00:39] Yahoo IEMG: HTTP Error 429: Too Many Requests
[00:00:40]   Stooq iemg.us ответил без данных: <!DOCTYPE html><html><head><meta charset="utf-8"><meta name="robots" content="noindex,nofollow"></head><body><noscript>T
[00:00:41] Yahoo SLV: HTTP Error 429: Too Many Requests
[00:00:42]   Stooq slv.us ответил без данных: <!DOCTYPE html><html><head><meta charset="utf-8"><meta name="robots" content="noindex,nofollow"></head><body><noscript>T
[00:00:44] Yahoo PPLT: HTTP Error 429: Too Many Requests
[00:00:45]   Stooq pplt.us ответил без данных: <!DOCTYPE html><html><head><meta charset="utf-8"><meta name="robots" content="noindex,nofollow"></head><body><noscript>T
[00:00:46] Yahoo PALL: HTTP Error 429: Too Many Requests
[00:00:47]   Stooq pall.us ответил без данных: <!DOCTYPE html><html><head><meta charset="utf-8"><meta name="robots" content="noindex,nofollow"></head><body><noscript>T
[00:00:49] Yahoo XLE: HTTP Error 429: Too Many Requests
[00:00:50]   Stooq xle.us ответил без данных: <!DOCTYPE html><html><head><meta charset="utf-8"><meta name="robots" content="noindex,nofollow"></head><body><noscript>T
[00:00:51] Yahoo XOP: HTTP Error 429: Too Many Requests
[00:00:52]   Stooq xop.us ответил без данных: <!DOCTYPE html><html><head><meta charset="utf-8"><meta name="robots" content="noindex,nofollow"></head><body><noscript>T
[00:00:54] Yahoo COPX: HTTP Error 429: Too Many Requests
[00:00:55]   Stooq copx.us ответил без данных: <!DOCTYPE html><html><head><meta charset="utf-8"><meta name="robots" content="noindex,nofollow"></head><body><noscript>T
[00:00:56] Yahoo URA: HTTP Error 429: Too Many Requests
[00:00:57]   Stooq ura.us ответил без данных: <!DOCTYPE html><html><head><meta charset="utf-8"><meta name="robots" content="noindex,nofollow"></head><body><noscript>T
[00:00:59] Yahoo TQQQ: HTTP Error 429: Too Many Requests
[00:01:00]   Stooq tqqq.us ответил без данных: <!DOCTYPE html><html><head><meta charset="utf-8"><meta name="robots" content="noindex,nofollow"></head><body><noscript>T
[00:01:01] Yahoo TBLL: HTTP Error 429: Too Many Requests
[00:01:02]   Stooq tbll.us ответил без данных: <!DOCTYPE html><html><head><meta charset="utf-8"><meta name="robots" content="noindex,nofollow"></head><body><noscript>T
[00:01:03] Дневные свечи (etf): получено 0 из 14
[00:01:03] Yahoo GC=F: HTTP Error 429: Too Many Requests
[00:01:05]   Stooq xauusd ответил без данных: <!DOCTYPE html><html><head><meta charset="utf-8"><meta name="robots" content="noindex,nofollow"></head><body><noscript>T
[00:01:06]   Stooq gc.f ответил без данных: <!DOCTYPE html><html><head><meta charset="utf-8"><meta name="robots" content="noindex,nofollow"></head><body><noscript>T
[00:01:07] Yahoo SI=F: HTTP Error 429: Too Many Requests
[00:01:09]   Stooq xagusd ответил без данных: <!DOCTYPE html><html><head><meta charset="utf-8"><meta name="robots" content="noindex,nofollow"></head><body><noscript>T
[00:01:10]   Stooq si.f ответил без данных: <!DOCTYPE html><html><head><meta charset="utf-8"><meta name="robots" content="noindex,nofollow"></head><body><noscript>T
[00:01:12] Yahoo PL=F: HTTP Error 429: Too Many Requests
[00:01:13]   Stooq xptusd ответил без данных: <!DOCTYPE html><html><head><meta charset="utf-8"><meta name="robots" content="noindex,nofollow"></head><body><noscript>T
[00:01:14]   Stooq pl.f ответил без данных: <!DOCTYPE html><html><head><meta charset="utf-8"><meta name="robots" content="noindex,nofollow"></head><body><noscript>T
[00:01:16] Yahoo CL=F: HTTP Error 429: Too Many Requests
[00:01:17]   Stooq cl.f ответил без данных: <!DOCTYPE html><html><head><meta charset="utf-8"><meta name="robots" content="noindex,nofollow"></head><body><noscript>T
[00:01:18] Yahoo BZ=F: HTTP Error 429: Too Many Requests
[00:01:19]   Stooq cb.f ответил без данных: <!DOCTYPE html><html><head><meta charset="utf-8"><meta name="robots" content="noindex,nofollow"></head><body><noscript>T
[00:01:20] Дневные свечи (commodity): получено 0 из 5
[00:01:21] Yahoo ^GSPC: HTTP Error 429: Too Many Requests
[00:01:22]   Stooq ^spx ответил без данных: <!DOCTYPE html><html><head><meta charset="utf-8"><meta name="robots" content="noindex,nofollow"></head><body><noscript>T
[00:01:23] Yahoo ^NDX: HTTP Error 429: Too Many Requests
[00:01:24]   Stooq ^ndx ответил без данных: <!DOCTYPE html><html><head><meta charset="utf-8"><meta name="robots" content="noindex,nofollow"></head><body><noscript>T
[00:01:25] Yahoo DX-Y.NYB: HTTP Error 429: Too Many Requests
[00:01:27]   Stooq ^dxy ответил без данных: <!DOCTYPE html><html><head><meta charset="utf-8"><meta name="robots" content="noindex,nofollow"></head><body><noscript>T
[00:01:28] Yahoo RUB=X: HTTP Error 429: Too Many Requests
[00:01:29]   Stooq usdrub ответил без данных: <!DOCTYPE html><html><head><meta charset="utf-8"><meta name="robots" content="noindex,nofollow"></head><body><noscript>T
[00:01:30] Дневные свечи (index): получено 0 из 4
[00:01:31] ЦБ РФ: USD/RUB = 85.7116
[00:01:31] История: добавлено 0 строк, обновлено 76, всего ключей 25361
[00:01:31] Снапшот: 76 инструментов
[00:01:31] Догружаю историю, осталось времени 19 мин
[00:01:31]   история PALLx: 106 точек
[00:01:38]   история PPLTx: 180 точек
[00:01:46]   история AMDx: 260 точек
[00:01:53]   история COPXx: 0 точек
[00:02:00]   история IEMGx: 218 точек
[00:02:07]   история XLEx: 118 точек
[00:02:14]   лимит запросов, жду 20s
[00:02:35]   лимит запросов, жду 40s
[00:03:15]   история URAx: 10 точек
[00:03:22]   история SLVx: 55 точек
[00:03:29]   история JNJx: 287 точек
[00:03:36]   история NVOx: 298 точек
[00:03:43]   история IWMx: 91 точек
[00:03:51]   лимит запросов, жду 20s
[00:04:11]   лимит запросов, жду 40s
[00:04:51]   история XOPx: 0 точек
[00:04:58]   история TBLLx: 184 точек
[00:05:05]   пропущено (история уже есть): 57
[00:05:05] История: добавлено 7 строк, обновлено 1800, всего ключей 25368
[00:05:05] Снапшот: 76 инструментов
[17:30:15] Старт сбора (с историей за год), 2026-10-07 17:30 UTC, бюджет 22 мин
[17:30:15] Уборка истории: выкинуто 0 строк, осталось 25368
[17:30:15] Разрешаю 1 id через /coins/list
[17:30:15]   ADI -> adi-token
[17:30:30] CoinGecko: получено 42 из 42
[17:30:30] xStocks: нашлось токенов 36 из 38
[17:30:37]   лимит запросов, жду 20s
[17:30:58]   лимит запросов, жду 40s
[17:31:45] CoinGecko: получено 34 из 36
[17:31:45] Yahoo NVDA: HTTP Error 429: Too Many Requests
[17:31:46]   Stooq nvda.us ответил без данных: <!DOCTYPE html><html><head><meta charset="utf-8"><meta name="robots" content="noindex,nofollow"></head><body><noscript>T
[17:31:48] Yahoo AAPL: HTTP Error 429: Too Many Requests
[17:31:49]   Stooq aapl.us ответил без данных: <!DOCTYPE html><html><head><meta charset="utf-8"><meta name="robots" content="noindex,nofollow"></head><body><noscript>T
[17:31:50] Yahoo MSFT: HTTP Error 429: Too Many Requests
[17:31:51]   Stooq msft.us ответил без данных: <!DOCTYPE html><html><head><meta charset="utf-8"><meta name="robots" content="noindex,nofollow"></head><body><noscript>T
[17:31:53] Yahoo GOOGL: HTTP Error 429: Too Many Requests
[17:31:54]   Stooq googl.us ответил без данных: <!DOCTYPE html><html><head><meta charset="utf-8"><meta name="robots" content="noindex,nofollow"></head><body><noscript>T
[17:31:55] Yahoo AMZN: HTTP Error 429: Too Many Requests
[17:31:56]   Stooq amzn.us ответил без данных: <!DOCTYPE html><html><head><meta charset="utf-8"><meta name="robots" content="noindex,nofollow"></head><body><noscript>T
[17:31:57] Yahoo TSLA: HTTP Error 429: Too Many Requests
[17:31:59]   Stooq tsla.us ответил без данных: <!DOCTYPE html><html><head><meta charset="utf-8"><meta name="robots" content="noindex,nofollow"></head><body><noscript>T
[17:32:00] Yahoo AVGO: HTTP Error 429: Too Many Requests
[17:32:01]   Stooq avgo.us ответил без данных: <!DOCTYPE html><html><head><meta charset="utf-8"><meta name="robots" content="noindex,nofollow"></head><body><noscript>T
[17:32:03] Yahoo TSM: HTTP Error 429: Too Many Requests
[17:32:04]   Stooq tsm.us ответил без данных: <!DOCTYPE html><html><head><meta charset="utf-8"><meta name="robots" content="noindex,nofollow"></head><body><noscript>T
[17:32:05] Yahoo MU: HTTP Error 429: Too Many Requests
[17:32:06]   Stooq mu.us ответил без данных: <!DOCTYPE html><html><head><meta charset="utf-8"><meta name="robots" content="noindex,nofollow"></head><body><noscript>T
[17:32:07] Yahoo AMD: HTTP Error 429: Too Many Requests
[17:32:08]   Stooq amd.us ответил без данных: <!DOCTYPE html><html><head><meta charset="utf-8"><meta name="robots" content="noindex,nofollow"></head><body><noscript>T
[17:32:10] Yahoo MRVL: HTTP Error 429: Too Many Requests
[17:32:11]   Stooq mrvl.us ответил без данных: <!DOCTYPE html><html><head><meta charset="utf-8"><meta name="robots" content="noindex,nofollow"></head><body><noscript>T
[17:32:12] Yahoo INTC: HTTP Error 429: Too Many Requests
[17:32:13]   Stooq intc.us ответил без данных: <!DOCTYPE html><html><head><meta charset="utf-8"><meta name="robots" content="noindex,nofollow"></head><body><noscript>T
[17:32:15] Yahoo ORCL: HTTP Error 429: Too Many Requests
[17:32:16]   Stooq orcl.us ответил без данных: <!DOCTYPE html><html><head><meta charset="utf-8"><meta name="robots" content="noindex,nofollow"></head><body><noscript>T
[17:32:17] Yahoo PLTR: HTTP Error 429: Too Many Requests
[17:32:18]   Stooq pltr.us ответил без данных: <!DOCTYPE html><html><head><meta charset="utf-8"><meta name="robots" content="noindex,nofollow"></head><body><noscript>T
[17:32:20] Yahoo COIN: HTTP Error 429: Too Many Requests
[17:32:21]   Stooq coin.us ответил без данных: <!DOCTYPE html><html><head><meta charset="utf-8"><meta name="robots" content="noindex,nofollow"></head><body><noscript>T
[17:32:22] Yahoo HOOD: HTTP Error 429: Too Many Requests
[17:32:23]   Stooq hood.us ответил без данных: <!DOCTYPE html><html><head><meta charset="utf-8"><meta name="robots" content="noindex,nofollow"></head><body><noscript>T
[17:32:25] Yahoo MSTR: HTTP Error 429: Too Many Requests
[17:32:26]   Stooq mstr.us ответил без данных: <!DOCTYPE html><html><head><meta charset="utf-8"><meta name="robots" content="noindex,nofollow"></head><body><noscript>T
[17:32:27] Yahoo CRCL: HTTP Error 429: Too Many Requests
[17:32:28]   Stooq crcl.us ответил без данных: <!DOCTYPE html><html><head><meta charset="utf-8"><meta name="robots" content="noindex,nofollow"></head><body><noscript>T
[17:32:30] Yahoo NBIS: HTTP Error 429: Too Many Requests
[17:32:31]   Stooq nbis.us ответил без данных: <!DOCTYPE html><html><head><meta charset="utf-8"><meta name="robots" content="noindex,nofollow"></head><body><noscript>T
[17:32:32] Yahoo CRWV: HTTP Error 429: Too Many Requests
[17:32:33]   Stooq crwv.us ответил без данных: <!DOCTYPE html><html><head><meta charset="utf-8"><meta name="robots" content="noindex,nofollow"></head><body><noscript>T
[17:32:35] Yahoo LLY: HTTP Error 429: Too Many Requests
[17:32:36]   Stooq lly.us ответил без данных: <!DOCTYPE html><html><head><meta charset="utf-8"><meta name="robots" content="noindex,nofollow"></head><body><noscript>T
[17:32:37] Yahoo UNH: HTTP Error 429: Too Many Requests
[17:32:38]   Stooq unh.us ответил без данных: <!DOCTYPE html><html><head><meta charset="utf-8"><meta name="robots" content="noindex,nofollow"></head><body><noscript>T
[17:32:39] Yahoo NVO: HTTP Error 429: Too Many Requests
[17:32:41]   Stooq nvo.us ответил без данных: <!DOCTYPE html><html><head><meta charset="utf-8"><meta name="robots" content="noindex,nofollow"></head><body><noscript>T
[17:32:42] Yahoo XOM: HTTP Error 429: Too Many Requests
[17:32:43]   Stooq xom.us ответил без данных: <!DOCTYPE html><html><head><meta charset="utf-8"><meta name="robots" content="noindex,nofollow"></head><body><noscript>T
[17:32:44] Yahoo CVX: HTTP Error 429: Too Many Requests
[17:32:46]   Stooq cvx.us ответил без данных: <!DOCTYPE html><html><head><meta charset="utf-8"><meta name="robots" content="noindex,nofollow"></head><body><noscript>T
[17:32:47] Yahoo V: HTTP Error 429: Too Many Requests
[17:32:48]   Stooq v.us ответил без данных: <!DOCTYPE html><html><head><meta charset="utf-8"><meta name="robots" content="noindex,nofollow"></head><body><noscript>T
[17:32:50] Yahoo JNJ: HTTP Error 429: Too Many Requests
[17:32:51]   Stooq jnj.us ответил без данных: <!DOCTYPE html><html><head><meta charset="utf-8"><meta name="robots" content="noindex,nofollow"></head><body><noscript>T
[17:32:52] Yahoo PG: HTTP Error 429: Too Many Requests
[17:32:53]   Stooq pg.us ответил без данных: <!DOCTYPE html><html><head><meta charset="utf-8"><meta name="robots" content="noindex,nofollow"></head><body><noscript>T
[17:32:54] Yahoo NFLX: HTTP Error 429: Too Many Requests
[17:32:55]   Stooq nflx.us ответил без данных: <!DOCTYPE html><html><head><meta charset="utf-8"><meta name="robots" content="noindex,nofollow"></head><body><noscript>T
[17:32:57] Дневные свечи (equity): получено 0 из 29
[17:32:57] Yahoo SPY: HTTP Error 429: Too Many Requests
[17:32:58]   Stooq spy.us ответил без данных: <!DOCTYPE html><html><head><meta charset="utf-8"><meta name="robots" content="noindex,nofollow"></head><body><noscript>T
[17:32:59] Yahoo QQQ: HTTP Error 429: Too Many Requests
[17:33:00]   Stooq qqq.us ответил без данных: <!DOCTYPE html><html><head><meta charset="utf-8"><meta name="robots" content="noindex,nofollow"></head><body><noscript>T
[17:33:02] Yahoo VTI: HTTP Error 429: Too Many Requests
[17:33:03]   Stooq vti.us ответил без данных: <!DOCTYPE html><html><head><meta charset="utf-8"><meta name="robots" content="noindex,nofollow"></head><body><noscript>T
[17:33:04] Yahoo IWM: HTTP Error 429: Too Many Requests
[17:33:05]   Stooq iwm.us ответил без данных: <!DOCTYPE html><html><head><meta charset="utf-8"><meta name="robots" content="noindex,nofollow"></head><body><noscript>T
[17:33:06] Yahoo IEMG: HTTP Error 429: Too Many Requests
[17:33:07]   Stooq iemg.us ответил без данных: <!DOCTYPE html><html><head><meta charset="utf-8"><meta name="robots" content="noindex,nofollow"></head><body><noscript>T
[17:33:09] Yahoo SLV: HTTP Error 429: Too Many Requests
[17:33:10]   Stooq slv.us ответил без данных: <!DOCTYPE html><html><head><meta charset="utf-8"><meta name="robots" content="noindex,nofollow"></head><body><noscript>T
[17:33:11] Yahoo PPLT: HTTP Error 429: Too Many Requests
[17:33:12]   Stooq pplt.us ответил без данных: <!DOCTYPE html><html><head><meta charset="utf-8"><meta name="robots" content="noindex,nofollow"></head><body><noscript>T
[17:33:14] Yahoo PALL: HTTP Error 429: Too Many Requests
[17:33:15]   Stooq pall.us ответил без данных: <!DOCTYPE html><html><head><meta charset="utf-8"><meta name="robots" content="noindex,nofollow"></head><body><noscript>T
[17:33:16] Yahoo XLE: HTTP Error 429: Too Many Requests
[17:33:17]   Stooq xle.us ответил без данных: <!DOCTYPE html><html><head><meta charset="utf-8"><meta name="robots" content="noindex,nofollow"></head><body><noscript>T
[17:33:18] Yahoo XOP: HTTP Error 429: Too Many Requests
[17:33:20]   Stooq xop.us ответил без данных: <!DOCTYPE html><html><head><meta charset="utf-8"><meta name="robots" content="noindex,nofollow"></head><body><noscript>T
[17:33:21] Yahoo COPX: HTTP Error 429: Too Many Requests
[17:33:22]   Stooq copx.us ответил без данных: <!DOCTYPE html><html><head><meta charset="utf-8"><meta name="robots" content="noindex,nofollow"></head><body><noscript>T
[17:33:24] Yahoo URA: HTTP Error 429: Too Many Requests
[17:33:25]   Stooq ura.us ответил без данных: <!DOCTYPE html><html><head><meta charset="utf-8"><meta name="robots" content="noindex,nofollow"></head><body><noscript>T
[17:33:26] Yahoo TQQQ: HTTP Error 429: Too Many Requests
[17:33:27]   Stooq tqqq.us ответил без данных: <!DOCTYPE html><html><head><meta charset="utf-8"><meta name="robots" content="noindex,nofollow"></head><body><noscript>T
[17:33:28] Yahoo TBLL: HTTP Error 429: Too Many Requests
[17:33:29]   Stooq tbll.us ответил без данных: <!DOCTYPE html><html><head><meta charset="utf-8"><meta name="robots" content="noindex,nofollow"></head><body><noscript>T
[17:33:31] Дневные свечи (etf): получено 0 из 14
[17:33:31] Yahoo GC=F: HTTP Error 429: Too Many Requests
[17:33:32]   Stooq xauusd ответил без данных: <!DOCTYPE html><html><head><meta charset="utf-8"><meta name="robots" content="noindex,nofollow"></head><body><noscript>T
[17:33:33]   Stooq gc.f ответил без данных: <!DOCTYPE html><html><head><meta charset="utf-8"><meta name="robots" content="noindex,nofollow"></head><body><noscript>T
[17:33:35] Yahoo SI=F: HTTP Error 429: Too Many Requests
[17:33:36]   Stooq xagusd ответил без данных: <!DOCTYPE html><html><head><meta charset="utf-8"><meta name="robots" content="noindex,nofollow"></head><body><noscript>T
[17:33:38]   Stooq si.f ответил без данных: <!DOCTYPE html><html><head><meta charset="utf-8"><meta name="robots" content="noindex,nofollow"></head><body><noscript>T
[17:33:39] Yahoo PL=F: HTTP Error 429: Too Many Requests
[17:33:40]   Stooq xptusd ответил без данных: <!DOCTYPE html><html><head><meta charset="utf-8"><meta name="robots" content="noindex,nofollow"></head><body><noscript>T
[17:33:42]   Stooq pl.f ответил без данных: <!DOCTYPE html><html><head><meta charset="utf-8"><meta name="robots" content="noindex,nofollow"></head><body><noscript>T
[17:33:43] Yahoo CL=F: HTTP Error 429: Too Many Requests
[17:33:44]   Stooq cl.f ответил без данных: <!DOCTYPE html><html><head><meta charset="utf-8"><meta name="robots" content="noindex,nofollow"></head><body><noscript>T
[17:33:45] Yahoo BZ=F: HTTP Error 429: Too Many Requests
[17:33:46]   Stooq cb.f ответил без данных: <!DOCTYPE html><html><head><meta charset="utf-8"><meta name="robots" content="noindex,nofollow"></head><body><noscript>T
[17:33:48] Дневные свечи (commodity): получено 0 из 5
[17:33:48] Yahoo ^GSPC: HTTP Error 429: Too Many Requests
[17:33:49]   Stooq ^spx ответил без данных: <!DOCTYPE html><html><head><meta charset="utf-8"><meta name="robots" content="noindex,nofollow"></head><body><noscript>T
[17:33:50] Yahoo ^NDX: HTTP Error 429: Too Many Requests
[17:33:51]   Stooq ^ndx ответил без данных: <!DOCTYPE html><html><head><meta charset="utf-8"><meta name="robots" content="noindex,nofollow"></head><body><noscript>T
[17:33:53] Yahoo DX-Y.NYB: HTTP Error 429: Too Many Requests
[17:33:54]   Stooq ^dxy ответил без данных: <!DOCTYPE html><html><head><meta charset="utf-8"><meta name="robots" content="noindex,nofollow"></head><body><noscript>T
[17:33:55] Yahoo RUB=X: HTTP Error 429: Too Many Requests
[17:33:56]   Stooq usdrub ответил без данных: <!DOCTYPE html><html><head><meta charset="utf-8"><meta name="robots" content="noindex,nofollow"></head><body><noscript>T
[17:33:57] Дневные свечи (index): получено 0 из 4
[17:33:58] ЦБ РФ: USD/RUB = 85.4811
[17:33:58] История: добавлено 69 строк, обновлено 7, всего ключей 25437
[17:33:58] Снапшот: 76 инструментов
[17:33:58] Догружаю историю, осталось времени 18 мин
[17:33:58]   история PALLx: 107 точек
[17:34:05]   история PPLTx: 181 точек
[17:34:13]   история AMDx: 261 точек
[17:34:20]   история COPXx: 0 точек
[17:34:27]   история IEMGx: 219 точек
[17:34:34]   история XLEx: 120 точек
[17:34:41]   лимит запросов, жду 20s
[17:35:02]   лимит запросов, жду 40s
[17:35:42]   история URAx: 11 точек
[17:35:49]   история SLVx: 56 точек
[17:35:56]   история JNJx: 288 точек
[17:36:03]   история NVOx: 299 точек
[17:36:11]   история IWMx: 92 точек
[17:36:18]   история XOPx: 0 точек
[17:36:25]   история TBLLx: 186 точек
[17:36:32]   пропущено (история уже есть): 57
[17:36:32] История: добавлено 0 строк, обновлено 1820, всего ключей 25437
[17:36:32] Снапшот: 76 инструментов
